Archive member included to satisfy reference by file (symbol)

d:/tools/gcc-arm-none-eabi-10.3-2021.10-win32/gcc-arm-none-eabi-10.3-2021.10/bin/../lib/gcc/arm-none-eabi/10.3.1/thumb/v7e-m/nofp\libgcc.a(_arm_mulsf3.o)
                              CMakeFiles/SawamuraEririAndSky.elf.dir/Core/Src/lcd.c.obj (__aeabi_fmul)
d:/tools/gcc-arm-none-eabi-10.3-2021.10-win32/gcc-arm-none-eabi-10.3-2021.10/bin/../lib/gcc/arm-none-eabi/10.3.1/thumb/v7e-m/nofp\libgcc.a(_arm_addsubsf3.o)
                              CMakeFiles/SawamuraEririAndSky.elf.dir/Core/Src/main.c.obj (__aeabi_i2f)
d:/tools/gcc-arm-none-eabi-10.3-2021.10-win32/gcc-arm-none-eabi-10.3-2021.10/bin/../lib/gcc/arm-none-eabi/10.3.1/thumb/v7e-m/nofp\libgcc.a(_arm_fixunssfsi.o)
                              CMakeFiles/SawamuraEririAndSky.elf.dir/Core/Src/lcd.c.obj (__aeabi_f2uiz)
d:/tools/gcc-arm-none-eabi-10.3-2021.10-win32/gcc-arm-none-eabi-10.3-2021.10/bin/../lib/gcc/arm-none-eabi/10.3.1/thumb/v7e-m/nofp\libgcc.a(_aeabi_uldivmod.o)
                              CMakeFiles/SawamuraEririAndSky.elf.dir/Drivers/STM32F4xx_HAL_Driver/Src/stm32f4xx_hal_rcc.c.obj (__aeabi_uldivmod)
d:/tools/gcc-arm-none-eabi-10.3-2021.10-win32/gcc-arm-none-eabi-10.3-2021.10/bin/../lib/gcc/arm-none-eabi/10.3.1/thumb/v7e-m/nofp\libgcc.a(_udivmoddi4.o)
                              d:/tools/gcc-arm-none-eabi-10.3-2021.10-win32/gcc-arm-none-eabi-10.3-2021.10/bin/../lib/gcc/arm-none-eabi/10.3.1/thumb/v7e-m/nofp\libgcc.a(_aeabi_uldivmod.o) (__udivmoddi4)
d:/tools/gcc-arm-none-eabi-10.3-2021.10-win32/gcc-arm-none-eabi-10.3-2021.10/bin/../lib/gcc/arm-none-eabi/10.3.1/thumb/v7e-m/nofp\libgcc.a(_dvmd_tls.o)
                              d:/tools/gcc-arm-none-eabi-10.3-2021.10-win32/gcc-arm-none-eabi-10.3-2021.10/bin/../lib/gcc/arm-none-eabi/10.3.1/thumb/v7e-m/nofp\libgcc.a(_aeabi_uldivmod.o) (__aeabi_ldiv0)
d:/tools/gcc-arm-none-eabi-10.3-2021.10-win32/gcc-arm-none-eabi-10.3-2021.10/bin/../lib/gcc/arm-none-eabi/10.3.1/../../../../arm-none-eabi/lib/thumb/v7e-m/nofp\libg.a(lib_a-errno.o)
                              CMakeFiles/SawamuraEririAndSky.elf.dir/Core/Src/syscalls.c.obj (__errno)
d:/tools/gcc-arm-none-eabi-10.3-2021.10-win32/gcc-arm-none-eabi-10.3-2021.10/bin/../lib/gcc/arm-none-eabi/10.3.1/../../../../arm-none-eabi/lib/thumb/v7e-m/nofp\libg.a(lib_a-exit.o)
                              d:/tools/gcc-arm-none-eabi-10.3-2021.10-win32/gcc-arm-none-eabi-10.3-2021.10/bin/../lib/gcc/arm-none-eabi/10.3.1/../../../../arm-none-eabi/lib/thumb/v7e-m/nofp/crt0.o (exit)
d:/tools/gcc-arm-none-eabi-10.3-2021.10-win32/gcc-arm-none-eabi-10.3-2021.10/bin/../lib/gcc/arm-none-eabi/10.3.1/../../../../arm-none-eabi/lib/thumb/v7e-m/nofp\libg.a(lib_a-impure.o)
                              d:/tools/gcc-arm-none-eabi-10.3-2021.10-win32/gcc-arm-none-eabi-10.3-2021.10/bin/../lib/gcc/arm-none-eabi/10.3.1/../../../../arm-none-eabi/lib/thumb/v7e-m/nofp\libg.a(lib_a-exit.o) (_global_impure_ptr)
d:/tools/gcc-arm-none-eabi-10.3-2021.10-win32/gcc-arm-none-eabi-10.3-2021.10/bin/../lib/gcc/arm-none-eabi/10.3.1/../../../../arm-none-eabi/lib/thumb/v7e-m/nofp\libg.a(lib_a-init.o)
                              d:/tools/gcc-arm-none-eabi-10.3-2021.10-win32/gcc-arm-none-eabi-10.3-2021.10/bin/../lib/gcc/arm-none-eabi/10.3.1/../../../../arm-none-eabi/lib/thumb/v7e-m/nofp/crt0.o (__libc_init_array)
d:/tools/gcc-arm-none-eabi-10.3-2021.10-win32/gcc-arm-none-eabi-10.3-2021.10/bin/../lib/gcc/arm-none-eabi/10.3.1/../../../../arm-none-eabi/lib/thumb/v7e-m/nofp\libg.a(lib_a-memset.o)
                              d:/tools/gcc-arm-none-eabi-10.3-2021.10-win32/gcc-arm-none-eabi-10.3-2021.10/bin/../lib/gcc/arm-none-eabi/10.3.1/../../../../arm-none-eabi/lib/thumb/v7e-m/nofp/crt0.o (memset)
d:/tools/gcc-arm-none-eabi-10.3-2021.10-win32/gcc-arm-none-eabi-10.3-2021.10/bin/../lib/gcc/arm-none-eabi/10.3.1/../../../../arm-none-eabi/lib/thumb/v7e-m/nofp\libg.a(lib_a-__call_atexit.o)
                              d:/tools/gcc-arm-none-eabi-10.3-2021.10-win32/gcc-arm-none-eabi-10.3-2021.10/bin/../lib/gcc/arm-none-eabi/10.3.1/../../../../arm-none-eabi/lib/thumb/v7e-m/nofp\libg.a(lib_a-exit.o) (__call_exitprocs)
d:/tools/gcc-arm-none-eabi-10.3-2021.10-win32/gcc-arm-none-eabi-10.3-2021.10/bin/../lib/gcc/arm-none-eabi/10.3.1/../../../../arm-none-eabi/lib/thumb/v7e-m/nofp\libg.a(lib_a-atexit.o)
                              d:/tools/gcc-arm-none-eabi-10.3-2021.10-win32/gcc-arm-none-eabi-10.3-2021.10/bin/../lib/gcc/arm-none-eabi/10.3.1/../../../../arm-none-eabi/lib/thumb/v7e-m/nofp\libg.a(lib_a-__call_atexit.o) (atexit)
d:/tools/gcc-arm-none-eabi-10.3-2021.10-win32/gcc-arm-none-eabi-10.3-2021.10/bin/../lib/gcc/arm-none-eabi/10.3.1/../../../../arm-none-eabi/lib/thumb/v7e-m/nofp\libg.a(lib_a-fini.o)
                              d:/tools/gcc-arm-none-eabi-10.3-2021.10-win32/gcc-arm-none-eabi-10.3-2021.10/bin/../lib/gcc/arm-none-eabi/10.3.1/../../../../arm-none-eabi/lib/thumb/v7e-m/nofp\libg.a(lib_a-__call_atexit.o) (__libc_fini_array)
[...]
Memory Configuration

Name             Origin             Length             Attributes
CCMRAM           0x10000000         0x00010000         xrw
RAM              0x20000000         0x00030000         xrw
FLASH            0x08000000         0x00100000         xr
*default*        0x00000000         0xffffffff

Linker script and memory map

LOAD d:/tools/gcc-arm-none-eabi-10.3-2021.10-win32/gcc-arm-none-eabi-10.3-2021.10/bin/../lib/gcc/arm-none-eabi/10.3.1/thumb/v7e-m/nofp/crti.o
LOAD d:/tools/gcc-arm-none-eabi-10.3-2021.10-win32/gcc-arm-none-eabi-10.3-2021.10/bin/../lib/gcc/arm-none-eabi/10.3.1/thumb/v7e-m/nofp/crtbegin.o
LOAD d:/tools/gcc-arm-none-eabi-10.3-2021.10-win32/gcc-arm-none-eabi-10.3-2021.10/bin/../lib/gcc/arm-none-eabi/10.3.1/../../../../arm-none-eabi/lib/thumb/v7e-m/nofp/crt0.o
LOAD CMakeFiles/SawamuraEririAndSky.elf.dir/Core/Src/delay.c.obj
LOAD CMakeFiles/SawamuraEririAndSky.elf.dir/Core/Src/gpio.c.obj
LOAD CMakeFiles/SawamuraEririAndSky.elf.dir/Core/Src/lcd.c.obj
LOAD CMakeFiles/SawamuraEririAndSky.elf.dir/Core/Src/lcd_init.c.obj
LOAD CMakeFiles/SawamuraEririAndSky.elf.dir/Core/Src/main.c.obj
LOAD CMakeFiles/SawamuraEririAndSky.elf.dir/Core/Src/spi.c.obj
LOAD CMakeFiles/SawamuraEririAndSky.elf.dir/Core/Src/stm32f4xx_hal_msp.c.obj
LOAD CMakeFiles/SawamuraEririAndSky.elf.dir/Core/Src/stm32f4xx_it.c.obj
LOAD CMakeFiles/SawamuraEririAndSky.elf.dir/Core/Src/syscalls.c.obj
LOAD CMakeFiles/SawamuraEririAndSky.elf.dir/Core/Src/sysmem.c.obj
LOAD CMakeFiles/SawamuraEririAndSky.elf.dir/Core/Src/system_stm32f4xx.c.obj
LOAD CMakeFiles/SawamuraEririAndSky.elf.dir/Core/Src/tim.c.obj
LOAD CMakeFiles/SawamuraEririAndSky.elf.dir/Core/Startup/startup_stm32f429igtx.s.obj
LOAD CMakeFiles/SawamuraEririAndSky.elf.dir/Drivers/STM32F4xx_HAL_Driver/Src/stm32f4xx_hal.c.obj
LOAD CMakeFiles/SawamuraEririAndSky.elf.dir/Drivers/STM32F4xx_HAL_Driver/Src/stm32f4xx_hal_cortex.c.obj
LOAD CMakeFiles/SawamuraEririAndSky.elf.dir/Drivers/STM32F4xx_HAL_Driver/Src/stm32f4xx_hal_dma.c.obj
LOAD CMakeFiles/SawamuraEririAndSky.elf.dir/Drivers/STM32F4xx_HAL_Driver/Src/stm32f4xx_hal_dma_ex.c.obj
LOAD CMakeFiles/SawamuraEririAndSky.elf.dir/Drivers/STM32F4xx_HAL_Driver/Src/stm32f4xx_hal_exti.c.obj
LOAD CMakeFiles/SawamuraEririAndSky.elf.dir/Drivers/STM32F4xx_HAL_Driver/Src/stm32f4xx_hal_flash.c.obj
LOAD CMakeFiles/SawamuraEririAndSky.elf.dir/Drivers/STM32F4xx_HAL_Driver/Src/stm32f4xx_hal_flash_ex.c.obj
LOAD CMakeFiles/SawamuraEririAndSky.elf.dir/Drivers/STM32F4xx_HAL_Driver/Src/stm32f4xx_hal_flash_ramfunc.c.obj
LOAD CMakeFiles/SawamuraEririAndSky.elf.dir/Drivers/STM32F4xx_HAL_Driver/Src/stm32f4xx_hal_gpio.c.obj
LOAD CMakeFiles/SawamuraEririAndSky.elf.dir/Drivers/STM32F4xx_HAL_Driver/Src/stm32f4xx_hal_pwr.c.obj
LOAD CMakeFiles/SawamuraEririAndSky.elf.dir/Drivers/STM32F4xx_HAL_Driver/Src/stm32f4xx_hal_pwr_ex.c.obj
LOAD CMakeFiles/SawamuraEririAndSky.elf.dir/Drivers/STM32F4xx_HAL_Driver/Src/stm32f4xx_hal_rcc.c.obj
LOAD CMakeFiles/SawamuraEririAndSky.elf.dir/Drivers/STM32F4xx_HAL_Driver/Src/stm32f4xx_hal_rcc_ex.c.obj
LOAD CMakeFiles/SawamuraEririAndSky.elf.dir/Drivers/STM32F4xx_HAL_Driver/Src/stm32f4xx_hal_spi.c.obj
LOAD CMakeFiles/SawamuraEririAndSky.elf.dir/Drivers/STM32F4xx_HAL_Driver/Src/stm32f4xx_hal_tim.c.obj
LOAD CMakeFiles/SawamuraEririAndSky.elf.dir/Drivers/STM32F4xx_HAL_Driver/Src/stm32f4xx_hal_tim_ex.c.obj
START GROUP
LOAD d:/tools/gcc-arm-none-eabi-10.3-2021.10-win32/gcc-arm-none-eabi-10.3-2021.10/bin/../lib/gcc/arm-none-eabi/10.3.1/thumb/v7e-m/nofp\libgcc.a
LOAD d:/tools/gcc-arm-none-eabi-10.3-2021.10-win32/gcc-arm-none-eabi-10.3-2021.10/bin/../lib/gcc/arm-none-eabi/10.3.1/../../../../arm-none-eabi/lib/thumb/v7e-m/nofp\libg.a
LOAD d:/tools/gcc-arm-none-eabi-10.3-2021.10-win32/gcc-arm-none-eabi-10.3-2021.10/bin/../lib/gcc/arm-none-eabi/10.3.1/../../../../arm-none-eabi/lib/thumb/v7e-m/nofp\libc.a
END GROUP
LOAD d:/tools/gcc-arm-none-eabi-10.3-2021.10-win32/gcc-arm-none-eabi-10.3-2021.10/bin/../lib/gcc/arm-none-eabi/10.3.1/thumb/v7e-m/nofp/crtend.o
LOAD d:/tools/gcc-arm-none-eabi-10.3-2021.10-win32/gcc-arm-none-eabi-10.3-2021.10/bin/../lib/gcc/arm-none-eabi/10.3.1/thumb/v7e-m/nofp/crtn.o
                0x20030000                _estack = (ORIGIN (RAM) + LENGTH (RAM))
                0x00000200                _Min_Heap_Size = 0x200
                0x00000400                _Min_Stack_Size = 0x400

.isr_vector     0x08000000      0x1ac
                0x08000000                . = ALIGN (0x4)
 *(.isr_vector)
 .isr_vector    0x08000000      0x1ac CMakeFiles/SawamuraEririAndSky.elf.dir/Core/Startup/startup_stm32f429igtx.s.obj
                0x08000000                g_pfnVectors
                0x080001ac                . = ALIGN (0x4)

.text           0x080001ac     0x2c4c
                0x080001ac                . = ALIGN (0x4)
 *(.text)
 .text          0x080001ac       0x40 d:/tools/gcc-arm-none-eabi-10.3-2021.10-win32/gcc-arm-none-eabi-10.3-2021.10/bin/../lib/gcc/arm-none-eabi/10.3.1/thumb/v7e-m/nofp/crtbegin.o
 .text          0x080001ec      0x168 d:/tools/gcc-arm-none-eabi-10.3-2021.10-win32/gcc-arm-none-eabi-10.3-2021.10/bin/../lib/gcc/arm-none-eabi/10.3.1/thumb/v7e-m/nofp\libgcc.a(_arm_mulsf3.o)
                0x080001ec                __aeabi_fmul
                0x080001ec                __mulsf3
 .text          0x08000354      0x21c d:/tools/gcc-arm-none-eabi-10.3-2021.10-win32/gcc-arm-none-eabi-10.3-2021.10/bin/../lib/gcc/arm-none-eabi/10.3.1/thumb/v7e-m/nofp\libgcc.a(_arm_addsubsf3.o)
                0x08000354                __aeabi_frsub
                0x0800035c                __subsf3
                0x0800035c                __aeabi_fsub
                0x08000360                __aeabi_fadd
                0x08000360                __addsf3
                0x080004c0                __aeabi_ui2f
                0x080004c0                __floatunsisf
                0x080004c8                __aeabi_i2f
                0x080004c8                __floatsisf
                0x080004e4                __aeabi_ul2f
                0x080004e4                __floatundisf
                0x080004f4                __aeabi_l2f
                0x080004f4                __floatdisf
 .text          0x08000570       0x40 d:/tools/gcc-arm-none-eabi-10.3-2021.10-win32/gcc-arm-none-eabi-10.3-2021.10/bin/../lib/gcc/arm-none-eabi/10.3.1/thumb/v7e-m/nofp\libgcc.a(_arm_fixunssfsi.o)
                0x08000570                __fixunssfsi
                0x08000570                __aeabi_f2uiz
 .text          0x080005b0       0x30 d:/tools/gcc-arm-none-eabi-10.3-2021.10-win32/gcc-arm-none-eabi-10.3-2021.10/bin/../lib/gcc/arm-none-eabi/10.3.1/thumb/v7e-m/nofp\libgcc.a(_aeabi_uldivmod.o)
                0x080005b0                __aeabi_uldivmod
 .text          0x080005e0      0x2d0 d:/tools/gcc-arm-none-eabi-10.3-2021.10-win32/gcc-arm-none-eabi-10.3-2021.10/bin/../lib/gcc/arm-none-eabi/10.3.1/thumb/v7e-m/nofp\libgcc.a(_udivmoddi4.o)
                0x080005e0                __udivmoddi4
 .text          0x080008b0        0x4 d:/tools/gcc-arm-none-eabi-10.3-2021.10-win32/gcc-arm-none-eabi-10.3-2021.10/bin/../lib/gcc/arm-none-eabi/10.3.1/thumb/v7e-m/nofp\libgcc.a(_dvmd_tls.o)
                0x080008b0                __aeabi_idiv0
                0x080008b0                __aeabi_ldiv0
 *(.text*)
 .text.delay_init
                0x080008b4       0x14 CMakeFiles/SawamuraEririAndSky.elf.dir/Core/Src/delay.c.obj
                0x080008b4                delay_init
 .text.delay_us
                0x080008c8       0x3c CMakeFiles/SawamuraEririAndSky.elf.dir/Core/Src/delay.c.obj
                0x080008c8                delay_us
 .text.delay_ms
                0x08000904       0x18 CMakeFiles/SawamuraEririAndSky.elf.dir/Core/Src/delay.c.obj
                0x08000904                delay_ms
 .text.MX_GPIO_Init
                0x0800091c       0xfc CMakeFiles/SawamuraEririAndSky.elf.dir/Core/Src/gpio.c.obj
                0x0800091c                MX_GPIO_Init
 .text.LCD_Fill
                0x08000a18       0x3c CMakeFiles/SawamuraEririAndSky.elf.dir/Core/Src/lcd.c.obj
                0x08000a18                LCD_Fill
 .text.LCD_DrawPoint
                0x08000a54       0x14 CMakeFiles/SawamuraEririAndSky.elf.dir/Core/Src/lcd.c.obj
                0x08000a54                LCD_DrawPoint
 .text.LCD_ShowChar
                0x08000a68       0xec CMakeFiles/SawamuraEririAndSky.elf.dir/Core/Src/lcd.c.obj
                0x08000a68                LCD_ShowChar
 .text.LCD_ShowString
                0x08000b54       0x44 CMakeFiles/SawamuraEririAndSky.elf.dir/Core/Src/lcd.c.obj
                0x08000b54                LCD_ShowString
 .text.mypow    0x08000b98       0x16 CMakeFiles/SawamuraEririAndSky.elf.dir/Core/Src/lcd.c.obj
                0x08000b98                mypow
 *fill*         0x08000bae        0x2 
 .text.LCD_ShowFloatNum1
                0x08000bb0       0xb8 CMakeFiles/SawamuraEririAndSky.elf.dir/Core/Src/lcd.c.obj
                0x08000bb0                LCD_ShowFloatNum1
 .text.LCD_Writ_Bus
                0x08000c68       0x24 CMakeFiles/SawamuraEririAndSky.elf.dir/Core/Src/lcd_init.c.obj
                0x08000c68                LCD_Writ_Bus
 .text.LCD_WR_DATA8
                0x08000c8c        0x8 CMakeFiles/SawamuraEririAndSky.elf.dir/Core/Src/lcd_init.c.obj
                0x08000c8c                LCD_WR_DATA8
 .text.LCD_WR_DATA
                0x08000c94       0x12 CMakeFiles/SawamuraEririAndSky.elf.dir/Core/Src/lcd_init.c.obj
                0x08000c94                LCD_WR_DATA
 *fill*         0x08000ca6        0x2 
 .text.LCD_WR_REG
                0x08000ca8       0x28 CMakeFiles/SawamuraEririAndSky.elf.dir/Core/Src/lcd_init.c.obj
                0x08000ca8                LCD_WR_REG
 .text.LCD_Address_Set
                0x08000cd0       0x36 CMakeFiles/SawamuraEririAndSky.elf.dir/Core/Src/lcd_init.c.obj
                0x08000cd0                LCD_Address_Set
 *fill*         0x08000d06        0x2 
 .text.LCD_Init
                0x08000d08      0x1a4 CMakeFiles/SawamuraEririAndSky.elf.dir/Core/Src/lcd_init.c.obj
                0x08000d08                LCD_Init
 .text.HAL_GPIO_EXTI_Callback
                0x08000eac       0x34 CMakeFiles/SawamuraEririAndSky.elf.dir/Core/Src/main.c.obj
                0x08000eac                HAL_GPIO_EXTI_Callback
 .text.HAL_TIM_PeriodElapsedCallback
                0x08000ee0       0x7c CMakeFiles/SawamuraEririAndSky.elf.dir/Core/Src/main.c.obj
                0x08000ee0                HAL_TIM_PeriodElapsedCallback
 .text.Error_Handler
                0x08000f5c        0x4 CMakeFiles/SawamuraEririAndSky.elf.dir/Core/Src/main.c.obj
                0x08000f5c                Error_Handler
 .text.SystemClock_Config
                0x08000f60       0x8c CMakeFiles/SawamuraEririAndSky.elf.dir/Core/Src/main.c.obj
                0x08000f60                SystemClock_Config
 .text.main     0x08000fec       0xb0 CMakeFiles/SawamuraEririAndSky.elf.dir/Core/Src/main.c.obj
                0x08000fec                main
 .text.MX_SPI5_Init
                0x0800109c       0x44 CMakeFiles/SawamuraEririAndSky.elf.dir/Core/Src/spi.c.obj
                0x0800109c                MX_SPI5_Init
 .text.HAL_SPI_MspInit
                0x080010e0       0xa0 CMakeFiles/SawamuraEririAndSky.elf.dir/Core/Src/spi.c.obj
                0x080010e0                HAL_SPI_MspInit
 .text.HAL_MspInit
                0x08001180       0x38 CMakeFiles/SawamuraEririAndSky.elf.dir/Core/Src/stm32f4xx_hal_msp.c.obj
                0x08001180                HAL_MspInit
 .text.NMI_Handler
                0x080011b8        0x2 CMakeFiles/SawamuraEririAndSky.elf.dir/Core/Src/stm32f4xx_it.c.obj
                0x080011b8                NMI_Handler
 .text.HardFault_Handler
                0x080011ba        0x2 CMakeFiles/SawamuraEririAndSky.elf.dir/Core/Src/stm32f4xx_it.c.obj
                0x080011ba                HardFault_Handler
 .text.MemManage_Handler
                0x080011bc        0x2 CMakeFiles/SawamuraEririAndSky.elf.dir/Core/Src/stm32f4xx_it.c.obj
                0x080011bc                MemManage_Handler
 .text.BusFault_Handler
                0x080011be        0x2 CMakeFiles/SawamuraEririAndSky.elf.dir/Core/Src/stm32f4xx_it.c.obj
                0x080011be                BusFault_Handler
 .text.UsageFault_Handler
                0x080011c0        0x2 CMakeFiles/SawamuraEririAndSky.elf.dir/Core/Src/stm32f4xx_it.c.obj
                0x080011c0                UsageFault_Handler
 .text.SVC_Handler
                0x080011c2        0x2 CMakeFiles/SawamuraEririAndSky.elf.dir/Core/Src/stm32f4xx_it.c.obj
                0x080011c2                SVC_Handler
 .text.DebugMon_Handler
                0x080011c4        0x2 CMakeFiles/SawamuraEririAndSky.elf.dir/Core/Src/stm32f4xx_it.c.obj
                0x080011c4                DebugMon_Handler
 .text.PendSV_Handler
                0x080011c6        0x2 CMakeFiles/SawamuraEririAndSky.elf.dir/Core/Src/stm32f4xx_it.c.obj
                0x080011c6                PendSV_Handler
 .text.SysTick_Handler
                0x080011c8        0x8 CMakeFiles/SawamuraEririAndSky.elf.dir/Core/Src/stm32f4xx_it.c.obj
                0x080011c8                SysTick_Handler
 .text.EXTI9_5_IRQHandler
                0x080011d0       0x10 CMakeFiles/SawamuraEririAndSky.elf.dir/Core/Src/stm32f4xx_it.c.obj
                0x080011d0                EXTI9_5_IRQHandler
 .text.TIM2_IRQHandler
                0x080011e0       0x10 CMakeFiles/SawamuraEririAndSky.elf.dir/Core/Src/stm32f4xx_it.c.obj
                0x080011e0                TIM2_IRQHandler
 .text.TIM3_IRQHandler
                0x080011f0       0x10 CMakeFiles/SawamuraEririAndSky.elf.dir/Core/Src/stm32f4xx_it.c.obj
                0x080011f0                TIM3_IRQHandler
 .text.SystemInit
                0x08001200        0x2 CMakeFiles/SawamuraEririAndSky.elf.dir/Core/Src/system_stm32f4xx.c.obj
                0x08001200                SystemInit
 *fill*         0x08001202        0x2 
 .text.MX_TIM2_Init
                0x08001204       0x70 CMakeFiles/SawamuraEririAndSky.elf.dir/Core/Src/tim.c.obj
                0x08001204                MX_TIM2_Init
 .text.MX_TIM3_Init
                0x08001274       0x70 CMakeFiles/SawamuraEririAndSky.elf.dir/Core/Src/tim.c.obj
                0x08001274                MX_TIM3_Init
 .text.HAL_TIM_Base_MspInit
                0x080012e4       0x98 CMakeFiles/SawamuraEririAndSky.elf.dir/Core/Src/tim.c.obj
                0x080012e4                HAL_TIM_Base_MspInit
 .text.HAL_TIM_MspPostInit
                0x0800137c       0x58 CMakeFiles/SawamuraEririAndSky.elf.dir/Core/Src/tim.c.obj
                0x0800137c                HAL_TIM_MspPostInit
 .text.MX_TIM4_Init
                0x080013d4       0xc4 CMakeFiles/SawamuraEririAndSky.elf.dir/Core/Src/tim.c.obj
                0x080013d4                MX_TIM4_Init
 .text.Reset_Handler
                0x08001498       0x50 CMakeFiles/SawamuraEririAndSky.elf.dir/Core/Startup/startup_stm32f429igtx.s.obj
                0x08001498                Reset_Handler
 .text.Default_Handler
                0x080014e8        0x2 CMakeFiles/SawamuraEririAndSky.elf.dir/Core/Startup/startup_stm32f429igtx.s.obj
                0x080014e8                RTC_Alarm_IRQHandler
                0x080014e8                HASH_RNG_IRQHandler
                0x080014e8                EXTI2_IRQHandler
                0x080014e8                TIM8_CC_IRQHandler
                0x080014e8                UART8_IRQHandler
                0x080014e8                SPI4_IRQHandler
                0x080014e8                TIM1_CC_IRQHandler
                0x080014e8                DMA2_Stream5_IRQHandler
                0x080014e8                DMA1_Stream5_IRQHandler
                0x080014e8                PVD_IRQHandler
                0x080014e8                SDIO_IRQHandler
                0x080014e8                TAMP_STAMP_IRQHandler
                0x080014e8                CAN2_RX1_IRQHandler
                0x080014e8                EXTI3_IRQHandler
                0x080014e8                TIM8_TRG_COM_TIM14_IRQHandler
                0x080014e8                TIM1_UP_TIM10_IRQHandler
                0x080014e8                TIM8_UP_TIM13_IRQHandler
                0x080014e8                I2C3_ER_IRQHandler
                0x080014e8                EXTI0_IRQHandler
                0x080014e8                I2C2_EV_IRQHandler
                0x080014e8                DMA1_Stream2_IRQHandler
                0x080014e8                CAN1_RX0_IRQHandler
                0x080014e8                FPU_IRQHandler
                0x080014e8                OTG_HS_WKUP_IRQHandler
                0x080014e8                LTDC_ER_IRQHandler
                0x080014e8                CAN2_SCE_IRQHandler
                0x080014e8                DMA2_Stream2_IRQHandler
                0x080014e8                SPI1_IRQHandler
                0x080014e8                TIM6_DAC_IRQHandler
                0x080014e8                TIM1_BRK_TIM9_IRQHandler
                0x080014e8                DCMI_IRQHandler
                0x080014e8                CAN2_RX0_IRQHandler
                0x080014e8                DMA2_Stream3_IRQHandler
                0x080014e8                USART6_IRQHandler
                0x080014e8                USART3_IRQHandler
                0x080014e8                CAN1_RX1_IRQHandler
                0x080014e8                UART5_IRQHandler
                0x080014e8                DMA2_Stream0_IRQHandler
                0x080014e8                TIM4_IRQHandler
                0x080014e8                I2C1_EV_IRQHandler
                0x080014e8                DMA1_Stream6_IRQHandler
                0x080014e8                DMA1_Stream1_IRQHandler
                0x080014e8                UART4_IRQHandler
                0x080014e8                RCC_IRQHandler
                0x080014e8                TIM8_BRK_TIM12_IRQHandler
                0x080014e8                Default_Handler
                0x080014e8                EXTI15_10_IRQHandler
                0x080014e8                ADC_IRQHandler
                0x080014e8                DMA1_Stream7_IRQHandler
                0x080014e8                SPI5_IRQHandler
                0x080014e8                TIM7_IRQHandler
                0x080014e8                CAN2_TX_IRQHandler
                0x080014e8                TIM5_IRQHandler
                0x080014e8                DMA2_Stream7_IRQHandler
                0x080014e8                I2C3_EV_IRQHandler
                0x080014e8                RTC_WKUP_IRQHandler
                0x080014e8                LTDC_IRQHandler
                0x080014e8                ETH_WKUP_IRQHandler
                0x080014e8                SPI2_IRQHandler
                0x080014e8                OTG_HS_EP1_IN_IRQHandler
                0x080014e8                DMA1_Stream0_IRQHandler
                0x080014e8                CAN1_TX_IRQHandler
                0x080014e8                EXTI4_IRQHandler
                0x080014e8                ETH_IRQHandler
                0x080014e8                OTG_HS_EP1_OUT_IRQHandler
                0x080014e8                WWDG_IRQHandler
                0x080014e8                SPI6_IRQHandler
                0x080014e8                OTG_FS_WKUP_IRQHandler
                0x080014e8                TIM1_TRG_COM_TIM11_IRQHandler
                0x080014e8                OTG_HS_IRQHandler
                0x080014e8                DMA2D_IRQHandler
                0x080014e8                EXTI1_IRQHandler
                0x080014e8                UART7_IRQHandler
                0x080014e8                USART2_IRQHandler
                0x080014e8                I2C2_ER_IRQHandler
                0x080014e8                DMA2_Stream1_IRQHandler
                0x080014e8                CAN1_SCE_IRQHandler
                0x080014e8                FLASH_IRQHandler
                0x080014e8                DMA2_Stream4_IRQHandler
                0x080014e8                USART1_IRQHandler
                0x080014e8                OTG_FS_IRQHandler
                0x080014e8                SPI3_IRQHandler
                0x080014e8                DMA1_Stream4_IRQHandler
                0x080014e8                I2C1_ER_IRQHandler
                0x080014e8                FMC_IRQHandler
                0x080014e8                DMA2_Stream6_IRQHandler
                0x080014e8                SAI1_IRQHandler
                0x080014e8                DMA1_Stream3_IRQHandler
 *fill*         0x080014ea        0x2 
 .text.HAL_InitTick
                0x080014ec       0x4c CMakeFiles/SawamuraEririAndSky.elf.dir/Drivers/STM32F4xx_HAL_Driver/Src/stm32f4xx_hal.c.obj
                0x080014ec                HAL_InitTick
 .text.HAL_Init
                0x08001538       0x34 CMakeFiles/SawamuraEririAndSky.elf.dir/Drivers/STM32F4xx_HAL_Driver/Src/stm32f4xx_hal.c.obj
                0x08001538                HAL_Init
 .text.HAL_IncTick
                0x0800156c       0x18 CMakeFiles/SawamuraEririAndSky.elf.dir/Drivers/STM32F4xx_HAL_Driver/Src/stm32f4xx_hal.c.obj
                0x0800156c                HAL_IncTick
 .text.HAL_GetTick
                0x08001584        0xc CMakeFiles/SawamuraEririAndSky.elf.dir/Drivers/STM32F4xx_HAL_Driver/Src/stm32f4xx_hal.c.obj
                0x08001584                HAL_GetTick
 .text.HAL_NVIC_SetPriorityGrouping
                0x08001590       0x24 CMakeFiles/SawamuraEririAndSky.elf.dir/Drivers/STM32F4xx_HAL_Driver/Src/stm32f4xx_hal_cortex.c.obj
                0x08001590                HAL_NVIC_SetPriorityGrouping
 .text.HAL_NVIC_SetPriority
                0x080015b4       0x70 CMakeFiles/SawamuraEririAndSky.elf.dir/Drivers/STM32F4xx_HAL_Driver/Src/stm32f4xx_hal_cortex.c.obj
                0x080015b4                HAL_NVIC_SetPriority
 .text.HAL_NVIC_EnableIRQ
                0x08001624       0x1c CMakeFiles/SawamuraEririAndSky.elf.dir/Drivers/STM32F4xx_HAL_Driver/Src/stm32f4xx_hal_cortex.c.obj
                0x08001624                HAL_NVIC_EnableIRQ
 .text.HAL_SYSTICK_Config
                0x08001640       0x28 CMakeFiles/SawamuraEririAndSky.elf.dir/Drivers/STM32F4xx_HAL_Driver/Src/stm32f4xx_hal_cortex.c.obj
                0x08001640                HAL_SYSTICK_Config
 .text.HAL_SYSTICK_CLKSourceConfig
                0x08001668       0x20 CMakeFiles/SawamuraEririAndSky.elf.dir/Drivers/STM32F4xx_HAL_Driver/Src/stm32f4xx_hal_cortex.c.obj
                0x08001668                HAL_SYSTICK_CLKSourceConfig
 .text.HAL_GPIO_Init
                0x08001688      0x1fc CMakeFiles/SawamuraEririAndSky.elf.dir/Drivers/STM32F4xx_HAL_Driver/Src/stm32f4xx_hal_gpio.c.obj
                0x08001688                HAL_GPIO_Init
 .text.HAL_GPIO_WritePin
                0x08001884        0xc CMakeFiles/SawamuraEririAndSky.elf.dir/Drivers/STM32F4xx_HAL_Driver/Src/stm32f4xx_hal_gpio.c.obj
                0x08001884                HAL_GPIO_WritePin
 .text.HAL_GPIO_TogglePin
                0x08001890       0x12 CMakeFiles/SawamuraEririAndSky.elf.dir/Drivers/STM32F4xx_HAL_Driver/Src/stm32f4xx_hal_gpio.c.obj
                0x08001890                HAL_GPIO_TogglePin
 *fill*         0x080018a2        0x2 
 .text.HAL_GPIO_EXTI_IRQHandler
                0x080018a4       0x1c CMakeFiles/SawamuraEririAndSky.elf.dir/Drivers/STM32F4xx_HAL_Driver/Src/stm32f4xx_hal_gpio.c.obj
                0x080018a4                HAL_GPIO_EXTI_IRQHandler
 .text.HAL_RCC_OscConfig
                0x080018c0      0x3f8 CMakeFiles/SawamuraEririAndSky.elf.dir/Drivers/STM32F4xx_HAL_Driver/Src/stm32f4xx_hal_rcc.c.obj
                0x080018c0                HAL_RCC_OscConfig
 .text.HAL_RCC_GetSysClockFreq
                0x08001cb8       0xa4 CMakeFiles/SawamuraEririAndSky.elf.dir/Drivers/STM32F4xx_HAL_Driver/Src/stm32f4xx_hal_rcc.c.obj
                0x08001cb8                HAL_RCC_GetSysClockFreq
 .text.HAL_RCC_ClockConfig
                0x08001d5c      0x160 CMakeFiles/SawamuraEririAndSky.elf.dir/Drivers/STM32F4xx_HAL_Driver/Src/stm32f4xx_hal_rcc.c.obj
                0x08001d5c                HAL_RCC_ClockConfig
 .text.SPI_WaitFlagStateUntilTimeout
                0x08001ebc       0xd4 CMakeFiles/SawamuraEririAndSky.elf.dir/Drivers/STM32F4xx_HAL_Driver/Src/stm32f4xx_hal_spi.c.obj
 .text.SPI_EndRxTxTransaction
                0x08001f90       0x80 CMakeFiles/SawamuraEririAndSky.elf.dir/Drivers/STM32F4xx_HAL_Driver/Src/stm32f4xx_hal_spi.c.obj
 .text.HAL_SPI_Init
                0x08002010       0xbe CMakeFiles/SawamuraEririAndSky.elf.dir/Drivers/STM32F4xx_HAL_Driver/Src/stm32f4xx_hal_spi.c.obj
                0x08002010                HAL_SPI_Init
 .text.HAL_SPI_Transmit
                0x080020ce      0x1b8 CMakeFiles/SawamuraEririAndSky.elf.dir/Drivers/STM32F4xx_HAL_Driver/Src/stm32f4xx_hal_spi.c.obj
                0x080020ce                HAL_SPI_Transmit
 *fill*         0x08002286        0x2 
 .text.TIM_OC1_SetConfig
                0x08002288       0x68 CMakeFiles/SawamuraEririAndSky.elf.dir/Drivers/STM32F4xx_HAL_Driver/Src/stm32f4xx_hal_tim.c.obj
 .text.TIM_OC3_SetConfig
                0x080022f0       0x70 CMakeFiles/SawamuraEririAndSky.elf.dir/Drivers/STM32F4xx_HAL_Driver/Src/stm32f4xx_hal_tim.c.obj
 .text.TIM_OC4_SetConfig
                0x08002360       0x50 CMakeFiles/SawamuraEririAndSky.elf.dir/Drivers/STM32F4xx_HAL_Driver/Src/stm32f4xx_hal_tim.c.obj
 .text.TIM_TI1_ConfigInputStage
                0x080023b0       0x24 CMakeFiles/SawamuraEririAndSky.elf.dir/Drivers/STM32F4xx_HAL_Driver/Src/stm32f4xx_hal_tim.c.obj
 .text.TIM_TI2_ConfigInputStage
                0x080023d4       0x26 CMakeFiles/SawamuraEririAndSky.elf.dir/Drivers/STM32F4xx_HAL_Driver/Src/stm32f4xx_hal_tim.c.obj
 .text.TIM_ITRx_SetConfig
                0x080023fa       0x10 CMakeFiles/SawamuraEririAndSky.elf.dir/Drivers/STM32F4xx_HAL_Driver/Src/stm32f4xx_hal_tim.c.obj
 *fill*         0x0800240a        0x2 
 .text.HAL_TIM_Base_Start
                0x0800240c       0x7c CMakeFiles/SawamuraEririAndSky.elf.dir/Drivers/STM32F4xx_HAL_Driver/Src/stm32f4xx_hal_tim.c.obj
                0x0800240c                HAL_TIM_Base_Start
 .text.HAL_TIM_Base_Start_IT
                0x08002488       0x88 CMakeFiles/SawamuraEririAndSky.elf.dir/Drivers/STM32F4xx_HAL_Driver/Src/stm32f4xx_hal_tim.c.obj
                0x08002488                HAL_TIM_Base_Start_IT
 .text.HAL_TIM_PWM_MspInit
                0x08002510        0x2 CMakeFiles/SawamuraEririAndSky.elf.dir/Drivers/STM32F4xx_HAL_Driver/Src/stm32f4xx_hal_tim.c.obj
                0x08002510                HAL_TIM_PWM_MspInit
 .text.HAL_TIM_OC_DelayElapsedCallback
                0x08002512        0x2 CMakeFiles/SawamuraEririAndSky.elf.dir/Drivers/STM32F4xx_HAL_Driver/Src/stm32f4xx_hal_tim.c.obj
                0x08002512                HAL_TIM_OC_DelayElapsedCallback
 .text.HAL_TIM_IC_CaptureCallback
                0x08002514        0x2 CMakeFiles/SawamuraEririAndSky.elf.dir/Drivers/STM32F4xx_HAL_Driver/Src/stm32f4xx_hal_tim.c.obj
                0x08002514                HAL_TIM_IC_CaptureCallback
 .text.HAL_TIM_PWM_PulseFinishedCallback
                0x08002516        0x2 CMakeFiles/SawamuraEririAndSky.elf.dir/Drivers/STM32F4xx_HAL_Driver/Src/stm32f4xx_hal_tim.c.obj
                0x08002516                HAL_TIM_PWM_PulseFinishedCallback
 .text.HAL_TIM_TriggerCallback
                0x08002518        0x2 CMakeFiles/SawamuraEririAndSky.elf.dir/Drivers/STM32F4xx_HAL_Driver/Src/stm32f4xx_hal_tim.c.obj
                0x08002518                HAL_TIM_TriggerCallback
 .text.HAL_TIM_IRQHandler
                0x0800251a      0x15e CMakeFiles/SawamuraEririAndSky.elf.dir/Drivers/STM32F4xx_HAL_Driver/Src/stm32f4xx_hal_tim.c.obj
                0x0800251a                HAL_TIM_IRQHandler
 .text.TIM_Base_SetConfig
                0x08002678       0xd8 CMakeFiles/SawamuraEririAndSky.elf.dir/Drivers/STM32F4xx_HAL_Driver/Src/stm32f4xx_hal_tim.c.obj
                0x08002678                TIM_Base_SetConfig
 .text.HAL_TIM_Base_Init
                0x08002750       0x58 CMakeFiles/SawamuraEririAndSky.elf.dir/Drivers/STM32F4xx_HAL_Driver/Src/stm32f4xx_hal_tim.c.obj
                0x08002750                HAL_TIM_Base_Init
 .text.HAL_TIM_PWM_Init
                0x080027a8       0x58 CMakeFiles/SawamuraEririAndSky.elf.dir/Drivers/STM32F4xx_HAL_Driver/Src/stm32f4xx_hal_tim.c.obj
                0x080027a8                HAL_TIM_PWM_Init
 .text.TIM_OC2_SetConfig
                0x08002800       0x70 CMakeFiles/SawamuraEririAndSky.elf.dir/Drivers/STM32F4xx_HAL_Driver/Src/stm32f4xx_hal_tim.c.obj
                0x08002800                TIM_OC2_SetConfig
 .text.HAL_TIM_PWM_ConfigChannel
                0x08002870       0xdc CMakeFiles/SawamuraEririAndSky.elf.dir/Drivers/STM32F4xx_HAL_Driver/Src/stm32f4xx_hal_tim.c.obj
                0x08002870                HAL_TIM_PWM_ConfigChannel
 .text.TIM_ETR_SetConfig
                0x0800294c       0x18 CMakeFiles/SawamuraEririAndSky.elf.dir/Drivers/STM32F4xx_HAL_Driver/Src/stm32f4xx_hal_tim.c.obj
                0x0800294c                TIM_ETR_SetConfig
 .text.HAL_TIM_ConfigClockSource
                0x08002964       0xfe CMakeFiles/SawamuraEririAndSky.elf.dir/Drivers/STM32F4xx_HAL_Driver/Src/stm32f4xx_hal_tim.c.obj
                0x08002964                HAL_TIM_ConfigClockSource
 .text.TIM_CCxChannelCmd
                0x08002a62       0x1e CMakeFiles/SawamuraEririAndSky.elf.dir/Drivers/STM32F4xx_HAL_Driver/Src/stm32f4xx_hal_tim.c.obj
                0x08002a62                TIM_CCxChannelCmd
 .text.HAL_TIM_PWM_Start
                0x08002a80      0x104 CMakeFiles/SawamuraEririAndSky.elf.dir/Drivers/STM32F4xx_HAL_Driver/Src/stm32f4xx_hal_tim.c.obj
                0x08002a80                HAL_TIM_PWM_Start
 .text.HAL_TIMEx_MasterConfigSynchronization
                0x08002b84       0x8c CMakeFiles/SawamuraEririAndSky.elf.dir/Drivers/STM32F4xx_HAL_Driver/Src/stm32f4xx_hal_tim_ex.c.obj
                0x08002b84                HAL_TIMEx_MasterConfigSynchronization
 .text.HAL_TIMEx_CommutCallback
                0x08002c10        0x2 CMakeFiles/SawamuraEririAndSky.elf.dir/Drivers/STM32F4xx_HAL_Driver/Src/stm32f4xx_hal_tim_ex.c.obj
                0x08002c10                HAL_TIMEx_CommutCallback
 .text.HAL_TIMEx_BreakCallback
                0x08002c12        0x2 CMakeFiles/SawamuraEririAndSky.elf.dir/Drivers/STM32F4xx_HAL_Driver/Src/stm32f4xx_hal_tim_ex.c.obj
                0x08002c12                HAL_TIMEx_BreakCallback
 .text.__libc_init_array
                0x08002c14       0x48 d:/tools/gcc-arm-none-eabi-10.3-2021.10-win32/gcc-arm-none-eabi-10.3-2021.10/bin/../lib/gcc/arm-none-eabi/10.3.1/../../../../arm-none-eabi/lib/thumb/v7e-m/nofp\libg.a(lib_a-init.o)
                0x08002c14                __libc_init_array
 .text.memset   0x08002c5c       0xa4 d:/tools/gcc-arm-none-eabi-10.3-2021.10-win32/gcc-arm-none-eabi-10.3-2021.10/bin/../lib/gcc/arm-none-eabi/10.3.1/../../../../arm-none-eabi/lib/thumb/v7e-m/nofp\libg.a(lib_a-memset.o)
                0x08002c5c                memset
 .text.startup.register_fini
                0x08002d00       0x14 d:/tools/gcc-arm-none-eabi-10.3-2021.10-win32/gcc-arm-none-eabi-10.3-2021.10/bin/../lib/gcc/arm-none-eabi/10.3.1/../../../../arm-none-eabi/lib/thumb/v7e-m/nofp\libg.a(lib_a-__call_atexit.o)
 .text.atexit   0x08002d14        0xc d:/tools/gcc-arm-none-eabi-10.3-2021.10-win32/gcc-arm-none-eabi-10.3-2021.10/bin/../lib/gcc/arm-none-eabi/10.3.1/../../../../arm-none-eabi/lib/thumb/v7e-m/nofp\libg.a(lib_a-atexit.o)
                0x08002d14                atexit
 .text.__libc_fini_array
                0x08002d20       0x2c d:/tools/gcc-arm-none-eabi-10.3-2021.10-win32/gcc-arm-none-eabi-10.3-2021.10/bin/../lib/gcc/arm-none-eabi/10.3.1/../../../../arm-none-eabi/lib/thumb/v7e-m/nofp\libg.a(lib_a-fini.o)
                0x08002d20                __libc_fini_array
 .text.__retarget_lock_acquire_recursive
                0x08002d4c        0x4 d:/tools/gcc-arm-none-eabi-10.3-2021.10-win32/gcc-arm-none-eabi-10.3-2021.10/bin/../lib/gcc/arm-none-eabi/10.3.1/../../../../arm-none-eabi/lib/thumb/v7e-m/nofp\libg.a(lib_a-lock.o)
                0x08002d4c                __retarget_lock_acquire_recursive
 .text.__retarget_lock_release_recursive
                0x08002d50        0x4 d:/tools/gcc-arm-none-eabi-10.3-2021.10-win32/gcc-arm-none-eabi-10.3-2021.10/bin/../lib/gcc/arm-none-eabi/10.3.1/../../../../arm-none-eabi/lib/thumb/v7e-m/nofp\libg.a(lib_a-lock.o)
                0x08002d50                __retarget_lock_release_recursive
 .text.__register_exitproc
                0x08002d54       0x8c d:/tools/gcc-arm-none-eabi-10.3-2021.10-win32/gcc-arm-none-eabi-10.3-2021.10/bin/../lib/gcc/arm-none-eabi/10.3.1/../../../../arm-none-eabi/lib/thumb/v7e-m/nofp\libg.a(lib_a-__atexit.o)
                0x08002d54                __register_exitproc
 *(.glue_7)
 .glue_7        0x08002de0        0x0 linker stubs
 *(.glue_7t)
 .glue_7t       0x08002de0        0x0 linker stubs
 *(.eh_frame)
 .eh_frame      0x08002de0        0x0 d:/tools/gcc-arm-none-eabi-10.3-2021.10-win32/gcc-arm-none-eabi-10.3-2021.10/bin/../lib/gcc/arm-none-eabi/10.3.1/thumb/v7e-m/nofp/crtbegin.o
 *(.init)
 .init          0x08002de0        0x4 d:/tools/gcc-arm-none-eabi-10.3-2021.10-win32/gcc-arm-none-eabi-10.3-2021.10/bin/../lib/gcc/arm-none-eabi/10.3.1/thumb/v7e-m/nofp/crti.o
                0x08002de0                _init
 .init          0x08002de4        0x8 d:/tools/gcc-arm-none-eabi-10.3-2021.10-win32/gcc-arm-none-eabi-10.3-2021.10/bin/../lib/gcc/arm-none-eabi/10.3.1/thumb/v7e-m/nofp/crtn.o
 *(.fini)
 .fini          0x08002dec        0x4 d:/tools/gcc-arm-none-eabi-10.3-2021.10-win32/gcc-arm-none-eabi-10.3-2021.10/bin/../lib/gcc/arm-none-eabi/10.3.1/thumb/v7e-m/nofp/crti.o
                0x08002dec                _fini
 .fini          0x08002df0        0x8 d:/tools/gcc-arm-none-eabi-10.3-2021.10-win32/gcc-arm-none-eabi-10.3-2021.10/bin/../lib/gcc/arm-none-eabi/10.3.1/thumb/v7e-m/nofp/crtn.o
                0x08002df8                . = ALIGN (0x4)
                0x08002df8                _etext = .

.vfp11_veneer   0x08002df8        0x0
 .vfp11_veneer  0x08002df8        0x0 linker stubs

.v4_bx          0x08002df8        0x0
 .v4_bx         0x08002df8        0x0 linker stubs

.iplt           0x08002df8        0x0
 .iplt          0x08002df8        0x0 d:/tools/gcc-arm-none-eabi-10.3-2021.10-win32/gcc-arm-none-eabi-10.3-2021.10/bin/../lib/gcc/arm-none-eabi/10.3.1/thumb/v7e-m/nofp/crtbegin.o

.rodata         0x08002df8     0x1dd0
                0x08002df8                . = ALIGN (0x4)
 *(.rodata)
 *(.rodata*)
 .rodata.ascii_1608
                0x08002df8      0x5f0 CMakeFiles/SawamuraEririAndSky.elf.dir/Core/Src/lcd.c.obj
                0x08002df8                ascii_1608
 .rodata.ascii_3216
                0x080033e8     0x17c0 CMakeFiles/SawamuraEririAndSky.elf.dir/Core/Src/lcd.c.obj
                0x080033e8                ascii_3216
 .rodata.main.str1.4
                0x08004ba8        0xa CMakeFiles/SawamuraEririAndSky.elf.dir/Core/Src/main.c.obj
 *fill*         0x08004bb2        0x2 
 .rodata.AHBPrescTable
                0x08004bb4       0x10 CMakeFiles/SawamuraEririAndSky.elf.dir/Core/Src/system_stm32f4xx.c.obj
                0x08004bb4                AHBPrescTable
 .rodata._global_impure_ptr
                0x08004bc4        0x4 d:/tools/gcc-arm-none-eabi-10.3-2021.10-win32/gcc-arm-none-eabi-10.3-2021.10/bin/../lib/gcc/arm-none-eabi/10.3.1/../../../../arm-none-eabi/lib/thumb/v7e-m/nofp\libg.a(lib_a-impure.o)
                0x08004bc4                _global_impure_ptr
                0x08004bc8                . = ALIGN (0x4)

.ARM.extab      0x08004bc8        0x0
                0x08004bc8                . = ALIGN (0x4)
 *(.ARM.extab* .gnu.linkonce.armextab.*)
                0x08004bc8                . = ALIGN (0x4)

.ARM            0x08004bc8        0x8
                0x08004bc8                . = ALIGN (0x4)
                0x08004bc8                __exidx_start = .
 *(.ARM.exidx*)
 .ARM.exidx     0x08004bc8        0x8 d:/tools/gcc-arm-none-eabi-10.3-2021.10-win32/gcc-arm-none-eabi-10.3-2021.10/bin/../lib/gcc/arm-none-eabi/10.3.1/thumb/v7e-m/nofp\libgcc.a(_udivmoddi4.o)
                0x08004bd0                __exidx_end = .
                0x08004bd0                . = ALIGN (0x4)

.rel.dyn        0x08004bd0        0x0
 .rel.iplt      0x08004bd0        0x0 d:/tools/gcc-arm-none-eabi-10.3-2021.10-win32/gcc-arm-none-eabi-10.3-2021.10/bin/../lib/gcc/arm-none-eabi/10.3.1/thumb/v7e-m/nofp/crtbegin.o

.preinit_array  0x08004bd0        0x0
                0x08004bd0                . = ALIGN (0x4)
                0x08004bd0                PROVIDE (__preinit_array_start = .)
 *(.preinit_array*)
                0x08004bd0                PROVIDE (__preinit_array_end = .)
                0x08004bd0                . = ALIGN (0x4)

.init_array     0x08004bd0        0x8
                0x08004bd0                . = ALIGN (0x4)
                0x08004bd0                PROVIDE (__init_array_start = .)
 *(SORT_BY_NAME(.init_array.*))
 .init_array.00000
                0x08004bd0        0x4 d:/tools/gcc-arm-none-eabi-10.3-2021.10-win32/gcc-arm-none-eabi-10.3-2021.10/bin/../lib/gcc/arm-none-eabi/10.3.1/../../../../arm-none-eabi/lib/thumb/v7e-m/nofp\libg.a(lib_a-__call_atexit.o)
 *(.init_array*)
 .init_array    0x08004bd4        0x4 d:/tools/gcc-arm-none-eabi-10.3-2021.10-win32/gcc-arm-none-eabi-10.3-2021.10/bin/../lib/gcc/arm-none-eabi/10.3.1/thumb/v7e-m/nofp/crtbegin.o
                0x08004bd8                PROVIDE (__init_array_end = .)
                0x08004bd8                . = ALIGN (0x4)

.fini_array     0x08004bd8        0x4
                0x08004bd8                . = ALIGN (0x4)
                0x08004bd8                PROVIDE (__fini_array_start = .)
 *(SORT_BY_NAME(.fini_array.*))
 *(.fini_array*)
 .fini_array    0x08004bd8        0x4 d:/tools/gcc-arm-none-eabi-10.3-2021.10-win32/gcc-arm-none-eabi-10.3-2021.10/bin/../lib/gcc/arm-none-eabi/10.3.1/thumb/v7e-m/nofp/crtbegin.o
                0x08004bdc                PROVIDE (__fini_array_end = .)
                0x08004bdc                . = ALIGN (0x4)
                0x08004bdc                _sidata = LOADADDR (.data)

.data           0x20000000      0x444 load address 0x08004bdc
                0x20000000                . = ALIGN (0x4)
                0x20000000                _sdata = .
 *(.data)
 *(.data*)
 .data.oled_spi
                0x20000000        0x4 CMakeFiles/SawamuraEririAndSky.elf.dir/Core/Src/lcd_init.c.obj
                0x20000000                oled_spi
 .data.pwm_duty
                0x20000004        0x4 CMakeFiles/SawamuraEririAndSky.elf.dir/Core/Src/main.c.obj
 .data.SystemCoreClock
                0x20000008        0x4 CMakeFiles/SawamuraEririAndSky.elf.dir/Core/Src/system_stm32f4xx.c.obj
                0x20000008                SystemCoreClock
 .data.uwTickFreq
                0x2000000c        0x1 CMakeFiles/SawamuraEririAndSky.elf.dir/Drivers/STM32F4xx_HAL_Driver/Src/stm32f4xx_hal.c.obj
                0x2000000c                uwTickFreq
 *fill*         0x2000000d        0x3 
 .data.uwTickPrio
                0x20000010        0x4 CMakeFiles/SawamuraEririAndSky.elf.dir/Drivers/STM32F4xx_HAL_Driver/Src/stm32f4xx_hal.c.obj
                0x20000010                uwTickPrio
 *fill*         0x20000014        0x4 
 .data.impure_data
                0x20000018      0x428 d:/tools/gcc-arm-none-eabi-10.3-2021.10-win32/gcc-arm-none-eabi-10.3-2021.10/bin/../lib/gcc/arm-none-eabi/10.3.1/../../../../arm-none-eabi/lib/thumb/v7e-m/nofp\libg.a(lib_a-impure.o)
 .data.__atexit_recursive_mutex
                0x20000440        0x4 d:/tools/gcc-arm-none-eabi-10.3-2021.10-win32/gcc-arm-none-eabi-10.3-2021.10/bin/../lib/gcc/arm-none-eabi/10.3.1/../../../../arm-none-eabi/lib/thumb/v7e-m/nofp\libg.a(lib_a-__call_atexit.o)
                0x20000440                __atexit_recursive_mutex
 *(.RamFunc)
 *(.RamFunc*)
                0x20000444                . = ALIGN (0x4)
                0x20000444                _edata = .
                0x08005020                _siccmram = LOADADDR (.ccmram)

.igot.plt       0x20000444        0x0 load address 0x08005020
 .igot.plt      0x20000444        0x0 d:/tools/gcc-arm-none-eabi-10.3-2021.10-win32/gcc-arm-none-eabi-10.3-2021.10/bin/../lib/gcc/arm-none-eabi/10.3.1/thumb/v7e-m/nofp/crtbegin.o

.ccmram         0x10000000        0x0 load address 0x08005020
                0x10000000                . = ALIGN (0x4)
                0x10000000                _sccmram = .
 *(.ccmram)
 *(.ccmram*)
                0x10000000                . = ALIGN (0x4)
                0x10000000                _eccmram = .
                0x10000000                . = ALIGN (0x4)

.bss            0x20000444      0x160
                0x20000444                _sbss = .
                0x20000444                __bss_start__ = _sbss
 *(.bss)
 .bss           0x20000444       0x1c d:/tools/gcc-arm-none-eabi-10.3-2021.10-win32/gcc-arm-none-eabi-10.3-2021.10/bin/../lib/gcc/arm-none-eabi/10.3.1/thumb/v7e-m/nofp/crtbegin.o
 *(.bss*)
 .bss.fac_us    0x20000460        0x4 CMakeFiles/SawamuraEririAndSky.elf.dir/Core/Src/delay.c.obj
 .bss.keyInterrupt1
                0x20000464        0x4 CMakeFiles/SawamuraEririAndSky.elf.dir/Core/Src/main.c.obj
 .bss.keyInterrupt2
                0x20000468        0x4 CMakeFiles/SawamuraEririAndSky.elf.dir/Core/Src/main.c.obj
 .bss.hspi5     0x2000046c       0x58 CMakeFiles/SawamuraEririAndSky.elf.dir/Core/Src/spi.c.obj
                0x2000046c                hspi5
 .bss.htim2     0x200004c4       0x48 CMakeFiles/SawamuraEririAndSky.elf.dir/Core/Src/tim.c.obj
                0x200004c4                htim2
 .bss.htim3     0x2000050c       0x48 CMakeFiles/SawamuraEririAndSky.elf.dir/Core/Src/tim.c.obj
                0x2000050c                htim3
 .bss.htim4     0x20000554       0x48 CMakeFiles/SawamuraEririAndSky.elf.dir/Core/Src/tim.c.obj
                0x20000554                htim4
 .bss.uwTick    0x2000059c        0x4 CMakeFiles/SawamuraEririAndSky.elf.dir/Drivers/STM32F4xx_HAL_Driver/Src/stm32f4xx_hal.c.obj
                0x2000059c                uwTick
 .bss.__lock___atexit_recursive_mutex
                0x200005a0        0x1 d:/tools/gcc-arm-none-eabi-10.3-2021.10-win32/gcc-arm-none-eabi-10.3-2021.10/bin/../lib/gcc/arm-none-eabi/10.3.1/../../../../arm-none-eabi/lib/thumb/v7e-m/nofp\libg.a(lib_a-lock.o)
                0x200005a0                __lock___atexit_recursive_mutex
 *(COMMON)
                0x200005a4                . = ALIGN (0x4)
 *fill*         0x200005a1        0x3 
                0x200005a4                _ebss = .
                0x200005a4                __bss_end__ = _ebss

._user_heap_stack
                0x200005a4      0x604
                0x200005a8                . = ALIGN (0x8)
 *fill*         0x200005a4        0x4 
                [!provide]                PROVIDE (end = .)
                0x200005a8                PROVIDE (_end = .)
                0x200007a8                . = (. + _Min_Heap_Size)
 *fill*         0x200005a8      0x200 
                0x20000ba8                . = (. + _Min_Stack_Size)
 *fill*         0x200007a8      0x400 
                0x20000ba8                . = ALIGN (0x8)

/DISCARD/
 libc.a(*)
 libm.a(*)
 libgcc.a(*)

.ARM.attributes
                0x00000000       0x2a
 *(.ARM.attributes)
 .ARM.attributes
                0x00000000       0x1e d:/tools/gcc-arm-none-eabi-10.3-2021.10-win32/gcc-arm-none-eabi-10.3-2021.10/bin/../lib/gcc/arm-none-eabi/10.3.1/thumb/v7e-m/nofp/crti.o
 .ARM.attributes
                0x0000001e       0x2e d:/tools/gcc-arm-none-eabi-10.3-2021.10-win32/gcc-arm-none-eabi-10.3-2021.10/bin/../lib/gcc/arm-none-eabi/10.3.1/thumb/v7e-m/nofp/crtbegin.o
 .ARM.attributes
                0x0000004c       0x2e CMakeFiles/SawamuraEririAndSky.elf.dir/Core/Src/delay.c.obj
 .ARM.attributes
                0x0000007a       0x2e CMakeFiles/SawamuraEririAndSky.elf.dir/Core/Src/gpio.c.obj
 .ARM.attributes
                0x000000a8       0x2e CMakeFiles/SawamuraEririAndSky.elf.dir/Core/Src/lcd.c.obj
 .ARM.attributes
                0x000000d6       0x2e CMakeFiles/SawamuraEririAndSky.elf.dir/Core/Src/lcd_init.c.obj
 .ARM.attributes
                0x00000104       0x2e CMakeFiles/SawamuraEririAndSky.elf.dir/Core/Src/main.c.obj
 .ARM.attributes
                0x00000132       0x2e CMakeFiles/SawamuraEririAndSky.elf.dir/Core/Src/spi.c.obj
 .ARM.attributes
                0x00000160       0x2e CMakeFiles/SawamuraEririAndSky.elf.dir/Core/Src/stm32f4xx_hal_msp.c.obj
 .ARM.attributes
                0x0000018e       0x2e CMakeFiles/SawamuraEririAndSky.elf.dir/Core/Src/stm32f4xx_it.c.obj
 .ARM.attributes
                0x000001bc       0x2e CMakeFiles/SawamuraEririAndSky.elf.dir/Core/Src/system_stm32f4xx.c.obj
 .ARM.attributes
                0x000001ea       0x2e CMakeFiles/SawamuraEririAndSky.elf.dir/Core/Src/tim.c.obj
 .ARM.attributes
                0x00000218       0x21 CMakeFiles/SawamuraEririAndSky.elf.dir/Core/Startup/startup_stm32f429igtx.s.obj
 .ARM.attributes
                0x00000239       0x2e CMakeFiles/SawamuraEririAndSky.elf.dir/Drivers/STM32F4xx_HAL_Driver/Src/stm32f4xx_hal.c.obj
 .ARM.attributes
                0x00000267       0x2e CMakeFiles/SawamuraEririAndSky.elf.dir/Drivers/STM32F4xx_HAL_Driver/Src/stm32f4xx_hal_cortex.c.obj
 .ARM.attributes
                0x00000295       0x2e CMakeFiles/SawamuraEririAndSky.elf.dir/Drivers/STM32F4xx_HAL_Driver/Src/stm32f4xx_hal_gpio.c.obj
 .ARM.attributes
                0x000002c3       0x2e CMakeFiles/SawamuraEririAndSky.elf.dir/Drivers/STM32F4xx_HAL_Driver/Src/stm32f4xx_hal_rcc.c.obj
 .ARM.attributes
                0x000002f1       0x2e CMakeFiles/SawamuraEririAndSky.elf.dir/Drivers/STM32F4xx_HAL_Driver/Src/stm32f4xx_hal_spi.c.obj
 .ARM.attributes
                0x0000031f       0x2e CMakeFiles/SawamuraEririAndSky.elf.dir/Drivers/STM32F4xx_HAL_Driver/Src/stm32f4xx_hal_tim.c.obj
 .ARM.attributes
                0x0000034d       0x2e CMakeFiles/SawamuraEririAndSky.elf.dir/Drivers/STM32F4xx_HAL_Driver/Src/stm32f4xx_hal_tim_ex.c.obj
 .ARM.attributes
                0x0000037b       0x1e d:/tools/gcc-arm-none-eabi-10.3-2021.10-win32/gcc-arm-none-eabi-10.3-2021.10/bin/../lib/gcc/arm-none-eabi/10.3.1/thumb/v7e-m/nofp\libgcc.a(_arm_mulsf3.o)
 .ARM.attributes
                0x00000399       0x1e d:/tools/gcc-arm-none-eabi-10.3-2021.10-win32/gcc-arm-none-eabi-10.3-2021.10/bin/../lib/gcc/arm-none-eabi/10.3.1/thumb/v7e-m/nofp\libgcc.a(_arm_addsubsf3.o)
 .ARM.attributes
                0x000003b7       0x1e d:/tools/gcc-arm-none-eabi-10.3-2021.10-win32/gcc-arm-none-eabi-10.3-2021.10/bin/../lib/gcc/arm-none-eabi/10.3.1/thumb/v7e-m/nofp\libgcc.a(_arm_fixunssfsi.o)
 .ARM.attributes
                0x000003d5       0x1e d:/tools/gcc-arm-none-eabi-10.3-2021.10-win32/gcc-arm-none-eabi-10.3-2021.10/bin/../lib/gcc/arm-none-eabi/10.3.1/thumb/v7e-m/nofp\libgcc.a(_aeabi_uldivmod.o)
 .ARM.attributes
                0x000003f3       0x2e d:/tools/gcc-arm-none-eabi-10.3-2021.10-win32/gcc-arm-none-eabi-10.3-2021.10/bin/../lib/gcc/arm-none-eabi/10.3.1/thumb/v7e-m/nofp\libgcc.a(_udivmoddi4.o)
 .ARM.attributes
                0x00000421       0x1e d:/tools/gcc-arm-none-eabi-10.3-2021.10-win32/gcc-arm-none-eabi-10.3-2021.10/bin/../lib/gcc/arm-none-eabi/10.3.1/thumb/v7e-m/nofp\libgcc.a(_dvmd_tls.o)
 .ARM.attributes
                0x0000043f       0x2e d:/tools/gcc-arm-none-eabi-10.3-2021.10-win32/gcc-arm-none-eabi-10.3-2021.10/bin/../lib/gcc/arm-none-eabi/10.3.1/../../../../arm-none-eabi/lib/thumb/v7e-m/nofp\libg.a(lib_a-impure.o)
 .ARM.attributes
                0x0000046d       0x2e d:/tools/gcc-arm-none-eabi-10.3-2021.10-win32/gcc-arm-none-eabi-10.3-2021.10/bin/../lib/gcc/arm-none-eabi/10.3.1/../../../../arm-none-eabi/lib/thumb/v7e-m/nofp\libg.a(lib_a-init.o)
 .ARM.attributes
                0x0000049b       0x2e d:/tools/gcc-arm-none-eabi-10.3-2021.10-win32/gcc-arm-none-eabi-10.3-2021.10/bin/../lib/gcc/arm-none-eabi/10.3.1/../../../../arm-none-eabi/lib/thumb/v7e-m/nofp\libg.a(lib_a-memset.o)
 .ARM.attributes
                0x000004c9       0x2e d:/tools/gcc-arm-none-eabi-10.3-2021.10-win32/gcc-arm-none-eabi-10.3-2021.10/bin/../lib/gcc/arm-none-eabi/10.3.1/../../../../arm-none-eabi/lib/thumb/v7e-m/nofp\libg.a(lib_a-__call_atexit.o)
 .ARM.attributes
                0x000004f7       0x2e d:/tools/gcc-arm-none-eabi-10.3-2021.10-win32/gcc-arm-none-eabi-10.3-2021.10/bin/../lib/gcc/arm-none-eabi/10.3.1/../../../../arm-none-eabi/lib/thumb/v7e-m/nofp\libg.a(lib_a-atexit.o)
 .ARM.attributes
                0x00000525       0x2e d:/tools/gcc-arm-none-eabi-10.3-2021.10-win32/gcc-arm-none-eabi-10.3-2021.10/bin/../lib/gcc/arm-none-eabi/10.3.1/../../../../arm-none-eabi/lib/thumb/v7e-m/nofp\libg.a(lib_a-fini.o)
 .ARM.attributes
                0x00000553       0x2e d:/tools/gcc-arm-none-eabi-10.3-2021.10-win32/gcc-arm-none-eabi-10.3-2021.10/bin/../lib/gcc/arm-none-eabi/10.3.1/../../../../arm-none-eabi/lib/thumb/v7e-m/nofp\libg.a(lib_a-lock.o)
 .ARM.attributes
                0x00000581       0x2e d:/tools/gcc-arm-none-eabi-10.3-2021.10-win32/gcc-arm-none-eabi-10.3-2021.10/bin/../lib/gcc/arm-none-eabi/10.3.1/../../../../arm-none-eabi/lib/thumb/v7e-m/nofp\libg.a(lib_a-__atexit.o)
 .ARM.attributes
                0x000005af       0x1e d:/tools/gcc-arm-none-eabi-10.3-2021.10-win32/gcc-arm-none-eabi-10.3-2021.10/bin/../lib/gcc/arm-none-eabi/10.3.1/thumb/v7e-m/nofp/crtn.o
OUTPUT(SawamuraEririAndSky.elf elf32-littlearm)
LOAD linker stubs
LOAD d:/tools/gcc-arm-none-eabi-10.3-2021.10-win32/gcc-arm-none-eabi-10.3-2021.10/bin/../lib/gcc/arm-none-eabi/10.3.1/../../../../arm-none-eabi/lib/thumb/v7e-m/nofp\libc.a
LOAD d:/tools/gcc-arm-none-eabi-10.3-2021.10-win32/gcc-arm-none-eabi-10.3-2021.10/bin/../lib/gcc/arm-none-eabi/10.3.1/../../../../arm-none-eabi/lib/thumb/v7e-m/nofp\libm.a
LOAD d:/tools/gcc-arm-none-eabi-10.3-2021.10-win32/gcc-arm-none-eabi-10.3-2021.10/bin/../lib/gcc/arm-none-eabi/10.3.1/thumb/v7e-m/nofp\libgcc.a

.debug_info     0x00000000    0x10ced
 .debug_info    0x00000000      0x24b CMakeFiles/SawamuraEririAndSky.elf.dir/Core/Src/delay.c.obj
 .debug_info    0x0000024b      0x7ae CMakeFiles/SawamuraEririAndSky.elf.dir/Core/Src/gpio.c.obj
 .debug_info    0x000009f9     0x14b2 CMakeFiles/SawamuraEririAndSky.elf.dir/Core/Src/lcd.c.obj
 .debug_info    0x00001eab      0xe44 CMakeFiles/SawamuraEririAndSky.elf.dir/Core/Src/lcd_init.c.obj
 .debug_info    0x00002cef      0xfab CMakeFiles/SawamuraEririAndSky.elf.dir/Core/Src/main.c.obj
 .debug_info    0x00003c9a      0xa8c CMakeFiles/SawamuraEririAndSky.elf.dir/Core/Src/spi.c.obj
 .debug_info    0x00004726      0x2c0 CMakeFiles/SawamuraEririAndSky.elf.dir/Core/Src/stm32f4xx_hal_msp.c.obj
 .debug_info    0x000049e6      0x7d1 CMakeFiles/SawamuraEririAndSky.elf.dir/Core/Src/stm32f4xx_it.c.obj
 .debug_info    0x000051b7      0x399 CMakeFiles/SawamuraEririAndSky.elf.dir/Core/Src/system_stm32f4xx.c.obj
 .debug_info    0x00005550     0x11c5 CMakeFiles/SawamuraEririAndSky.elf.dir/Core/Src/tim.c.obj
 .debug_info    0x00006715       0x22 CMakeFiles/SawamuraEririAndSky.elf.dir/Core/Startup/startup_stm32f429igtx.s.obj
 .debug_info    0x00006737      0xa68 CMakeFiles/SawamuraEririAndSky.elf.dir/Drivers/STM32F4xx_HAL_Driver/Src/stm32f4xx_hal.c.obj
 .debug_info    0x0000719f     0x10e1 CMakeFiles/SawamuraEririAndSky.elf.dir/Drivers/STM32F4xx_HAL_Driver/Src/stm32f4xx_hal_cortex.c.obj
 .debug_info    0x00008280      0x7cc CMakeFiles/SawamuraEririAndSky.elf.dir/Drivers/STM32F4xx_HAL_Driver/Src/stm32f4xx_hal_gpio.c.obj
 .debug_info    0x00008a4c      0xb1f CMakeFiles/SawamuraEririAndSky.elf.dir/Drivers/STM32F4xx_HAL_Driver/Src/stm32f4xx_hal_rcc.c.obj
 .debug_info    0x0000956b     0x1eb9 CMakeFiles/SawamuraEririAndSky.elf.dir/Drivers/STM32F4xx_HAL_Driver/Src/stm32f4xx_hal_spi.c.obj
 .debug_info    0x0000b424     0x3dc6 CMakeFiles/SawamuraEririAndSky.elf.dir/Drivers/STM32F4xx_HAL_Driver/Src/stm32f4xx_hal_tim.c.obj
 .debug_info    0x0000f1ea     0x1b03 CMakeFiles/SawamuraEririAndSky.elf.dir/Drivers/STM32F4xx_HAL_Driver/Src/stm32f4xx_hal_tim_ex.c.obj

.debug_abbrev   0x00000000     0x2193
 .debug_abbrev  0x00000000      0x12e CMakeFiles/SawamuraEririAndSky.elf.dir/Core/Src/delay.c.obj
 .debug_abbrev  0x0000012e      0x16a CMakeFiles/SawamuraEririAndSky.elf.dir/Core/Src/gpio.c.obj
 .debug_abbrev  0x00000298      0x29d CMakeFiles/SawamuraEririAndSky.elf.dir/Core/Src/lcd.c.obj
 .debug_abbrev  0x00000535      0x1bb CMakeFiles/SawamuraEririAndSky.elf.dir/Core/Src/lcd_init.c.obj
 .debug_abbrev  0x000006f0      0x277 CMakeFiles/SawamuraEririAndSky.elf.dir/Core/Src/main.c.obj
 .debug_abbrev  0x00000967      0x1d3 CMakeFiles/SawamuraEririAndSky.elf.dir/Core/Src/spi.c.obj
 .debug_abbrev  0x00000b3a       0xd1 CMakeFiles/SawamuraEririAndSky.elf.dir/Core/Src/stm32f4xx_hal_msp.c.obj
 .debug_abbrev  0x00000c0b      0x1b0 CMakeFiles/SawamuraEririAndSky.elf.dir/Core/Src/stm32f4xx_it.c.obj
 .debug_abbrev  0x00000dbb      0x119 CMakeFiles/SawamuraEririAndSky.elf.dir/Core/Src/system_stm32f4xx.c.obj
 .debug_abbrev  0x00000ed4      0x1ef CMakeFiles/SawamuraEririAndSky.elf.dir/Core/Src/tim.c.obj
 .debug_abbrev  0x000010c3       0x12 CMakeFiles/SawamuraEririAndSky.elf.dir/Core/Startup/startup_stm32f429igtx.s.obj
 .debug_abbrev  0x000010d5      0x206 CMakeFiles/SawamuraEririAndSky.elf.dir/Drivers/STM32F4xx_HAL_Driver/Src/stm32f4xx_hal.c.obj
 .debug_abbrev  0x000012db      0x36a CMakeFiles/SawamuraEririAndSky.elf.dir/Drivers/STM32F4xx_HAL_Driver/Src/stm32f4xx_hal_cortex.c.obj
 .debug_abbrev  0x00001645      0x1ef CMakeFiles/SawamuraEririAndSky.elf.dir/Drivers/STM32F4xx_HAL_Driver/Src/stm32f4xx_hal_gpio.c.obj
 .debug_abbrev  0x00001834      0x28a CMakeFiles/SawamuraEririAndSky.elf.dir/Drivers/STM32F4xx_HAL_Driver/Src/stm32f4xx_hal_rcc.c.obj
 .debug_abbrev  0x00001abe      0x25b CMakeFiles/SawamuraEririAndSky.elf.dir/Drivers/STM32F4xx_HAL_Driver/Src/stm32f4xx_hal_spi.c.obj
 .debug_abbrev  0x00001d19      0x232 CMakeFiles/SawamuraEririAndSky.elf.dir/Drivers/STM32F4xx_HAL_Driver/Src/stm32f4xx_hal_tim.c.obj
 .debug_abbrev  0x00001f4b      0x248 CMakeFiles/SawamuraEririAndSky.elf.dir/Drivers/STM32F4xx_HAL_Driver/Src/stm32f4xx_hal_tim_ex.c.obj

.debug_loc      0x00000000     0xb985
 .debug_loc     0x00000000      0x157 CMakeFiles/SawamuraEririAndSky.elf.dir/Core/Src/delay.c.obj
 .debug_loc     0x00000157     0x13b8 CMakeFiles/SawamuraEririAndSky.elf.dir/Core/Src/lcd.c.obj
 .debug_loc     0x0000150f      0x126 CMakeFiles/SawamuraEririAndSky.elf.dir/Core/Src/lcd_init.c.obj
 .debug_loc     0x00001635       0x42 CMakeFiles/SawamuraEririAndSky.elf.dir/Core/Src/main.c.obj
 .debug_loc     0x00001677       0x84 CMakeFiles/SawamuraEririAndSky.elf.dir/Core/Src/spi.c.obj
 .debug_loc     0x000016fb      0x158 CMakeFiles/SawamuraEririAndSky.elf.dir/Core/Src/system_stm32f4xx.c.obj
 .debug_loc     0x00001853      0x11a CMakeFiles/SawamuraEririAndSky.elf.dir/Core/Src/tim.c.obj
 .debug_loc     0x0000196d      0x141 CMakeFiles/SawamuraEririAndSky.elf.dir/Drivers/STM32F4xx_HAL_Driver/Src/stm32f4xx_hal.c.obj
 .debug_loc     0x00001aae      0x744 CMakeFiles/SawamuraEririAndSky.elf.dir/Drivers/STM32F4xx_HAL_Driver/Src/stm32f4xx_hal_cortex.c.obj
 .debug_loc     0x000021f2      0x520 CMakeFiles/SawamuraEririAndSky.elf.dir/Drivers/STM32F4xx_HAL_Driver/Src/stm32f4xx_hal_gpio.c.obj
 .debug_loc     0x00002712      0x58c CMakeFiles/SawamuraEririAndSky.elf.dir/Drivers/STM32F4xx_HAL_Driver/Src/stm32f4xx_hal_rcc.c.obj
 .debug_loc     0x00002c9e     0x1f70 CMakeFiles/SawamuraEririAndSky.elf.dir/Drivers/STM32F4xx_HAL_Driver/Src/stm32f4xx_hal_spi.c.obj
 .debug_loc     0x00004c0e     0x50ad CMakeFiles/SawamuraEririAndSky.elf.dir/Drivers/STM32F4xx_HAL_Driver/Src/stm32f4xx_hal_tim.c.obj
 .debug_loc     0x00009cbb     0x1cca CMakeFiles/SawamuraEririAndSky.elf.dir/Drivers/STM32F4xx_HAL_Driver/Src/stm32f4xx_hal_tim_ex.c.obj

.debug_aranges  0x00000000      0xc60
 .debug_aranges
                0x00000000       0x30 CMakeFiles/SawamuraEririAndSky.elf.dir/Core/Src/delay.c.obj
 .debug_aranges
                0x00000030       0x20 CMakeFiles/SawamuraEririAndSky.elf.dir/Core/Src/gpio.c.obj
 .debug_aranges
                0x00000050       0x90 CMakeFiles/SawamuraEririAndSky.elf.dir/Core/Src/lcd.c.obj
 .debug_aranges
                0x000000e0       0x48 CMakeFiles/SawamuraEririAndSky.elf.dir/Core/Src/lcd_init.c.obj
 .debug_aranges
                0x00000128       0x40 CMakeFiles/SawamuraEririAndSky.elf.dir/Core/Src/main.c.obj
 .debug_aranges
                0x00000168       0x30 CMakeFiles/SawamuraEririAndSky.elf.dir/Core/Src/spi.c.obj
 .debug_aranges
                0x00000198       0x20 CMakeFiles/SawamuraEririAndSky.elf.dir/Core/Src/stm32f4xx_hal_msp.c.obj
 .debug_aranges
                0x000001b8       0x78 CMakeFiles/SawamuraEririAndSky.elf.dir/Core/Src/stm32f4xx_it.c.obj
 .debug_aranges
                0x00000230       0x28 CMakeFiles/SawamuraEririAndSky.elf.dir/Core/Src/system_stm32f4xx.c.obj
 .debug_aranges
                0x00000258       0x48 CMakeFiles/SawamuraEririAndSky.elf.dir/Core/Src/tim.c.obj
 .debug_aranges
                0x000002a0       0x28 CMakeFiles/SawamuraEririAndSky.elf.dir/Core/Startup/startup_stm32f429igtx.s.obj
 .debug_aranges
                0x000002c8      0x100 CMakeFiles/SawamuraEririAndSky.elf.dir/Drivers/STM32F4xx_HAL_Driver/Src/stm32f4xx_hal.c.obj
 .debug_aranges
                0x000003c8       0xb0 CMakeFiles/SawamuraEririAndSky.elf.dir/Drivers/STM32F4xx_HAL_Driver/Src/stm32f4xx_hal_cortex.c.obj
 .debug_aranges
                0x00000478       0x58 CMakeFiles/SawamuraEririAndSky.elf.dir/Drivers/STM32F4xx_HAL_Driver/Src/stm32f4xx_hal_gpio.c.obj
 .debug_aranges
                0x000004d0       0x88 CMakeFiles/SawamuraEririAndSky.elf.dir/Drivers/STM32F4xx_HAL_Driver/Src/stm32f4xx_hal_rcc.c.obj
 .debug_aranges
                0x00000558      0x1d0 CMakeFiles/SawamuraEririAndSky.elf.dir/Drivers/STM32F4xx_HAL_Driver/Src/stm32f4xx_hal_spi.c.obj
 .debug_aranges
                0x00000728      0x3d0 CMakeFiles/SawamuraEririAndSky.elf.dir/Drivers/STM32F4xx_HAL_Driver/Src/stm32f4xx_hal_tim.c.obj
 .debug_aranges
                0x00000af8      0x168 CMakeFiles/SawamuraEririAndSky.elf.dir/Drivers/STM32F4xx_HAL_Driver/Src/stm32f4xx_hal_tim_ex.c.obj

.debug_ranges   0x00000000      0xbc0
 .debug_ranges  0x00000000       0x20 CMakeFiles/SawamuraEririAndSky.elf.dir/Core/Src/delay.c.obj
 .debug_ranges  0x00000020       0x10 CMakeFiles/SawamuraEririAndSky.elf.dir/Core/Src/gpio.c.obj
 .debug_ranges  0x00000030       0x80 CMakeFiles/SawamuraEririAndSky.elf.dir/Core/Src/lcd.c.obj
 .debug_ranges  0x000000b0       0x38 CMakeFiles/SawamuraEririAndSky.elf.dir/Core/Src/lcd_init.c.obj
 .debug_ranges  0x000000e8       0x30 CMakeFiles/SawamuraEririAndSky.elf.dir/Core/Src/main.c.obj
 .debug_ranges  0x00000118       0x20 CMakeFiles/SawamuraEririAndSky.elf.dir/Core/Src/spi.c.obj
 .debug_ranges  0x00000138       0x10 CMakeFiles/SawamuraEririAndSky.elf.dir/Core/Src/stm32f4xx_hal_msp.c.obj
 .debug_ranges  0x00000148       0x68 CMakeFiles/SawamuraEririAndSky.elf.dir/Core/Src/stm32f4xx_it.c.obj
 .debug_ranges  0x000001b0       0x18 CMakeFiles/SawamuraEririAndSky.elf.dir/Core/Src/system_stm32f4xx.c.obj
 .debug_ranges  0x000001c8       0x38 CMakeFiles/SawamuraEririAndSky.elf.dir/Core/Src/tim.c.obj
 .debug_ranges  0x00000200       0x20 CMakeFiles/SawamuraEririAndSky.elf.dir/Core/Startup/startup_stm32f429igtx.s.obj
 .debug_ranges  0x00000220       0xf0 CMakeFiles/SawamuraEririAndSky.elf.dir/Drivers/STM32F4xx_HAL_Driver/Src/stm32f4xx_hal.c.obj
 .debug_ranges  0x00000310      0x100 CMakeFiles/SawamuraEririAndSky.elf.dir/Drivers/STM32F4xx_HAL_Driver/Src/stm32f4xx_hal_cortex.c.obj
 .debug_ranges  0x00000410       0x48 CMakeFiles/SawamuraEririAndSky.elf.dir/Drivers/STM32F4xx_HAL_Driver/Src/stm32f4xx_hal_gpio.c.obj
 .debug_ranges  0x00000458       0x90 CMakeFiles/SawamuraEririAndSky.elf.dir/Drivers/STM32F4xx_HAL_Driver/Src/stm32f4xx_hal_rcc.c.obj
 .debug_ranges  0x000004e8      0x1c0 CMakeFiles/SawamuraEririAndSky.elf.dir/Drivers/STM32F4xx_HAL_Driver/Src/stm32f4xx_hal_spi.c.obj
 .debug_ranges  0x000006a8      0x3c0 CMakeFiles/SawamuraEririAndSky.elf.dir/Drivers/STM32F4xx_HAL_Driver/Src/stm32f4xx_hal_tim.c.obj
 .debug_ranges  0x00000a68      0x158 CMakeFiles/SawamuraEririAndSky.elf.dir/Drivers/STM32F4xx_HAL_Driver/Src/stm32f4xx_hal_tim_ex.c.obj

.debug_line     0x00000000     0xe03a
 .debug_line    0x00000000      0x310 CMakeFiles/SawamuraEririAndSky.elf.dir/Core/Src/delay.c.obj
 .debug_line    0x00000310      0x2f8 CMakeFiles/SawamuraEririAndSky.elf.dir/Core/Src/gpio.c.obj
 .debug_line    0x00000608      0xbaf CMakeFiles/SawamuraEririAndSky.elf.dir/Core/Src/lcd.c.obj
 .debug_line    0x000011b7      0x3c2 CMakeFiles/SawamuraEririAndSky.elf.dir/Core/Src/lcd_init.c.obj
 .debug_line    0x00001579      0x543 CMakeFiles/SawamuraEririAndSky.elf.dir/Core/Src/main.c.obj
 .debug_line    0x00001abc      0x40f CMakeFiles/SawamuraEririAndSky.elf.dir/Core/Src/spi.c.obj
 .debug_line    0x00001ecb      0x1ef CMakeFiles/SawamuraEririAndSky.elf.dir/Core/Src/stm32f4xx_hal_msp.c.obj
 .debug_line    0x000020ba      0x3e0 CMakeFiles/SawamuraEririAndSky.elf.dir/Core/Src/stm32f4xx_it.c.obj
 .debug_line    0x0000249a      0x2b7 CMakeFiles/SawamuraEririAndSky.elf.dir/Core/Src/system_stm32f4xx.c.obj
 .debug_line    0x00002751      0x612 CMakeFiles/SawamuraEririAndSky.elf.dir/Core/Src/tim.c.obj
 .debug_line    0x00002d63       0xb5 CMakeFiles/SawamuraEririAndSky.elf.dir/Core/Startup/startup_stm32f429igtx.s.obj
 .debug_line    0x00002e18      0x691 CMakeFiles/SawamuraEririAndSky.elf.dir/Drivers/STM32F4xx_HAL_Driver/Src/stm32f4xx_hal.c.obj
 .debug_line    0x000034a9      0x885 CMakeFiles/SawamuraEririAndSky.elf.dir/Drivers/STM32F4xx_HAL_Driver/Src/stm32f4xx_hal_cortex.c.obj
 .debug_line    0x00003d2e      0x7ba CMakeFiles/SawamuraEririAndSky.elf.dir/Drivers/STM32F4xx_HAL_Driver/Src/stm32f4xx_hal_gpio.c.obj
 .debug_line    0x000044e8      0xbd3 CMakeFiles/SawamuraEririAndSky.elf.dir/Drivers/STM32F4xx_HAL_Driver/Src/stm32f4xx_hal_rcc.c.obj
 .debug_line    0x000050bb     0x266e CMakeFiles/SawamuraEririAndSky.elf.dir/Drivers/STM32F4xx_HAL_Driver/Src/stm32f4xx_hal_spi.c.obj
 .debug_line    0x00007729     0x4b9d CMakeFiles/SawamuraEririAndSky.elf.dir/Drivers/STM32F4xx_HAL_Driver/Src/stm32f4xx_hal_tim.c.obj
 .debug_line    0x0000c2c6     0x1d74 CMakeFiles/SawamuraEririAndSky.elf.dir/Drivers/STM32F4xx_HAL_Driver/Src/stm32f4xx_hal_tim_ex.c.obj

.debug_str      0x00000000     0x3f04
 .debug_str     0x00000000      0x23d CMakeFiles/SawamuraEririAndSky.elf.dir/Core/Src/delay.c.obj
                                0x292 (size before relaxing)
 .debug_str     0x0000023d      0x77c CMakeFiles/SawamuraEririAndSky.elf.dir/Core/Src/gpio.c.obj
                                0x945 (size before relaxing)
 .debug_str     0x000009b9      0x253 CMakeFiles/SawamuraEririAndSky.elf.dir/Core/Src/lcd.c.obj
                                0x423 (size before relaxing)
 .debug_str     0x00000c0c      0x454 CMakeFiles/SawamuraEririAndSky.elf.dir/Core/Src/lcd_init.c.obj
                                0x710 (size before relaxing)
 .debug_str     0x00001060      0x5d3 CMakeFiles/SawamuraEririAndSky.elf.dir/Core/Src/main.c.obj
                                0xbbd (size before relaxing)
 .debug_str     0x00001633       0x88 CMakeFiles/SawamuraEririAndSky.elf.dir/Core/Src/spi.c.obj
                                0x854 (size before relaxing)
 .debug_str     0x000016bb       0x59 CMakeFiles/SawamuraEririAndSky.elf.dir/Core/Src/stm32f4xx_hal_msp.c.obj
                                0x31a (size before relaxing)
 .debug_str     0x00001714      0x143 CMakeFiles/SawamuraEririAndSky.elf.dir/Core/Src/stm32f4xx_it.c.obj
                                0x82f (size before relaxing)
 .debug_str     0x00001857       0xb4 CMakeFiles/SawamuraEririAndSky.elf.dir/Core/Src/system_stm32f4xx.c.obj
                                0x380 (size before relaxing)
 .debug_str     0x0000190b      0x22b CMakeFiles/SawamuraEririAndSky.elf.dir/Core/Src/tim.c.obj
                               0x109c (size before relaxing)
 .debug_str     0x00001b36       0x63 CMakeFiles/SawamuraEririAndSky.elf.dir/Core/Startup/startup_stm32f429igtx.s.obj
                                 0xa5 (size before relaxing)
 .debug_str     0x00001b99      0x3a2 CMakeFiles/SawamuraEririAndSky.elf.dir/Drivers/STM32F4xx_HAL_Driver/Src/stm32f4xx_hal.c.obj
                                0xc58 (size before relaxing)
 .debug_str     0x00001f3b      0x4a3 CMakeFiles/SawamuraEririAndSky.elf.dir/Drivers/STM32F4xx_HAL_Driver/Src/stm32f4xx_hal_cortex.c.obj
                                0xcf3 (size before relaxing)
 .debug_str     0x000023de       0xf0 CMakeFiles/SawamuraEririAndSky.elf.dir/Drivers/STM32F4xx_HAL_Driver/Src/stm32f4xx_hal_gpio.c.obj
                                0x53f (size before relaxing)
 .debug_str     0x000024ce      0x1d1 CMakeFiles/SawamuraEririAndSky.elf.dir/Drivers/STM32F4xx_HAL_Driver/Src/stm32f4xx_hal_rcc.c.obj
                                0x765 (size before relaxing)
 .debug_str     0x0000269f      0x57f CMakeFiles/SawamuraEririAndSky.elf.dir/Drivers/STM32F4xx_HAL_Driver/Src/stm32f4xx_hal_spi.c.obj
                                0xc46 (size before relaxing)
 .debug_str     0x00002c1e      0xd95 CMakeFiles/SawamuraEririAndSky.elf.dir/Drivers/STM32F4xx_HAL_Driver/Src/stm32f4xx_hal_tim.c.obj
                               0x1715 (size before relaxing)
 .debug_str     0x000039b3      0x551 CMakeFiles/SawamuraEririAndSky.elf.dir/Drivers/STM32F4xx_HAL_Driver/Src/stm32f4xx_hal_tim_ex.c.obj
                                0xf06 (size before relaxing)

.comment        0x00000000       0x49
 .comment       0x00000000       0x49 CMakeFiles/SawamuraEririAndSky.elf.dir/Core/Src/delay.c.obj
                                 0x4a (size before relaxing)
 .comment       0x00000049       0x4a CMakeFiles/SawamuraEririAndSky.elf.dir/Core/Src/gpio.c.obj
 .comment       0x00000049       0x4a CMakeFiles/SawamuraEririAndSky.elf.dir/Core/Src/lcd.c.obj
 .comment       0x00000049       0x4a CMakeFiles/SawamuraEririAndSky.elf.dir/Core/Src/lcd_init.c.obj
 .comment       0x00000049       0x4a CMakeFiles/SawamuraEririAndSky.elf.dir/Core/Src/main.c.obj
 .comment       0x00000049       0x4a CMakeFiles/SawamuraEririAndSky.elf.dir/Core/Src/spi.c.obj
 .comment       0x00000049       0x4a CMakeFiles/SawamuraEririAndSky.elf.dir/Core/Src/stm32f4xx_hal_msp.c.obj
 .comment       0x00000049       0x4a CMakeFiles/SawamuraEririAndSky.elf.dir/Core/Src/stm32f4xx_it.c.obj
 .comment       0x00000049       0x4a CMakeFiles/SawamuraEririAndSky.elf.dir/Core/Src/system_stm32f4xx.c.obj
 .comment       0x00000049       0x4a CMakeFiles/SawamuraEririAndSky.elf.dir/Core/Src/tim.c.obj
 .comment       0x00000049       0x4a CMakeFiles/SawamuraEririAndSky.elf.dir/Drivers/STM32F4xx_HAL_Driver/Src/stm32f4xx_hal.c.obj
 .comment       0x00000049       0x4a CMakeFiles/SawamuraEririAndSky.elf.dir/Drivers/STM32F4xx_HAL_Driver/Src/stm32f4xx_hal_cortex.c.obj
 .comment       0x00000049       0x4a CMakeFiles/SawamuraEririAndSky.elf.dir/Drivers/STM32F4xx_HAL_Driver/Src/stm32f4xx_hal_gpio.c.obj
 .comment       0x00000049       0x4a CMakeFiles/SawamuraEririAndSky.elf.dir/Drivers/STM32F4xx_HAL_Driver/Src/stm32f4xx_hal_rcc.c.obj
 .comment       0x00000049       0x4a CMakeFiles/SawamuraEririAndSky.elf.dir/Drivers/STM32F4xx_HAL_Driver/Src/stm32f4xx_hal_spi.c.obj
 .comment       0x00000049       0x4a CMakeFiles/SawamuraEririAndSky.elf.dir/Drivers/STM32F4xx_HAL_Driver/Src/stm32f4xx_hal_tim.c.obj
 .comment       0x00000049       0x4a CMakeFiles/SawamuraEririAndSky.elf.dir/Drivers/STM32F4xx_HAL_Driver/Src/stm32f4xx_hal_tim_ex.c.obj

.debug_frame    0x00000000     0x2404
 .debug_frame   0x00000000       0x60 CMakeFiles/SawamuraEririAndSky.elf.dir/Core/Src/delay.c.obj
 .debug_frame   0x00000060       0x38 CMakeFiles/SawamuraEririAndSky.elf.dir/Core/Src/gpio.c.obj
 .debug_frame   0x00000098      0x260 CMakeFiles/SawamuraEririAndSky.elf.dir/Core/Src/lcd.c.obj
 .debug_frame   0x000002f8       0xb0 CMakeFiles/SawamuraEririAndSky.elf.dir/Core/Src/lcd_init.c.obj
 .debug_frame   0x000003a8       0x80 CMakeFiles/SawamuraEririAndSky.elf.dir/Core/Src/main.c.obj
 .debug_frame   0x00000428       0x68 CMakeFiles/SawamuraEririAndSky.elf.dir/Core/Src/spi.c.obj
 .debug_frame   0x00000490       0x28 CMakeFiles/SawamuraEririAndSky.elf.dir/Core/Src/stm32f4xx_hal_msp.c.obj
 .debug_frame   0x000004b8       0xf0 CMakeFiles/SawamuraEririAndSky.elf.dir/Core/Src/stm32f4xx_it.c.obj
 .debug_frame   0x000005a8       0x30 CMakeFiles/SawamuraEririAndSky.elf.dir/Core/Src/system_stm32f4xx.c.obj
 .debug_frame   0x000005d8       0xc8 CMakeFiles/SawamuraEririAndSky.elf.dir/Core/Src/tim.c.obj
 .debug_frame   0x000006a0      0x20c CMakeFiles/SawamuraEririAndSky.elf.dir/Drivers/STM32F4xx_HAL_Driver/Src/stm32f4xx_hal.c.obj
 .debug_frame   0x000008ac      0x158 CMakeFiles/SawamuraEririAndSky.elf.dir/Drivers/STM32F4xx_HAL_Driver/Src/stm32f4xx_hal_cortex.c.obj
 .debug_frame   0x00000a04       0xd8 CMakeFiles/SawamuraEririAndSky.elf.dir/Drivers/STM32F4xx_HAL_Driver/Src/stm32f4xx_hal_gpio.c.obj
 .debug_frame   0x00000adc      0x16c CMakeFiles/SawamuraEririAndSky.elf.dir/Drivers/STM32F4xx_HAL_Driver/Src/stm32f4xx_hal_rcc.c.obj
 .debug_frame   0x00000c48      0x5c8 CMakeFiles/SawamuraEririAndSky.elf.dir/Drivers/STM32F4xx_HAL_Driver/Src/stm32f4xx_hal_spi.c.obj
 .debug_frame   0x00001210      0xb08 CMakeFiles/SawamuraEririAndSky.elf.dir/Drivers/STM32F4xx_HAL_Driver/Src/stm32f4xx_hal_tim.c.obj
 .debug_frame   0x00001d18      0x40c CMakeFiles/SawamuraEririAndSky.elf.dir/Drivers/STM32F4xx_HAL_Driver/Src/stm32f4xx_hal_tim_ex.c.obj
 .debug_frame   0x00002124       0x24 d:/tools/gcc-arm-none-eabi-10.3-2021.10-win32/gcc-arm-none-eabi-10.3-2021.10/bin/../lib/gcc/arm-none-eabi/10.3.1/thumb/v7e-m/nofp\libgcc.a(_arm_mulsf3.o)
 .debug_frame   0x00002148       0x4c d:/tools/gcc-arm-none-eabi-10.3-2021.10-win32/gcc-arm-none-eabi-10.3-2021.10/bin/../lib/gcc/arm-none-eabi/10.3.1/thumb/v7e-m/nofp\libgcc.a(_arm_addsubsf3.o)
 .debug_frame   0x00002194       0x24 d:/tools/gcc-arm-none-eabi-10.3-2021.10-win32/gcc-arm-none-eabi-10.3-2021.10/bin/../lib/gcc/arm-none-eabi/10.3.1/thumb/v7e-m/nofp\libgcc.a(_arm_fixunssfsi.o)
 .debug_frame   0x000021b8       0x2c d:/tools/gcc-arm-none-eabi-10.3-2021.10-win32/gcc-arm-none-eabi-10.3-2021.10/bin/../lib/gcc/arm-none-eabi/10.3.1/thumb/v7e-m/nofp\libgcc.a(_aeabi_uldivmod.o)
 .debug_frame   0x000021e4       0x34 d:/tools/gcc-arm-none-eabi-10.3-2021.10-win32/gcc-arm-none-eabi-10.3-2021.10/bin/../lib/gcc/arm-none-eabi/10.3.1/thumb/v7e-m/nofp\libgcc.a(_udivmoddi4.o)
 .debug_frame   0x00002218       0x2c d:/tools/gcc-arm-none-eabi-10.3-2021.10-win32/gcc-arm-none-eabi-10.3-2021.10/bin/../lib/gcc/arm-none-eabi/10.3.1/../../../../arm-none-eabi/lib/thumb/v7e-m/nofp\libg.a(lib_a-init.o)
 .debug_frame   0x00002244       0x2c d:/tools/gcc-arm-none-eabi-10.3-2021.10-win32/gcc-arm-none-eabi-10.3-2021.10/bin/../lib/gcc/arm-none-eabi/10.3.1/../../../../arm-none-eabi/lib/thumb/v7e-m/nofp\libg.a(lib_a-memset.o)
 .debug_frame   0x00002270       0x5c d:/tools/gcc-arm-none-eabi-10.3-2021.10-win32/gcc-arm-none-eabi-10.3-2021.10/bin/../lib/gcc/arm-none-eabi/10.3.1/../../../../arm-none-eabi/lib/thumb/v7e-m/nofp\libg.a(lib_a-__call_atexit.o)
 .debug_frame   0x000022cc       0x20 d:/tools/gcc-arm-none-eabi-10.3-2021.10-win32/gcc-arm-none-eabi-10.3-2021.10/bin/../lib/gcc/arm-none-eabi/10.3.1/../../../../arm-none-eabi/lib/thumb/v7e-m/nofp\libg.a(lib_a-atexit.o)
 .debug_frame   0x000022ec       0x34 d:/tools/gcc-arm-none-eabi-10.3-2021.10-win32/gcc-arm-none-eabi-10.3-2021.10/bin/../lib/gcc/arm-none-eabi/10.3.1/../../../../arm-none-eabi/lib/thumb/v7e-m/nofp\libg.a(lib_a-fini.o)
 .debug_frame   0x00002320       0xb0 d:/tools/gcc-arm-none-eabi-10.3-2021.10-win32/gcc-arm-none-eabi-10.3-2021.10/bin/../lib/gcc/arm-none-eabi/10.3.1/../../../../arm-none-eabi/lib/thumb/v7e-m/nofp\libg.a(lib_a-lock.o)
 .debug_frame   0x000023d0       0x34 d:/tools/gcc-arm-none-eabi-10.3-2021.10-win32/gcc-arm-none-eabi-10.3-2021.10/bin/../lib/gcc/arm-none-eabi/10.3.1/../../../../arm-none-eabi/lib/thumb/v7e-m/nofp\libg.a(lib_a-__atexit.o)
