Archive member included to satisfy reference by file (symbol)

d:/gnu_tools_arm_embedded/gcc-arm-none-eabi-10.3-2021.10/bin/../lib/gcc/arm-none-eabi/10.3.1/thumb/v7e-m/nofp\libgcc.a(_arm_muldf3.o)
                              CMakeFiles/SawamuraEririAndSky.elf.dir/Core/Src/MPU6050.c.obj (__aeabi_dmul)
d:/gnu_tools_arm_embedded/gcc-arm-none-eabi-10.3-2021.10/bin/../lib/gcc/arm-none-eabi/10.3.1/thumb/v7e-m/nofp\libgcc.a(_arm_mulsf3.o)
                              CMakeFiles/SawamuraEririAndSky.elf.dir/Core/Src/MPU6050.c.obj (__aeabi_fmul)
d:/gnu_tools_arm_embedded/gcc-arm-none-eabi-10.3-2021.10/bin/../lib/gcc/arm-none-eabi/10.3.1/thumb/v7e-m/nofp\libgcc.a(_arm_addsubdf3.o)
                              CMakeFiles/SawamuraEririAndSky.elf.dir/Core/Src/MPU6050.c.obj (__aeabi_f2d)
d:/gnu_tools_arm_embedded/gcc-arm-none-eabi-10.3-2021.10/bin/../lib/gcc/arm-none-eabi/10.3.1/thumb/v7e-m/nofp\libgcc.a(_arm_muldivdf3.o)
                              CMakeFiles/SawamuraEririAndSky.elf.dir/Core/Src/MPU6050.c.obj (__aeabi_ddiv)
d:/gnu_tools_arm_embedded/gcc-arm-none-eabi-10.3-2021.10/bin/../lib/gcc/arm-none-eabi/10.3.1/thumb/v7e-m/nofp\libgcc.a(_arm_truncdfsf2.o)
                              CMakeFiles/SawamuraEririAndSky.elf.dir/Core/Src/MPU6050.c.obj (__aeabi_d2f)
d:/gnu_tools_arm_embedded/gcc-arm-none-eabi-10.3-2021.10/bin/../lib/gcc/arm-none-eabi/10.3.1/thumb/v7e-m/nofp\libgcc.a(_arm_addsubsf3.o)
                              CMakeFiles/SawamuraEririAndSky.elf.dir/Core/Src/MPU6050.c.obj (__aeabi_fsub)
d:/gnu_tools_arm_embedded/gcc-arm-none-eabi-10.3-2021.10/bin/../lib/gcc/arm-none-eabi/10.3.1/thumb/v7e-m/nofp\libgcc.a(_arm_muldivsf3.o)
                              CMakeFiles/SawamuraEririAndSky.elf.dir/Core/Src/MPU6050.c.obj (__aeabi_fdiv)
d:/gnu_tools_arm_embedded/gcc-arm-none-eabi-10.3-2021.10/bin/../lib/gcc/arm-none-eabi/10.3.1/thumb/v7e-m/nofp\libgcc.a(_arm_cmpsf2.o)
                              CMakeFiles/SawamuraEririAndSky.elf.dir/Core/Src/MPU6050.c.obj (__aeabi_fcmpeq)
d:/gnu_tools_arm_embedded/gcc-arm-none-eabi-10.3-2021.10/bin/../lib/gcc/arm-none-eabi/10.3.1/thumb/v7e-m/nofp\libgcc.a(_arm_fixsfsi.o)
                              CMakeFiles/SawamuraEririAndSky.elf.dir/Core/Src/eMPL_source/inv_mpu.c.obj (__aeabi_f2iz)
d:/gnu_tools_arm_embedded/gcc-arm-none-eabi-10.3-2021.10/bin/../lib/gcc/arm-none-eabi/10.3.1/thumb/v7e-m/nofp\libgcc.a(_arm_fixunssfsi.o)
                              CMakeFiles/SawamuraEririAndSky.elf.dir/Core/Src/eMPL_source/inv_mpu_dmp_motion_driver.c.obj (__aeabi_f2uiz)
d:/gnu_tools_arm_embedded/gcc-arm-none-eabi-10.3-2021.10/bin/../lib/gcc/arm-none-eabi/10.3.1/thumb/v7e-m/nofp\libgcc.a(_aeabi_ldivmod.o)
                              CMakeFiles/SawamuraEririAndSky.elf.dir/Core/Src/eMPL_source/inv_mpu.c.obj (__aeabi_ldivmod)
d:/gnu_tools_arm_embedded/gcc-arm-none-eabi-10.3-2021.10/bin/../lib/gcc/arm-none-eabi/10.3.1/thumb/v7e-m/nofp\libgcc.a(_aeabi_uldivmod.o)
                              CMakeFiles/SawamuraEririAndSky.elf.dir/Drivers/STM32F4xx_HAL_Driver/Src/stm32f4xx_hal_rcc.c.obj (__aeabi_uldivmod)
d:/gnu_tools_arm_embedded/gcc-arm-none-eabi-10.3-2021.10/bin/../lib/gcc/arm-none-eabi/10.3.1/thumb/v7e-m/nofp\libgcc.a(_udivmoddi4.o)
                              d:/gnu_tools_arm_embedded/gcc-arm-none-eabi-10.3-2021.10/bin/../lib/gcc/arm-none-eabi/10.3.1/thumb/v7e-m/nofp\libgcc.a(_aeabi_ldivmod.o) (__udivmoddi4)
d:/gnu_tools_arm_embedded/gcc-arm-none-eabi-10.3-2021.10/bin/../lib/gcc/arm-none-eabi/10.3.1/thumb/v7e-m/nofp\libgcc.a(_dvmd_tls.o)
                              d:/gnu_tools_arm_embedded/gcc-arm-none-eabi-10.3-2021.10/bin/../lib/gcc/arm-none-eabi/10.3.1/thumb/v7e-m/nofp\libgcc.a(_aeabi_ldivmod.o) (__aeabi_ldiv0)
d:/gnu_tools_arm_embedded/gcc-arm-none-eabi-10.3-2021.10/bin/../lib/gcc/arm-none-eabi/10.3.1/../../../../arm-none-eabi/lib/thumb/v7e-m/nofp\libg.a(lib_a-errno.o)
                              CMakeFiles/SawamuraEririAndSky.elf.dir/Core/Src/syscalls.c.obj (__errno)
d:/gnu_tools_arm_embedded/gcc-arm-none-eabi-10.3-2021.10/bin/../lib/gcc/arm-none-eabi/10.3.1/../../../../arm-none-eabi/lib/thumb/v7e-m/nofp\libg.a(lib_a-exit.o)
                              d:/gnu_tools_arm_embedded/gcc-arm-none-eabi-10.3-2021.10/bin/../lib/gcc/arm-none-eabi/10.3.1/../../../../arm-none-eabi/lib/thumb/v7e-m/nofp/crt0.o (exit)
d:/gnu_tools_arm_embedded/gcc-arm-none-eabi-10.3-2021.10/bin/../lib/gcc/arm-none-eabi/10.3.1/../../../../arm-none-eabi/lib/thumb/v7e-m/nofp\libg.a(lib_a-impure.o)
                              d:/gnu_tools_arm_embedded/gcc-arm-none-eabi-10.3-2021.10/bin/../lib/gcc/arm-none-eabi/10.3.1/../../../../arm-none-eabi/lib/thumb/v7e-m/nofp\libg.a(lib_a-exit.o) (_global_impure_ptr)
d:/gnu_tools_arm_embedded/gcc-arm-none-eabi-10.3-2021.10/bin/../lib/gcc/arm-none-eabi/10.3.1/../../../../arm-none-eabi/lib/thumb/v7e-m/nofp\libg.a(lib_a-init.o)
[...]
Memory Configuration

Name             Origin             Length             Attributes
CCMRAM           0x10000000         0x00010000         xrw
RAM              0x20000000         0x00030000         xrw
FLASH            0x08000000         0x00100000         xr
*default*        0x00000000         0xffffffff

Linker script and memory map

LOAD d:/gnu_tools_arm_embedded/gcc-arm-none-eabi-10.3-2021.10/bin/../lib/gcc/arm-none-eabi/10.3.1/thumb/v7e-m/nofp/crti.o
LOAD d:/gnu_tools_arm_embedded/gcc-arm-none-eabi-10.3-2021.10/bin/../lib/gcc/arm-none-eabi/10.3.1/thumb/v7e-m/nofp/crtbegin.o
LOAD d:/gnu_tools_arm_embedded/gcc-arm-none-eabi-10.3-2021.10/bin/../lib/gcc/arm-none-eabi/10.3.1/../../../../arm-none-eabi/lib/thumb/v7e-m/nofp/crt0.o
LOAD CMakeFiles/SawamuraEririAndSky.elf.dir/Core/Src/MPU6050.c.obj
LOAD CMakeFiles/SawamuraEririAndSky.elf.dir/Core/Src/delay.c.obj
LOAD CMakeFiles/SawamuraEririAndSky.elf.dir/Core/Src/eMPL_source/inv_mpu.c.obj
LOAD CMakeFiles/SawamuraEririAndSky.elf.dir/Core/Src/eMPL_source/inv_mpu_dmp_motion_driver.c.obj
LOAD CMakeFiles/SawamuraEririAndSky.elf.dir/Core/Src/gpio.c.obj
LOAD CMakeFiles/SawamuraEririAndSky.elf.dir/Core/Src/i2c.c.obj
LOAD CMakeFiles/SawamuraEririAndSky.elf.dir/Core/Src/lcd.c.obj
LOAD CMakeFiles/SawamuraEririAndSky.elf.dir/Core/Src/lcd_init.c.obj
LOAD CMakeFiles/SawamuraEririAndSky.elf.dir/Core/Src/main.c.obj
LOAD CMakeFiles/SawamuraEririAndSky.elf.dir/Core/Src/mpuiic.c.obj
LOAD CMakeFiles/SawamuraEririAndSky.elf.dir/Core/Src/spi.c.obj
LOAD CMakeFiles/SawamuraEririAndSky.elf.dir/Core/Src/stm32f4xx_hal_msp.c.obj
LOAD CMakeFiles/SawamuraEririAndSky.elf.dir/Core/Src/stm32f4xx_it.c.obj
LOAD CMakeFiles/SawamuraEririAndSky.elf.dir/Core/Src/syscalls.c.obj
LOAD CMakeFiles/SawamuraEririAndSky.elf.dir/Core/Src/sysmem.c.obj
LOAD CMakeFiles/SawamuraEririAndSky.elf.dir/Core/Src/system_stm32f4xx.c.obj
LOAD CMakeFiles/SawamuraEririAndSky.elf.dir/Core/Src/tim.c.obj
LOAD CMakeFiles/SawamuraEririAndSky.elf.dir/Core/Startup/startup_stm32f429igtx.s.obj
LOAD CMakeFiles/SawamuraEririAndSky.elf.dir/Drivers/STM32F4xx_HAL_Driver/Src/stm32f4xx_hal.c.obj
LOAD CMakeFiles/SawamuraEririAndSky.elf.dir/Drivers/STM32F4xx_HAL_Driver/Src/stm32f4xx_hal_cortex.c.obj
LOAD CMakeFiles/SawamuraEririAndSky.elf.dir/Drivers/STM32F4xx_HAL_Driver/Src/stm32f4xx_hal_dma.c.obj
LOAD CMakeFiles/SawamuraEririAndSky.elf.dir/Drivers/STM32F4xx_HAL_Driver/Src/stm32f4xx_hal_dma_ex.c.obj
LOAD CMakeFiles/SawamuraEririAndSky.elf.dir/Drivers/STM32F4xx_HAL_Driver/Src/stm32f4xx_hal_exti.c.obj
LOAD CMakeFiles/SawamuraEririAndSky.elf.dir/Drivers/STM32F4xx_HAL_Driver/Src/stm32f4xx_hal_flash.c.obj
LOAD CMakeFiles/SawamuraEririAndSky.elf.dir/Drivers/STM32F4xx_HAL_Driver/Src/stm32f4xx_hal_flash_ex.c.obj
LOAD CMakeFiles/SawamuraEririAndSky.elf.dir/Drivers/STM32F4xx_HAL_Driver/Src/stm32f4xx_hal_flash_ramfunc.c.obj
LOAD CMakeFiles/SawamuraEririAndSky.elf.dir/Drivers/STM32F4xx_HAL_Driver/Src/stm32f4xx_hal_gpio.c.obj
LOAD CMakeFiles/SawamuraEririAndSky.elf.dir/Drivers/STM32F4xx_HAL_Driver/Src/stm32f4xx_hal_i2c.c.obj
LOAD CMakeFiles/SawamuraEririAndSky.elf.dir/Drivers/STM32F4xx_HAL_Driver/Src/stm32f4xx_hal_i2c_ex.c.obj
LOAD CMakeFiles/SawamuraEririAndSky.elf.dir/Drivers/STM32F4xx_HAL_Driver/Src/stm32f4xx_hal_pwr.c.obj
LOAD CMakeFiles/SawamuraEririAndSky.elf.dir/Drivers/STM32F4xx_HAL_Driver/Src/stm32f4xx_hal_pwr_ex.c.obj
LOAD CMakeFiles/SawamuraEririAndSky.elf.dir/Drivers/STM32F4xx_HAL_Driver/Src/stm32f4xx_hal_rcc.c.obj
LOAD CMakeFiles/SawamuraEririAndSky.elf.dir/Drivers/STM32F4xx_HAL_Driver/Src/stm32f4xx_hal_rcc_ex.c.obj
LOAD CMakeFiles/SawamuraEririAndSky.elf.dir/Drivers/STM32F4xx_HAL_Driver/Src/stm32f4xx_hal_spi.c.obj
LOAD CMakeFiles/SawamuraEririAndSky.elf.dir/Drivers/STM32F4xx_HAL_Driver/Src/stm32f4xx_hal_tim.c.obj
LOAD CMakeFiles/SawamuraEririAndSky.elf.dir/Drivers/STM32F4xx_HAL_Driver/Src/stm32f4xx_hal_tim_ex.c.obj
START GROUP
LOAD d:/gnu_tools_arm_embedded/gcc-arm-none-eabi-10.3-2021.10/bin/../lib/gcc/arm-none-eabi/10.3.1/thumb/v7e-m/nofp\libgcc.a
LOAD d:/gnu_tools_arm_embedded/gcc-arm-none-eabi-10.3-2021.10/bin/../lib/gcc/arm-none-eabi/10.3.1/../../../../arm-none-eabi/lib/thumb/v7e-m/nofp\libg.a
LOAD d:/gnu_tools_arm_embedded/gcc-arm-none-eabi-10.3-2021.10/bin/../lib/gcc/arm-none-eabi/10.3.1/../../../../arm-none-eabi/lib/thumb/v7e-m/nofp\libc.a
END GROUP
LOAD d:/gnu_tools_arm_embedded/gcc-arm-none-eabi-10.3-2021.10/bin/../lib/gcc/arm-none-eabi/10.3.1/thumb/v7e-m/nofp/crtend.o
LOAD d:/gnu_tools_arm_embedded/gcc-arm-none-eabi-10.3-2021.10/bin/../lib/gcc/arm-none-eabi/10.3.1/thumb/v7e-m/nofp/crtn.o
                0x20030000                _estack = (ORIGIN (RAM) + LENGTH (RAM))
                0x00000200                _Min_Heap_Size = 0x200
                0x00000400                _Min_Stack_Size = 0x400

.isr_vector     0x08000000      0x1ac
                0x08000000                . = ALIGN (0x4)
 *(.isr_vector)
 .isr_vector    0x08000000      0x1ac CMakeFiles/SawamuraEririAndSky.elf.dir/Core/Startup/startup_stm32f429igtx.s.obj
                0x08000000                g_pfnVectors
                0x080001ac                . = ALIGN (0x4)

.text           0x080001b0     0x5870
                0x080001b0                . = ALIGN (0x4)
 *(.text)
 .text          0x080001b0       0x40 d:/gnu_tools_arm_embedded/gcc-arm-none-eabi-10.3-2021.10/bin/../lib/gcc/arm-none-eabi/10.3.1/thumb/v7e-m/nofp/crtbegin.o
 .text          0x080001f0      0x378 d:/gnu_tools_arm_embedded/gcc-arm-none-eabi-10.3-2021.10/bin/../lib/gcc/arm-none-eabi/10.3.1/thumb/v7e-m/nofp\libgcc.a(_arm_addsubdf3.o)
                0x080001f0                __aeabi_drsub
                0x080001f8                __aeabi_dsub
                0x080001f8                __subdf3
                0x080001fc                __aeabi_dadd
                0x080001fc                __adddf3
                0x08000474                __floatunsidf
                0x08000474                __aeabi_ui2d
                0x08000494                __floatsidf
                0x08000494                __aeabi_i2d
                0x080004b8                __aeabi_f2d
                0x080004b8                __extendsfdf2
                0x080004fc                __floatundidf
                0x080004fc                __aeabi_ul2d
                0x0800050c                __floatdidf
                0x0800050c                __aeabi_l2d
 .text          0x08000568      0x424 d:/gnu_tools_arm_embedded/gcc-arm-none-eabi-10.3-2021.10/bin/../lib/gcc/arm-none-eabi/10.3.1/thumb/v7e-m/nofp\libgcc.a(_arm_muldivdf3.o)
                0x08000568                __aeabi_dmul
                0x08000568                __muldf3
                0x080007bc                __divdf3
                0x080007bc                __aeabi_ddiv
 .text          0x0800098c       0xa0 d:/gnu_tools_arm_embedded/gcc-arm-none-eabi-10.3-2021.10/bin/../lib/gcc/arm-none-eabi/10.3.1/thumb/v7e-m/nofp\libgcc.a(_arm_truncdfsf2.o)
                0x0800098c                __truncdfsf2
                0x0800098c                __aeabi_d2f
 .text          0x08000a2c      0x21c d:/gnu_tools_arm_embedded/gcc-arm-none-eabi-10.3-2021.10/bin/../lib/gcc/arm-none-eabi/10.3.1/thumb/v7e-m/nofp\libgcc.a(_arm_addsubsf3.o)
                0x08000a2c                __aeabi_frsub
                0x08000a34                __subsf3
                0x08000a34                __aeabi_fsub
                0x08000a38                __aeabi_fadd
                0x08000a38                __addsf3
                0x08000b98                __aeabi_ui2f
                0x08000b98                __floatunsisf
                0x08000ba0                __aeabi_i2f
                0x08000ba0                __floatsisf
                0x08000bbc                __aeabi_ul2f
                0x08000bbc                __floatundisf
                0x08000bcc                __aeabi_l2f
                0x08000bcc                __floatdisf
 .text          0x08000c48      0x2a0 d:/gnu_tools_arm_embedded/gcc-arm-none-eabi-10.3-2021.10/bin/../lib/gcc/arm-none-eabi/10.3.1/thumb/v7e-m/nofp\libgcc.a(_arm_muldivsf3.o)
                0x08000c48                __mulsf3
                0x08000c48                __aeabi_fmul
                0x08000db0                __aeabi_fdiv
                0x08000db0                __divsf3
 .text          0x08000ee8       0xec d:/gnu_tools_arm_embedded/gcc-arm-none-eabi-10.3-2021.10/bin/../lib/gcc/arm-none-eabi/10.3.1/thumb/v7e-m/nofp\libgcc.a(_arm_cmpsf2.o)
                0x08000ee8                __gesf2
                0x08000ee8                __gtsf2
                0x08000ef0                __lesf2
                0x08000ef0                __ltsf2
                0x08000ef8                __nesf2
                0x08000ef8                __eqsf2
                0x08000ef8                __cmpsf2
                0x08000f58                __aeabi_cfrcmple
                0x08000f60                __aeabi_cfcmpeq
                0x08000f60                __aeabi_cfcmple
                0x08000f70                __aeabi_fcmpeq
                0x08000f84                __aeabi_fcmplt
                0x08000f98                __aeabi_fcmple
                0x08000fac                __aeabi_fcmpge
                0x08000fc0                __aeabi_fcmpgt
 .text          0x08000fd4       0x40 d:/gnu_tools_arm_embedded/gcc-arm-none-eabi-10.3-2021.10/bin/../lib/gcc/arm-none-eabi/10.3.1/thumb/v7e-m/nofp\libgcc.a(_arm_fixunssfsi.o)
                0x08000fd4                __fixunssfsi
                0x08000fd4                __aeabi_f2uiz
 .text          0x08001014       0x30 d:/gnu_tools_arm_embedded/gcc-arm-none-eabi-10.3-2021.10/bin/../lib/gcc/arm-none-eabi/10.3.1/thumb/v7e-m/nofp\libgcc.a(_aeabi_uldivmod.o)
                0x08001014                __aeabi_uldivmod
 .text          0x08001044      0x2d0 d:/gnu_tools_arm_embedded/gcc-arm-none-eabi-10.3-2021.10/bin/../lib/gcc/arm-none-eabi/10.3.1/thumb/v7e-m/nofp\libgcc.a(_udivmoddi4.o)
                0x08001044                __udivmoddi4
 .text          0x08001314        0x4 d:/gnu_tools_arm_embedded/gcc-arm-none-eabi-10.3-2021.10/bin/../lib/gcc/arm-none-eabi/10.3.1/thumb/v7e-m/nofp\libgcc.a(_dvmd_tls.o)
                0x08001314                __aeabi_idiv0
                0x08001314                __aeabi_ldiv0
 .text          0x08001318      0x110 d:/gnu_tools_arm_embedded/gcc-arm-none-eabi-10.3-2021.10/bin/../lib/gcc/arm-none-eabi/10.3.1/thumb/v7e-m/nofp\libgcc.a(_arm_cmpdf2.o)
                0x08001318                __gtdf2
                0x08001318                __gedf2
                0x08001320                __ltdf2
                0x08001320                __ledf2
                0x08001328                __nedf2
                0x08001328                __eqdf2
                0x08001328                __cmpdf2
                0x080013a4                __aeabi_cdrcmple
                0x080013b4                __aeabi_cdcmpeq
                0x080013b4                __aeabi_cdcmple
                0x080013c4                __aeabi_dcmpeq
                0x080013d8                __aeabi_dcmplt
                0x080013ec                __aeabi_dcmple
                0x08001400                __aeabi_dcmpge
                0x08001414                __aeabi_dcmpgt
 .text          0x08001428       0x2c d:/gnu_tools_arm_embedded/gcc-arm-none-eabi-10.3-2021.10/bin/../lib/gcc/arm-none-eabi/10.3.1/thumb/v7e-m/nofp\libgcc.a(_arm_unorddf2.o)
                0x08001428                __unorddf2
                0x08001428                __aeabi_dcmpun
 *(.text*)
 .text.MPU6050_Init
                0x08001454       0x74 CMakeFiles/SawamuraEririAndSky.elf.dir/Core/Src/MPU6050.c.obj
                0x08001454                MPU6050_Init
 .text.MPU6050_ReadAccel
                0x080014c8       0x50 CMakeFiles/SawamuraEririAndSky.elf.dir/Core/Src/MPU6050.c.obj
                0x080014c8                MPU6050_ReadAccel
 .text.MPU6050_ReadGyro
                0x08001518       0x50 CMakeFiles/SawamuraEririAndSky.elf.dir/Core/Src/MPU6050.c.obj
                0x08001518                MPU6050_ReadGyro
 .text.MPU6050_LCD_PrintAngle
                0x08001568       0xe0 CMakeFiles/SawamuraEririAndSky.elf.dir/Core/Src/MPU6050.c.obj
                0x08001568                MPU6050_LCD_PrintAngle
 .text.IMU_Update
                0x08001648      0x588 CMakeFiles/SawamuraEririAndSky.elf.dir/Core/Src/MPU6050.c.obj
                0x08001648                IMU_Update
 .text.delay_init
                0x08001bd0       0x14 CMakeFiles/SawamuraEririAndSky.elf.dir/Core/Src/delay.c.obj
                0x08001bd0                delay_init
 .text.delay_us
                0x08001be4       0x3c CMakeFiles/SawamuraEririAndSky.elf.dir/Core/Src/delay.c.obj
                0x08001be4                delay_us
 .text.delay_ms
                0x08001c20       0x18 CMakeFiles/SawamuraEririAndSky.elf.dir/Core/Src/delay.c.obj
                0x08001c20                delay_ms
 .text.MX_GPIO_Init
                0x08001c38       0xfc CMakeFiles/SawamuraEririAndSky.elf.dir/Core/Src/gpio.c.obj
                0x08001c38                MX_GPIO_Init
 .text.MX_I2C2_Init
                0x08001d34       0x5c CMakeFiles/SawamuraEririAndSky.elf.dir/Core/Src/i2c.c.obj
                0x08001d34                MX_I2C2_Init
 .text.HAL_I2C_MspInit
                0x08001d90       0x74 CMakeFiles/SawamuraEririAndSky.elf.dir/Core/Src/i2c.c.obj
                0x08001d90                HAL_I2C_MspInit
 .text.LCD_Fill
                0x08001e04       0x3c CMakeFiles/SawamuraEririAndSky.elf.dir/Core/Src/lcd.c.obj
                0x08001e04                LCD_Fill
 .text.LCD_DrawPoint
                0x08001e40       0x14 CMakeFiles/SawamuraEririAndSky.elf.dir/Core/Src/lcd.c.obj
                0x08001e40                LCD_DrawPoint
 .text.LCD_ShowChar
                0x08001e54       0xec CMakeFiles/SawamuraEririAndSky.elf.dir/Core/Src/lcd.c.obj
                0x08001e54                LCD_ShowChar
 .text.LCD_ShowString
                0x08001f40       0x44 CMakeFiles/SawamuraEririAndSky.elf.dir/Core/Src/lcd.c.obj
                0x08001f40                LCD_ShowString
 .text.mypow    0x08001f84       0x16 CMakeFiles/SawamuraEririAndSky.elf.dir/Core/Src/lcd.c.obj
                0x08001f84                mypow
 *fill*         0x08001f9a        0x2 
 .text.LCD_ShowFloatNum1
                0x08001f9c       0xb8 CMakeFiles/SawamuraEririAndSky.elf.dir/Core/Src/lcd.c.obj
                0x08001f9c                LCD_ShowFloatNum1
 .text.LCD_Writ_Bus
                0x08002054       0x24 CMakeFiles/SawamuraEririAndSky.elf.dir/Core/Src/lcd_init.c.obj
                0x08002054                LCD_Writ_Bus
 .text.LCD_WR_DATA8
                0x08002078        0x8 CMakeFiles/SawamuraEririAndSky.elf.dir/Core/Src/lcd_init.c.obj
                0x08002078                LCD_WR_DATA8
 .text.LCD_WR_DATA
                0x08002080       0x12 CMakeFiles/SawamuraEririAndSky.elf.dir/Core/Src/lcd_init.c.obj
                0x08002080                LCD_WR_DATA
 *fill*         0x08002092        0x2 
 .text.LCD_WR_REG
                0x08002094       0x28 CMakeFiles/SawamuraEririAndSky.elf.dir/Core/Src/lcd_init.c.obj
                0x08002094                LCD_WR_REG
 .text.LCD_Address_Set
                0x080020bc       0x36 CMakeFiles/SawamuraEririAndSky.elf.dir/Core/Src/lcd_init.c.obj
                0x080020bc                LCD_Address_Set
 *fill*         0x080020f2        0x2 
 .text.LCD_Init
                0x080020f4      0x1a4 CMakeFiles/SawamuraEririAndSky.elf.dir/Core/Src/lcd_init.c.obj
                0x080020f4                LCD_Init
 .text.HAL_GPIO_EXTI_Callback
                0x08002298       0x34 CMakeFiles/SawamuraEririAndSky.elf.dir/Core/Src/main.c.obj
                0x08002298                HAL_GPIO_EXTI_Callback
 .text.HAL_TIM_PeriodElapsedCallback
                0x080022cc       0x7c CMakeFiles/SawamuraEririAndSky.elf.dir/Core/Src/main.c.obj
                0x080022cc                HAL_TIM_PeriodElapsedCallback
 .text.Error_Handler
                0x08002348        0x4 CMakeFiles/SawamuraEririAndSky.elf.dir/Core/Src/main.c.obj
                0x08002348                Error_Handler
 .text.SystemClock_Config
                0x0800234c       0x94 CMakeFiles/SawamuraEririAndSky.elf.dir/Core/Src/main.c.obj
                0x0800234c                SystemClock_Config
 .text.main     0x080023e0      0x15c CMakeFiles/SawamuraEririAndSky.elf.dir/Core/Src/main.c.obj
                0x080023e0                main
 .text.MX_SPI5_Init
                0x0800253c       0x44 CMakeFiles/SawamuraEririAndSky.elf.dir/Core/Src/spi.c.obj
                0x0800253c                MX_SPI5_Init
 .text.HAL_SPI_MspInit
                0x08002580       0xa0 CMakeFiles/SawamuraEririAndSky.elf.dir/Core/Src/spi.c.obj
                0x08002580                HAL_SPI_MspInit
 .text.HAL_MspInit
                0x08002620       0x38 CMakeFiles/SawamuraEririAndSky.elf.dir/Core/Src/stm32f4xx_hal_msp.c.obj
                0x08002620                HAL_MspInit
 .text.NMI_Handler
                0x08002658        0x2 CMakeFiles/SawamuraEririAndSky.elf.dir/Core/Src/stm32f4xx_it.c.obj
                0x08002658                NMI_Handler
 .text.HardFault_Handler
                0x0800265a        0x2 CMakeFiles/SawamuraEririAndSky.elf.dir/Core/Src/stm32f4xx_it.c.obj
                0x0800265a                HardFault_Handler
 .text.MemManage_Handler
                0x0800265c        0x2 CMakeFiles/SawamuraEririAndSky.elf.dir/Core/Src/stm32f4xx_it.c.obj
                0x0800265c                MemManage_Handler
 .text.BusFault_Handler
                0x0800265e        0x2 CMakeFiles/SawamuraEririAndSky.elf.dir/Core/Src/stm32f4xx_it.c.obj
                0x0800265e                BusFault_Handler
 .text.UsageFault_Handler
                0x08002660        0x2 CMakeFiles/SawamuraEririAndSky.elf.dir/Core/Src/stm32f4xx_it.c.obj
                0x08002660                UsageFault_Handler
 .text.SVC_Handler
                0x08002662        0x2 CMakeFiles/SawamuraEririAndSky.elf.dir/Core/Src/stm32f4xx_it.c.obj
                0x08002662                SVC_Handler
 .text.DebugMon_Handler
                0x08002664        0x2 CMakeFiles/SawamuraEririAndSky.elf.dir/Core/Src/stm32f4xx_it.c.obj
                0x08002664                DebugMon_Handler
 .text.PendSV_Handler
                0x08002666        0x2 CMakeFiles/SawamuraEririAndSky.elf.dir/Core/Src/stm32f4xx_it.c.obj
                0x08002666                PendSV_Handler
 .text.SysTick_Handler
                0x08002668        0x8 CMakeFiles/SawamuraEririAndSky.elf.dir/Core/Src/stm32f4xx_it.c.obj
                0x08002668                SysTick_Handler
 .text.EXTI9_5_IRQHandler
                0x08002670       0x10 CMakeFiles/SawamuraEririAndSky.elf.dir/Core/Src/stm32f4xx_it.c.obj
                0x08002670                EXTI9_5_IRQHandler
 .text.TIM2_IRQHandler
                0x08002680       0x10 CMakeFiles/SawamuraEririAndSky.elf.dir/Core/Src/stm32f4xx_it.c.obj
                0x08002680                TIM2_IRQHandler
 .text.TIM3_IRQHandler
                0x08002690       0x10 CMakeFiles/SawamuraEririAndSky.elf.dir/Core/Src/stm32f4xx_it.c.obj
                0x08002690                TIM3_IRQHandler
 .text.SystemInit
                0x080026a0        0x2 CMakeFiles/SawamuraEririAndSky.elf.dir/Core/Src/system_stm32f4xx.c.obj
                0x080026a0                SystemInit
 *fill*         0x080026a2        0x2 
 .text.MX_TIM2_Init
                0x080026a4       0x70 CMakeFiles/SawamuraEririAndSky.elf.dir/Core/Src/tim.c.obj
                0x080026a4                MX_TIM2_Init
 .text.MX_TIM3_Init
                0x08002714       0x70 CMakeFiles/SawamuraEririAndSky.elf.dir/Core/Src/tim.c.obj
                0x08002714                MX_TIM3_Init
 .text.HAL_TIM_Base_MspInit
                0x08002784       0x98 CMakeFiles/SawamuraEririAndSky.elf.dir/Core/Src/tim.c.obj
                0x08002784                HAL_TIM_Base_MspInit
 .text.HAL_TIM_MspPostInit
                0x0800281c       0x58 CMakeFiles/SawamuraEririAndSky.elf.dir/Core/Src/tim.c.obj
                0x0800281c                HAL_TIM_MspPostInit
 .text.MX_TIM4_Init
                0x08002874       0xc4 CMakeFiles/SawamuraEririAndSky.elf.dir/Core/Src/tim.c.obj
                0x08002874                MX_TIM4_Init
 .text.Reset_Handler
                0x08002938       0x50 CMakeFiles/SawamuraEririAndSky.elf.dir/Core/Startup/startup_stm32f429igtx.s.obj
                0x08002938                Reset_Handler
 .text.Default_Handler
                0x08002988        0x2 CMakeFiles/SawamuraEririAndSky.elf.dir/Core/Startup/startup_stm32f429igtx.s.obj
                0x08002988                RTC_Alarm_IRQHandler
                0x08002988                HASH_RNG_IRQHandler
                0x08002988                EXTI2_IRQHandler
                0x08002988                TIM8_CC_IRQHandler
                0x08002988                UART8_IRQHandler
                0x08002988                SPI4_IRQHandler
                0x08002988                TIM1_CC_IRQHandler
                0x08002988                DMA2_Stream5_IRQHandler
                0x08002988                DMA1_Stream5_IRQHandler
                0x08002988                PVD_IRQHandler
                0x08002988                SDIO_IRQHandler
                0x08002988                TAMP_STAMP_IRQHandler
                0x08002988                CAN2_RX1_IRQHandler
                0x08002988                EXTI3_IRQHandler
                0x08002988                TIM8_TRG_COM_TIM14_IRQHandler
                0x08002988                TIM1_UP_TIM10_IRQHandler
                0x08002988                TIM8_UP_TIM13_IRQHandler
                0x08002988                I2C3_ER_IRQHandler
                0x08002988                EXTI0_IRQHandler
                0x08002988                I2C2_EV_IRQHandler
                0x08002988                DMA1_Stream2_IRQHandler
                0x08002988                CAN1_RX0_IRQHandler
                0x08002988                FPU_IRQHandler
                0x08002988                OTG_HS_WKUP_IRQHandler
                0x08002988                LTDC_ER_IRQHandler
                0x08002988                CAN2_SCE_IRQHandler
                0x08002988                DMA2_Stream2_IRQHandler
                0x08002988                SPI1_IRQHandler
                0x08002988                TIM6_DAC_IRQHandler
                0x08002988                TIM1_BRK_TIM9_IRQHandler
                0x08002988                DCMI_IRQHandler
                0x08002988                CAN2_RX0_IRQHandler
                0x08002988                DMA2_Stream3_IRQHandler
                0x08002988                USART6_IRQHandler
                0x08002988                USART3_IRQHandler
                0x08002988                CAN1_RX1_IRQHandler
                0x08002988                UART5_IRQHandler
                0x08002988                DMA2_Stream0_IRQHandler
                0x08002988                TIM4_IRQHandler
                0x08002988                I2C1_EV_IRQHandler
                0x08002988                DMA1_Stream6_IRQHandler
                0x08002988                DMA1_Stream1_IRQHandler
                0x08002988                UART4_IRQHandler
                0x08002988                RCC_IRQHandler
                0x08002988                TIM8_BRK_TIM12_IRQHandler
                0x08002988                Default_Handler
                0x08002988                EXTI15_10_IRQHandler
                0x08002988                ADC_IRQHandler
                0x08002988                DMA1_Stream7_IRQHandler
                0x08002988                SPI5_IRQHandler
                0x08002988                TIM7_IRQHandler
                0x08002988                CAN2_TX_IRQHandler
                0x08002988                TIM5_IRQHandler
                0x08002988                DMA2_Stream7_IRQHandler
                0x08002988                I2C3_EV_IRQHandler
                0x08002988                RTC_WKUP_IRQHandler
                0x08002988                LTDC_IRQHandler
                0x08002988                ETH_WKUP_IRQHandler
                0x08002988                SPI2_IRQHandler
                0x08002988                OTG_HS_EP1_IN_IRQHandler
                0x08002988                DMA1_Stream0_IRQHandler
                0x08002988                CAN1_TX_IRQHandler
                0x08002988                EXTI4_IRQHandler
                0x08002988                ETH_IRQHandler
                0x08002988                OTG_HS_EP1_OUT_IRQHandler
                0x08002988                WWDG_IRQHandler
                0x08002988                SPI6_IRQHandler
                0x08002988                OTG_FS_WKUP_IRQHandler
                0x08002988                TIM1_TRG_COM_TIM11_IRQHandler
                0x08002988                OTG_HS_IRQHandler
                0x08002988                DMA2D_IRQHandler
                0x08002988                EXTI1_IRQHandler
                0x08002988                UART7_IRQHandler
                0x08002988                USART2_IRQHandler
                0x08002988                I2C2_ER_IRQHandler
                0x08002988                DMA2_Stream1_IRQHandler
                0x08002988                CAN1_SCE_IRQHandler
                0x08002988                FLASH_IRQHandler
                0x08002988                DMA2_Stream4_IRQHandler
                0x08002988                USART1_IRQHandler
                0x08002988                OTG_FS_IRQHandler
                0x08002988                SPI3_IRQHandler
                0x08002988                DMA1_Stream4_IRQHandler
                0x08002988                I2C1_ER_IRQHandler
                0x08002988                FMC_IRQHandler
                0x08002988                DMA2_Stream6_IRQHandler
                0x08002988                SAI1_IRQHandler
                0x08002988                DMA1_Stream3_IRQHandler
 *fill*         0x0800298a        0x2 
 .text.HAL_InitTick
                0x0800298c       0x4c CMakeFiles/SawamuraEririAndSky.elf.dir/Drivers/STM32F4xx_HAL_Driver/Src/stm32f4xx_hal.c.obj
                0x0800298c                HAL_InitTick
 .text.HAL_Init
                0x080029d8       0x34 CMakeFiles/SawamuraEririAndSky.elf.dir/Drivers/STM32F4xx_HAL_Driver/Src/stm32f4xx_hal.c.obj
                0x080029d8                HAL_Init
 .text.HAL_IncTick
                0x08002a0c       0x18 CMakeFiles/SawamuraEririAndSky.elf.dir/Drivers/STM32F4xx_HAL_Driver/Src/stm32f4xx_hal.c.obj
                0x08002a0c                HAL_IncTick
 .text.HAL_GetTick
                0x08002a24        0xc CMakeFiles/SawamuraEririAndSky.elf.dir/Drivers/STM32F4xx_HAL_Driver/Src/stm32f4xx_hal.c.obj
                0x08002a24                HAL_GetTick
 .text.HAL_Delay
                0x08002a30       0x28 CMakeFiles/SawamuraEririAndSky.elf.dir/Drivers/STM32F4xx_HAL_Driver/Src/stm32f4xx_hal.c.obj
                0x08002a30                HAL_Delay
 .text.HAL_NVIC_SetPriorityGrouping
                0x08002a58       0x24 CMakeFiles/SawamuraEririAndSky.elf.dir/Drivers/STM32F4xx_HAL_Driver/Src/stm32f4xx_hal_cortex.c.obj
                0x08002a58                HAL_NVIC_SetPriorityGrouping
 .text.HAL_NVIC_SetPriority
                0x08002a7c       0x70 CMakeFiles/SawamuraEririAndSky.elf.dir/Drivers/STM32F4xx_HAL_Driver/Src/stm32f4xx_hal_cortex.c.obj
                0x08002a7c                HAL_NVIC_SetPriority
 .text.HAL_NVIC_EnableIRQ
                0x08002aec       0x1c CMakeFiles/SawamuraEririAndSky.elf.dir/Drivers/STM32F4xx_HAL_Driver/Src/stm32f4xx_hal_cortex.c.obj
                0x08002aec                HAL_NVIC_EnableIRQ
 .text.HAL_SYSTICK_Config
                0x08002b08       0x28 CMakeFiles/SawamuraEririAndSky.elf.dir/Drivers/STM32F4xx_HAL_Driver/Src/stm32f4xx_hal_cortex.c.obj
                0x08002b08                HAL_SYSTICK_Config
 .text.HAL_SYSTICK_CLKSourceConfig
                0x08002b30       0x20 CMakeFiles/SawamuraEririAndSky.elf.dir/Drivers/STM32F4xx_HAL_Driver/Src/stm32f4xx_hal_cortex.c.obj
                0x08002b30                HAL_SYSTICK_CLKSourceConfig
 .text.HAL_GPIO_Init
                0x08002b50      0x1fc CMakeFiles/SawamuraEririAndSky.elf.dir/Drivers/STM32F4xx_HAL_Driver/Src/stm32f4xx_hal_gpio.c.obj
                0x08002b50                HAL_GPIO_Init
 .text.HAL_GPIO_WritePin
                0x08002d4c        0xc CMakeFiles/SawamuraEririAndSky.elf.dir/Drivers/STM32F4xx_HAL_Driver/Src/stm32f4xx_hal_gpio.c.obj
                0x08002d4c                HAL_GPIO_WritePin
 .text.HAL_GPIO_TogglePin
                0x08002d58       0x12 CMakeFiles/SawamuraEririAndSky.elf.dir/Drivers/STM32F4xx_HAL_Driver/Src/stm32f4xx_hal_gpio.c.obj
                0x08002d58                HAL_GPIO_TogglePin
 *fill*         0x08002d6a        0x2 
 .text.HAL_GPIO_EXTI_IRQHandler
                0x08002d6c       0x1c CMakeFiles/SawamuraEririAndSky.elf.dir/Drivers/STM32F4xx_HAL_Driver/Src/stm32f4xx_hal_gpio.c.obj
                0x08002d6c                HAL_GPIO_EXTI_IRQHandler
 .text.I2C_IsAcknowledgeFailed
                0x08002d88       0x32 CMakeFiles/SawamuraEririAndSky.elf.dir/Drivers/STM32F4xx_HAL_Driver/Src/stm32f4xx_hal_i2c.c.obj
 .text.I2C_WaitOnFlagUntilTimeout
                0x08002dba       0xaa CMakeFiles/SawamuraEririAndSky.elf.dir/Drivers/STM32F4xx_HAL_Driver/Src/stm32f4xx_hal_i2c.c.obj
 .text.I2C_WaitOnMasterAddressFlagUntilTimeout
                0x08002e64       0xd6 CMakeFiles/SawamuraEririAndSky.elf.dir/Drivers/STM32F4xx_HAL_Driver/Src/stm32f4xx_hal_i2c.c.obj
 .text.I2C_WaitOnTXEFlagUntilTimeout
                0x08002f3a       0x5e CMakeFiles/SawamuraEririAndSky.elf.dir/Drivers/STM32F4xx_HAL_Driver/Src/stm32f4xx_hal_i2c.c.obj
 .text.I2C_RequestMemoryWrite
                0x08002f98       0xd8 CMakeFiles/SawamuraEririAndSky.elf.dir/Drivers/STM32F4xx_HAL_Driver/Src/stm32f4xx_hal_i2c.c.obj
 .text.I2C_RequestMemoryRead
                0x08003070      0x154 CMakeFiles/SawamuraEririAndSky.elf.dir/Drivers/STM32F4xx_HAL_Driver/Src/stm32f4xx_hal_i2c.c.obj
 .text.I2C_WaitOnBTFFlagUntilTimeout
                0x080031c4       0x5e CMakeFiles/SawamuraEririAndSky.elf.dir/Drivers/STM32F4xx_HAL_Driver/Src/stm32f4xx_hal_i2c.c.obj
 .text.I2C_WaitOnRXNEFlagUntilTimeout
                0x08003222       0x78 CMakeFiles/SawamuraEririAndSky.elf.dir/Drivers/STM32F4xx_HAL_Driver/Src/stm32f4xx_hal_i2c.c.obj
 *fill*         0x0800329a        0x2 
 .text.HAL_I2C_Init
                0x0800329c      0x1bc CMakeFiles/SawamuraEririAndSky.elf.dir/Drivers/STM32F4xx_HAL_Driver/Src/stm32f4xx_hal_i2c.c.obj
                0x0800329c                HAL_I2C_Init
 .text.HAL_I2C_Mem_Write
                0x08003458      0x164 CMakeFiles/SawamuraEririAndSky.elf.dir/Drivers/STM32F4xx_HAL_Driver/Src/stm32f4xx_hal_i2c.c.obj
                0x08003458                HAL_I2C_Mem_Write
 .text.HAL_I2C_Mem_Read
                0x080035bc      0x2f8 CMakeFiles/SawamuraEririAndSky.elf.dir/Drivers/STM32F4xx_HAL_Driver/Src/stm32f4xx_hal_i2c.c.obj
                0x080035bc                HAL_I2C_Mem_Read
 .text.HAL_I2CEx_ConfigAnalogFilter
                0x080038b4       0x44 CMakeFiles/SawamuraEririAndSky.elf.dir/Drivers/STM32F4xx_HAL_Driver/Src/stm32f4xx_hal_i2c_ex.c.obj
                0x080038b4                HAL_I2CEx_ConfigAnalogFilter
 .text.HAL_I2CEx_ConfigDigitalFilter
                0x080038f8       0x42 CMakeFiles/SawamuraEririAndSky.elf.dir/Drivers/STM32F4xx_HAL_Driver/Src/stm32f4xx_hal_i2c_ex.c.obj
                0x080038f8                HAL_I2CEx_ConfigDigitalFilter
 *fill*         0x0800393a        0x2 
 .text.HAL_RCC_OscConfig
                0x0800393c      0x3f8 CMakeFiles/SawamuraEririAndSky.elf.dir/Drivers/STM32F4xx_HAL_Driver/Src/stm32f4xx_hal_rcc.c.obj
                0x0800393c                HAL_RCC_OscConfig
 .text.HAL_RCC_GetSysClockFreq
                0x08003d34       0xa4 CMakeFiles/SawamuraEririAndSky.elf.dir/Drivers/STM32F4xx_HAL_Driver/Src/stm32f4xx_hal_rcc.c.obj
                0x08003d34                HAL_RCC_GetSysClockFreq
 .text.HAL_RCC_ClockConfig
                0x08003dd8      0x160 CMakeFiles/SawamuraEririAndSky.elf.dir/Drivers/STM32F4xx_HAL_Driver/Src/stm32f4xx_hal_rcc.c.obj
                0x08003dd8                HAL_RCC_ClockConfig
 .text.HAL_RCC_GetHCLKFreq
                0x08003f38        0xc CMakeFiles/SawamuraEririAndSky.elf.dir/Drivers/STM32F4xx_HAL_Driver/Src/stm32f4xx_hal_rcc.c.obj
                0x08003f38                HAL_RCC_GetHCLKFreq
 .text.HAL_RCC_GetPCLK1Freq
                0x08003f44       0x20 CMakeFiles/SawamuraEririAndSky.elf.dir/Drivers/STM32F4xx_HAL_Driver/Src/stm32f4xx_hal_rcc.c.obj
                0x08003f44                HAL_RCC_GetPCLK1Freq
 .text.SPI_WaitFlagStateUntilTimeout
                0x08003f64       0xd4 CMakeFiles/SawamuraEririAndSky.elf.dir/Drivers/STM32F4xx_HAL_Driver/Src/stm32f4xx_hal_spi.c.obj
 .text.SPI_EndRxTxTransaction
                0x08004038       0x80 CMakeFiles/SawamuraEririAndSky.elf.dir/Drivers/STM32F4xx_HAL_Driver/Src/stm32f4xx_hal_spi.c.obj
 .text.HAL_SPI_Init
                0x080040b8       0xbe CMakeFiles/SawamuraEririAndSky.elf.dir/Drivers/STM32F4xx_HAL_Driver/Src/stm32f4xx_hal_spi.c.obj
                0x080040b8                HAL_SPI_Init
 .text.HAL_SPI_Transmit
                0x08004176      0x1b8 CMakeFiles/SawamuraEririAndSky.elf.dir/Drivers/STM32F4xx_HAL_Driver/Src/stm32f4xx_hal_spi.c.obj
                0x08004176                HAL_SPI_Transmit
 *fill*         0x0800432e        0x2 
 .text.TIM_OC1_SetConfig
                0x08004330       0x68 CMakeFiles/SawamuraEririAndSky.elf.dir/Drivers/STM32F4xx_HAL_Driver/Src/stm32f4xx_hal_tim.c.obj
 .text.TIM_OC3_SetConfig
                0x08004398       0x70 CMakeFiles/SawamuraEririAndSky.elf.dir/Drivers/STM32F4xx_HAL_Driver/Src/stm32f4xx_hal_tim.c.obj
 .text.TIM_OC4_SetConfig
                0x08004408       0x50 CMakeFiles/SawamuraEririAndSky.elf.dir/Drivers/STM32F4xx_HAL_Driver/Src/stm32f4xx_hal_tim.c.obj
 .text.TIM_TI1_ConfigInputStage
                0x08004458       0x24 CMakeFiles/SawamuraEririAndSky.elf.dir/Drivers/STM32F4xx_HAL_Driver/Src/stm32f4xx_hal_tim.c.obj
 .text.TIM_TI2_ConfigInputStage
                0x0800447c       0x26 CMakeFiles/SawamuraEririAndSky.elf.dir/Drivers/STM32F4xx_HAL_Driver/Src/stm32f4xx_hal_tim.c.obj
 .text.TIM_ITRx_SetConfig
                0x080044a2       0x10 CMakeFiles/SawamuraEririAndSky.elf.dir/Drivers/STM32F4xx_HAL_Driver/Src/stm32f4xx_hal_tim.c.obj
 *fill*         0x080044b2        0x2 
 .text.HAL_TIM_Base_Start
                0x080044b4       0x7c CMakeFiles/SawamuraEririAndSky.elf.dir/Drivers/STM32F4xx_HAL_Driver/Src/stm32f4xx_hal_tim.c.obj
                0x080044b4                HAL_TIM_Base_Start
 .text.HAL_TIM_Base_Start_IT
                0x08004530       0x88 CMakeFiles/SawamuraEririAndSky.elf.dir/Drivers/STM32F4xx_HAL_Driver/Src/stm32f4xx_hal_tim.c.obj
                0x08004530                HAL_TIM_Base_Start_IT
 .text.HAL_TIM_PWM_MspInit
                0x080045b8        0x2 CMakeFiles/SawamuraEririAndSky.elf.dir/Drivers/STM32F4xx_HAL_Driver/Src/stm32f4xx_hal_tim.c.obj
                0x080045b8                HAL_TIM_PWM_MspInit
 .text.HAL_TIM_OC_DelayElapsedCallback
                0x080045ba        0x2 CMakeFiles/SawamuraEririAndSky.elf.dir/Drivers/STM32F4xx_HAL_Driver/Src/stm32f4xx_hal_tim.c.obj
                0x080045ba                HAL_TIM_OC_DelayElapsedCallback
 .text.HAL_TIM_IC_CaptureCallback
                0x080045bc        0x2 CMakeFiles/SawamuraEririAndSky.elf.dir/Drivers/STM32F4xx_HAL_Driver/Src/stm32f4xx_hal_tim.c.obj
                0x080045bc                HAL_TIM_IC_CaptureCallback
 .text.HAL_TIM_PWM_PulseFinishedCallback
                0x080045be        0x2 CMakeFiles/SawamuraEririAndSky.elf.dir/Drivers/STM32F4xx_HAL_Driver/Src/stm32f4xx_hal_tim.c.obj
                0x080045be                HAL_TIM_PWM_PulseFinishedCallback
 .text.HAL_TIM_TriggerCallback
                0x080045c0        0x2 CMakeFiles/SawamuraEririAndSky.elf.dir/Drivers/STM32F4xx_HAL_Driver/Src/stm32f4xx_hal_tim.c.obj
                0x080045c0                HAL_TIM_TriggerCallback
 .text.HAL_TIM_IRQHandler
                0x080045c2      0x15e CMakeFiles/SawamuraEririAndSky.elf.dir/Drivers/STM32F4xx_HAL_Driver/Src/stm32f4xx_hal_tim.c.obj
                0x080045c2                HAL_TIM_IRQHandler
 .text.TIM_Base_SetConfig
                0x08004720       0xd8 CMakeFiles/SawamuraEririAndSky.elf.dir/Drivers/STM32F4xx_HAL_Driver/Src/stm32f4xx_hal_tim.c.obj
                0x08004720                TIM_Base_SetConfig
 .text.HAL_TIM_Base_Init
                0x080047f8       0x58 CMakeFiles/SawamuraEririAndSky.elf.dir/Drivers/STM32F4xx_HAL_Driver/Src/stm32f4xx_hal_tim.c.obj
                0x080047f8                HAL_TIM_Base_Init
 .text.HAL_TIM_PWM_Init
                0x08004850       0x58 CMakeFiles/SawamuraEririAndSky.elf.dir/Drivers/STM32F4xx_HAL_Driver/Src/stm32f4xx_hal_tim.c.obj
                0x08004850                HAL_TIM_PWM_Init
 .text.TIM_OC2_SetConfig
                0x080048a8       0x70 CMakeFiles/SawamuraEririAndSky.elf.dir/Drivers/STM32F4xx_HAL_Driver/Src/stm32f4xx_hal_tim.c.obj
                0x080048a8                TIM_OC2_SetConfig
 .text.HAL_TIM_PWM_ConfigChannel
                0x08004918       0xdc CMakeFiles/SawamuraEririAndSky.elf.dir/Drivers/STM32F4xx_HAL_Driver/Src/stm32f4xx_hal_tim.c.obj
                0x08004918                HAL_TIM_PWM_ConfigChannel
 .text.TIM_ETR_SetConfig
                0x080049f4       0x18 CMakeFiles/SawamuraEririAndSky.elf.dir/Drivers/STM32F4xx_HAL_Driver/Src/stm32f4xx_hal_tim.c.obj
                0x080049f4                TIM_ETR_SetConfig
 .text.HAL_TIM_ConfigClockSource
                0x08004a0c       0xfe CMakeFiles/SawamuraEririAndSky.elf.dir/Drivers/STM32F4xx_HAL_Driver/Src/stm32f4xx_hal_tim.c.obj
                0x08004a0c                HAL_TIM_ConfigClockSource
 .text.TIM_CCxChannelCmd
                0x08004b0a       0x1e CMakeFiles/SawamuraEririAndSky.elf.dir/Drivers/STM32F4xx_HAL_Driver/Src/stm32f4xx_hal_tim.c.obj
                0x08004b0a                TIM_CCxChannelCmd
 .text.HAL_TIM_PWM_Start
                0x08004b28      0x104 CMakeFiles/SawamuraEririAndSky.elf.dir/Drivers/STM32F4xx_HAL_Driver/Src/stm32f4xx_hal_tim.c.obj
                0x08004b28                HAL_TIM_PWM_Start
 .text.HAL_TIMEx_MasterConfigSynchronization
                0x08004c2c       0x8c CMakeFiles/SawamuraEririAndSky.elf.dir/Drivers/STM32F4xx_HAL_Driver/Src/stm32f4xx_hal_tim_ex.c.obj
                0x08004c2c                HAL_TIMEx_MasterConfigSynchronization
 .text.HAL_TIMEx_CommutCallback
                0x08004cb8        0x2 CMakeFiles/SawamuraEririAndSky.elf.dir/Drivers/STM32F4xx_HAL_Driver/Src/stm32f4xx_hal_tim_ex.c.obj
                0x08004cb8                HAL_TIMEx_CommutCallback
 .text.HAL_TIMEx_BreakCallback
                0x08004cba        0x2 CMakeFiles/SawamuraEririAndSky.elf.dir/Drivers/STM32F4xx_HAL_Driver/Src/stm32f4xx_hal_tim_ex.c.obj
                0x08004cba                HAL_TIMEx_BreakCallback
 .text.__errno  0x08004cbc        0xc d:/gnu_tools_arm_embedded/gcc-arm-none-eabi-10.3-2021.10/bin/../lib/gcc/arm-none-eabi/10.3.1/../../../../arm-none-eabi/lib/thumb/v7e-m/nofp\libg.a(lib_a-errno.o)
                0x08004cbc                __errno
 .text.__libc_init_array
                0x08004cc8       0x48 d:/gnu_tools_arm_embedded/gcc-arm-none-eabi-10.3-2021.10/bin/../lib/gcc/arm-none-eabi/10.3.1/../../../../arm-none-eabi/lib/thumb/v7e-m/nofp\libg.a(lib_a-init.o)
                0x08004cc8                __libc_init_array
 .text.memset   0x08004d10       0xa4 d:/gnu_tools_arm_embedded/gcc-arm-none-eabi-10.3-2021.10/bin/../lib/gcc/arm-none-eabi/10.3.1/../../../../arm-none-eabi/lib/thumb/v7e-m/nofp\libg.a(lib_a-memset.o)
                0x08004d10                memset
 .text.startup.register_fini
                0x08004db4       0x14 d:/gnu_tools_arm_embedded/gcc-arm-none-eabi-10.3-2021.10/bin/../lib/gcc/arm-none-eabi/10.3.1/../../../../arm-none-eabi/lib/thumb/v7e-m/nofp\libg.a(lib_a-__call_atexit.o)
 .text.atexit   0x08004dc8        0xc d:/gnu_tools_arm_embedded/gcc-arm-none-eabi-10.3-2021.10/bin/../lib/gcc/arm-none-eabi/10.3.1/../../../../arm-none-eabi/lib/thumb/v7e-m/nofp\libg.a(lib_a-atexit.o)
                0x08004dc8                atexit
 .text.__libc_fini_array
                0x08004dd4       0x2c d:/gnu_tools_arm_embedded/gcc-arm-none-eabi-10.3-2021.10/bin/../lib/gcc/arm-none-eabi/10.3.1/../../../../arm-none-eabi/lib/thumb/v7e-m/nofp\libg.a(lib_a-fini.o)
                0x08004dd4                __libc_fini_array
 .text.__retarget_lock_acquire_recursive
                0x08004e00        0x4 d:/gnu_tools_arm_embedded/gcc-arm-none-eabi-10.3-2021.10/bin/../lib/gcc/arm-none-eabi/10.3.1/../../../../arm-none-eabi/lib/thumb/v7e-m/nofp\libg.a(lib_a-lock.o)
                0x08004e00                __retarget_lock_acquire_recursive
 .text.__retarget_lock_release_recursive
                0x08004e04        0x4 d:/gnu_tools_arm_embedded/gcc-arm-none-eabi-10.3-2021.10/bin/../lib/gcc/arm-none-eabi/10.3.1/../../../../arm-none-eabi/lib/thumb/v7e-m/nofp\libg.a(lib_a-lock.o)
                0x08004e04                __retarget_lock_release_recursive
 .text.__register_exitproc
                0x08004e08       0x8c d:/gnu_tools_arm_embedded/gcc-arm-none-eabi-10.3-2021.10/bin/../lib/gcc/arm-none-eabi/10.3.1/../../../../arm-none-eabi/lib/thumb/v7e-m/nofp\libg.a(lib_a-__atexit.o)
                0x08004e08                __register_exitproc
 .text.asin     0x08004e94       0x50 d:/gnu_tools_arm_embedded/gcc-arm-none-eabi-10.3-2021.10/bin/../lib/gcc/arm-none-eabi/10.3.1/../../../../arm-none-eabi/lib/thumb/v7e-m/nofp\libm.a(lib_a-w_asin.o)
                0x08004e94                asin
 .text.atan2    0x08004ee4        0x4 d:/gnu_tools_arm_embedded/gcc-arm-none-eabi-10.3-2021.10/bin/../lib/gcc/arm-none-eabi/10.3.1/../../../../arm-none-eabi/lib/thumb/v7e-m/nofp\libm.a(lib_a-w_atan2.o)
                0x08004ee4                atan2
 .text.sqrt     0x08004ee8       0x50 d:/gnu_tools_arm_embedded/gcc-arm-none-eabi-10.3-2021.10/bin/../lib/gcc/arm-none-eabi/10.3.1/../../../../arm-none-eabi/lib/thumb/v7e-m/nofp\libm.a(lib_a-w_sqrt.o)
                0x08004ee8                sqrt
 .text.__ieee754_asin
                0x08004f38      0x46c d:/gnu_tools_arm_embedded/gcc-arm-none-eabi-10.3-2021.10/bin/../lib/gcc/arm-none-eabi/10.3.1/../../../../arm-none-eabi/lib/thumb/v7e-m/nofp\libm.a(lib_a-e_asin.o)
                0x08004f38                __ieee754_asin
 *fill*         0x080053a4        0x4 
 .text.__ieee754_atan2
                0x080053a8      0x194 d:/gnu_tools_arm_embedded/gcc-arm-none-eabi-10.3-2021.10/bin/../lib/gcc/arm-none-eabi/10.3.1/../../../../arm-none-eabi/lib/thumb/v7e-m/nofp\libm.a(lib_a-e_atan2.o)
                0x080053a8                __ieee754_atan2
 .text.__ieee754_sqrt
                0x0800553c      0x18c d:/gnu_tools_arm_embedded/gcc-arm-none-eabi-10.3-2021.10/bin/../lib/gcc/arm-none-eabi/10.3.1/../../../../arm-none-eabi/lib/thumb/v7e-m/nofp\libm.a(lib_a-e_sqrt.o)
                0x0800553c                __ieee754_sqrt
 .text.atan     0x080056c8      0x32c d:/gnu_tools_arm_embedded/gcc-arm-none-eabi-10.3-2021.10/bin/../lib/gcc/arm-none-eabi/10.3.1/../../../../arm-none-eabi/lib/thumb/v7e-m/nofp\libm.a(lib_a-s_atan.o)
                0x080056c8                atan
 .text.fabs     0x080059f4        0x8 d:/gnu_tools_arm_embedded/gcc-arm-none-eabi-10.3-2021.10/bin/../lib/gcc/arm-none-eabi/10.3.1/../../../../arm-none-eabi/lib/thumb/v7e-m/nofp\libm.a(lib_a-s_fabs.o)
                0x080059f4                fabs
 .text.nan      0x080059fc        0xc d:/gnu_tools_arm_embedded/gcc-arm-none-eabi-10.3-2021.10/bin/../lib/gcc/arm-none-eabi/10.3.1/../../../../arm-none-eabi/lib/thumb/v7e-m/nofp\libm.a(lib_a-s_nan.o)
                0x080059fc                nan
 *(.glue_7)
 .glue_7        0x08005a08        0x0 linker stubs
 *(.glue_7t)
 .glue_7t       0x08005a08        0x0 linker stubs
 *(.eh_frame)
 .eh_frame      0x08005a08        0x0 d:/gnu_tools_arm_embedded/gcc-arm-none-eabi-10.3-2021.10/bin/../lib/gcc/arm-none-eabi/10.3.1/thumb/v7e-m/nofp/crtbegin.o
 *(.init)
 .init          0x08005a08        0x4 d:/gnu_tools_arm_embedded/gcc-arm-none-eabi-10.3-2021.10/bin/../lib/gcc/arm-none-eabi/10.3.1/thumb/v7e-m/nofp/crti.o
                0x08005a08                _init
 .init          0x08005a0c        0x8 d:/gnu_tools_arm_embedded/gcc-arm-none-eabi-10.3-2021.10/bin/../lib/gcc/arm-none-eabi/10.3.1/thumb/v7e-m/nofp/crtn.o
 *(.fini)
 .fini          0x08005a14        0x4 d:/gnu_tools_arm_embedded/gcc-arm-none-eabi-10.3-2021.10/bin/../lib/gcc/arm-none-eabi/10.3.1/thumb/v7e-m/nofp/crti.o
                0x08005a14                _fini
 .fini          0x08005a18        0x8 d:/gnu_tools_arm_embedded/gcc-arm-none-eabi-10.3-2021.10/bin/../lib/gcc/arm-none-eabi/10.3.1/thumb/v7e-m/nofp/crtn.o
                0x08005a20                . = ALIGN (0x4)
                0x08005a20                _etext = .

.vfp11_veneer   0x08005a20        0x0
 .vfp11_veneer  0x08005a20        0x0 linker stubs

.v4_bx          0x08005a20        0x0
 .v4_bx         0x08005a20        0x0 linker stubs

.iplt           0x08005a20        0x0
 .iplt          0x08005a20        0x0 d:/gnu_tools_arm_embedded/gcc-arm-none-eabi-10.3-2021.10/bin/../lib/gcc/arm-none-eabi/10.3.1/thumb/v7e-m/nofp/crtbegin.o

.rodata         0x08005a20     0x1e50
                0x08005a20                . = ALIGN (0x4)
 *(.rodata)
 *(.rodata*)
 .rodata.ascii_1608
                0x08005a20      0x5f0 CMakeFiles/SawamuraEririAndSky.elf.dir/Core/Src/lcd.c.obj
                0x08005a20                ascii_1608
 .rodata.ascii_3216
                0x08006010     0x17c0 CMakeFiles/SawamuraEririAndSky.elf.dir/Core/Src/lcd.c.obj
                0x08006010                ascii_3216
 .rodata.main.str1.4
                0x080077d0        0xa CMakeFiles/SawamuraEririAndSky.elf.dir/Core/Src/main.c.obj
 *fill*         0x080077da        0x2 
 .rodata.AHBPrescTable
                0x080077dc       0x10 CMakeFiles/SawamuraEririAndSky.elf.dir/Core/Src/system_stm32f4xx.c.obj
                0x080077dc                AHBPrescTable
 .rodata.APBPrescTable
                0x080077ec        0x8 CMakeFiles/SawamuraEririAndSky.elf.dir/Core/Src/system_stm32f4xx.c.obj
                0x080077ec                APBPrescTable
 .rodata._global_impure_ptr
                0x080077f4        0x4 d:/gnu_tools_arm_embedded/gcc-arm-none-eabi-10.3-2021.10/bin/../lib/gcc/arm-none-eabi/10.3.1/../../../../arm-none-eabi/lib/thumb/v7e-m/nofp\libg.a(lib_a-impure.o)
                0x080077f4                _global_impure_ptr
 .rodata.asin.str1.4
                0x080077f8        0x1 d:/gnu_tools_arm_embedded/gcc-arm-none-eabi-10.3-2021.10/bin/../lib/gcc/arm-none-eabi/10.3.1/../../../../arm-none-eabi/lib/thumb/v7e-m/nofp\libm.a(lib_a-w_asin.o)
 *fill*         0x080077f9        0x7 
 .rodata.CSWTCH.8
                0x08007800       0x18 d:/gnu_tools_arm_embedded/gcc-arm-none-eabi-10.3-2021.10/bin/../lib/gcc/arm-none-eabi/10.3.1/../../../../arm-none-eabi/lib/thumb/v7e-m/nofp\libm.a(lib_a-e_atan2.o)
 .rodata.CSWTCH.9
                0x08007818       0x18 d:/gnu_tools_arm_embedded/gcc-arm-none-eabi-10.3-2021.10/bin/../lib/gcc/arm-none-eabi/10.3.1/../../../../arm-none-eabi/lib/thumb/v7e-m/nofp\libm.a(lib_a-e_atan2.o)
 .rodata.atanhi
                0x08007830       0x20 d:/gnu_tools_arm_embedded/gcc-arm-none-eabi-10.3-2021.10/bin/../lib/gcc/arm-none-eabi/10.3.1/../../../../arm-none-eabi/lib/thumb/v7e-m/nofp\libm.a(lib_a-s_atan.o)
 .rodata.atanlo
                0x08007850       0x20 d:/gnu_tools_arm_embedded/gcc-arm-none-eabi-10.3-2021.10/bin/../lib/gcc/arm-none-eabi/10.3.1/../../../../arm-none-eabi/lib/thumb/v7e-m/nofp\libm.a(lib_a-s_atan.o)
                0x08007870                . = ALIGN (0x4)

.ARM.extab      0x08007870        0x0
                0x08007870                . = ALIGN (0x4)
 *(.ARM.extab* .gnu.linkonce.armextab.*)
                0x08007870                . = ALIGN (0x4)

.ARM            0x08007870        0x8
                0x08007870                . = ALIGN (0x4)
                0x08007870                __exidx_start = .
 *(.ARM.exidx*)
 .ARM.exidx     0x08007870        0x8 d:/gnu_tools_arm_embedded/gcc-arm-none-eabi-10.3-2021.10/bin/../lib/gcc/arm-none-eabi/10.3.1/thumb/v7e-m/nofp\libgcc.a(_udivmoddi4.o)
                0x08007878                __exidx_end = .
                0x08007878                . = ALIGN (0x4)

.rel.dyn        0x08007878        0x0
 .rel.iplt      0x08007878        0x0 d:/gnu_tools_arm_embedded/gcc-arm-none-eabi-10.3-2021.10/bin/../lib/gcc/arm-none-eabi/10.3.1/thumb/v7e-m/nofp/crtbegin.o

.preinit_array  0x08007878        0x0
                0x08007878                . = ALIGN (0x4)
                0x08007878                PROVIDE (__preinit_array_start = .)
 *(.preinit_array*)
                0x08007878                PROVIDE (__preinit_array_end = .)
                0x08007878                . = ALIGN (0x4)

.init_array     0x08007878        0x8
                0x08007878                . = ALIGN (0x4)
                0x08007878                PROVIDE (__init_array_start = .)
 *(SORT_BY_NAME(.init_array.*))
 .init_array.00000
                0x08007878        0x4 d:/gnu_tools_arm_embedded/gcc-arm-none-eabi-10.3-2021.10/bin/../lib/gcc/arm-none-eabi/10.3.1/../../../../arm-none-eabi/lib/thumb/v7e-m/nofp\libg.a(lib_a-__call_atexit.o)
 *(.init_array*)
 .init_array    0x0800787c        0x4 d:/gnu_tools_arm_embedded/gcc-arm-none-eabi-10.3-2021.10/bin/../lib/gcc/arm-none-eabi/10.3.1/thumb/v7e-m/nofp/crtbegin.o
                0x08007880                PROVIDE (__init_array_end = .)
                0x08007880                . = ALIGN (0x4)

.fini_array     0x08007880        0x4
                0x08007880                . = ALIGN (0x4)
                0x08007880                PROVIDE (__fini_array_start = .)
 *(SORT_BY_NAME(.fini_array.*))
 *(.fini_array*)
 .fini_array    0x08007880        0x4 d:/gnu_tools_arm_embedded/gcc-arm-none-eabi-10.3-2021.10/bin/../lib/gcc/arm-none-eabi/10.3.1/thumb/v7e-m/nofp/crtbegin.o
                0x08007884                PROVIDE (__fini_array_end = .)
                0x08007884                . = ALIGN (0x4)
                0x08007884                _sidata = LOADADDR (.data)

.data           0x20000000      0x44c load address 0x08007884
                0x20000000                . = ALIGN (0x4)
                0x20000000                _sdata = .
 *(.data)
 *(.data*)
 .data.q0       0x20000000        0x4 CMakeFiles/SawamuraEririAndSky.elf.dir/Core/Src/MPU6050.c.obj
                0x20000000                q0
 .data.oled_spi
                0x20000004        0x4 CMakeFiles/SawamuraEririAndSky.elf.dir/Core/Src/lcd_init.c.obj
                0x20000004                oled_spi
 .data.pwm_duty
                0x20000008        0x4 CMakeFiles/SawamuraEririAndSky.elf.dir/Core/Src/main.c.obj
 .data.SystemCoreClock
                0x2000000c        0x4 CMakeFiles/SawamuraEririAndSky.elf.dir/Core/Src/system_stm32f4xx.c.obj
                0x2000000c                SystemCoreClock
 .data.uwTickFreq
                0x20000010        0x1 CMakeFiles/SawamuraEririAndSky.elf.dir/Drivers/STM32F4xx_HAL_Driver/Src/stm32f4xx_hal.c.obj
                0x20000010                uwTickFreq
 *fill*         0x20000011        0x3 
 .data.uwTickPrio
                0x20000014        0x4 CMakeFiles/SawamuraEririAndSky.elf.dir/Drivers/STM32F4xx_HAL_Driver/Src/stm32f4xx_hal.c.obj
                0x20000014                uwTickPrio
 .data._impure_ptr
                0x20000018        0x4 d:/gnu_tools_arm_embedded/gcc-arm-none-eabi-10.3-2021.10/bin/../lib/gcc/arm-none-eabi/10.3.1/../../../../arm-none-eabi/lib/thumb/v7e-m/nofp\libg.a(lib_a-impure.o)
                0x20000018                _impure_ptr
 *fill*         0x2000001c        0x4 
 .data.impure_data
                0x20000020      0x428 d:/gnu_tools_arm_embedded/gcc-arm-none-eabi-10.3-2021.10/bin/../lib/gcc/arm-none-eabi/10.3.1/../../../../arm-none-eabi/lib/thumb/v7e-m/nofp\libg.a(lib_a-impure.o)
 .data.__atexit_recursive_mutex
                0x20000448        0x4 d:/gnu_tools_arm_embedded/gcc-arm-none-eabi-10.3-2021.10/bin/../lib/gcc/arm-none-eabi/10.3.1/../../../../arm-none-eabi/lib/thumb/v7e-m/nofp\libg.a(lib_a-__call_atexit.o)
                0x20000448                __atexit_recursive_mutex
 *(.RamFunc)
 *(.RamFunc*)
                0x2000044c                . = ALIGN (0x4)
                0x2000044c                _edata = .
                0x08007cd0                _siccmram = LOADADDR (.ccmram)

.igot.plt       0x2000044c        0x0 load address 0x08007cd0
 .igot.plt      0x2000044c        0x0 d:/gnu_tools_arm_embedded/gcc-arm-none-eabi-10.3-2021.10/bin/../lib/gcc/arm-none-eabi/10.3.1/thumb/v7e-m/nofp/crtbegin.o

.ccmram         0x10000000        0x0 load address 0x08007cd0
                0x10000000                . = ALIGN (0x4)
                0x10000000                _sccmram = .
 *(.ccmram)
 *(.ccmram*)
                0x10000000                . = ALIGN (0x4)
                0x10000000                _eccmram = .
                0x10000000                . = ALIGN (0x4)

.bss            0x2000044c      0x1f0
                0x2000044c                _sbss = .
                0x2000044c                __bss_start__ = _sbss
 *(.bss)
 .bss           0x2000044c       0x1c d:/gnu_tools_arm_embedded/gcc-arm-none-eabi-10.3-2021.10/bin/../lib/gcc/arm-none-eabi/10.3.1/thumb/v7e-m/nofp/crtbegin.o
 *(.bss*)
 .bss.exInt     0x20000468        0x4 CMakeFiles/SawamuraEririAndSky.elf.dir/Core/Src/MPU6050.c.obj
                0x20000468                exInt
 .bss.eyInt     0x2000046c        0x4 CMakeFiles/SawamuraEririAndSky.elf.dir/Core/Src/MPU6050.c.obj
                0x2000046c                eyInt
 .bss.ezInt     0x20000470        0x4 CMakeFiles/SawamuraEririAndSky.elf.dir/Core/Src/MPU6050.c.obj
                0x20000470                ezInt
 .bss.q1        0x20000474        0x4 CMakeFiles/SawamuraEririAndSky.elf.dir/Core/Src/MPU6050.c.obj
                0x20000474                q1
 .bss.q2        0x20000478        0x4 CMakeFiles/SawamuraEririAndSky.elf.dir/Core/Src/MPU6050.c.obj
                0x20000478                q2
 .bss.q3        0x2000047c        0x4 CMakeFiles/SawamuraEririAndSky.elf.dir/Core/Src/MPU6050.c.obj
                0x2000047c                q3
 .bss.fac_us    0x20000480        0x4 CMakeFiles/SawamuraEririAndSky.elf.dir/Core/Src/delay.c.obj
 .bss.hi2c2     0x20000484       0x54 CMakeFiles/SawamuraEririAndSky.elf.dir/Core/Src/i2c.c.obj
                0x20000484                hi2c2
 .bss.Angle     0x200004d8        0xc CMakeFiles/SawamuraEririAndSky.elf.dir/Core/Src/main.c.obj
                0x200004d8                Angle
 .bss.acceleration_x
                0x200004e4        0x2 CMakeFiles/SawamuraEririAndSky.elf.dir/Core/Src/main.c.obj
                0x200004e4                acceleration_x
 .bss.acceleration_y
                0x200004e6        0x2 CMakeFiles/SawamuraEririAndSky.elf.dir/Core/Src/main.c.obj
                0x200004e6                acceleration_y
 .bss.acceleration_z
                0x200004e8        0x2 CMakeFiles/SawamuraEririAndSky.elf.dir/Core/Src/main.c.obj
                0x200004e8                acceleration_z
 .bss.gyro_x    0x200004ea        0x2 CMakeFiles/SawamuraEririAndSky.elf.dir/Core/Src/main.c.obj
                0x200004ea                gyro_x
 .bss.gyro_y    0x200004ec        0x2 CMakeFiles/SawamuraEririAndSky.elf.dir/Core/Src/main.c.obj
                0x200004ec                gyro_y
 .bss.gyro_z    0x200004ee        0x2 CMakeFiles/SawamuraEririAndSky.elf.dir/Core/Src/main.c.obj
                0x200004ee                gyro_z
 .bss.keyInterrupt1
                0x200004f0        0x4 CMakeFiles/SawamuraEririAndSky.elf.dir/Core/Src/main.c.obj
 .bss.keyInterrupt2
                0x200004f4        0x4 CMakeFiles/SawamuraEririAndSky.elf.dir/Core/Src/main.c.obj
 .bss.pitch     0x200004f8        0x4 CMakeFiles/SawamuraEririAndSky.elf.dir/Core/Src/main.c.obj
                0x200004f8                pitch
 .bss.roll      0x200004fc        0x4 CMakeFiles/SawamuraEririAndSky.elf.dir/Core/Src/main.c.obj
                0x200004fc                roll
 .bss.yaw       0x20000500        0x4 CMakeFiles/SawamuraEririAndSky.elf.dir/Core/Src/main.c.obj
                0x20000500                yaw
 .bss.hspi5     0x20000504       0x58 CMakeFiles/SawamuraEririAndSky.elf.dir/Core/Src/spi.c.obj
                0x20000504                hspi5
 .bss.htim2     0x2000055c       0x48 CMakeFiles/SawamuraEririAndSky.elf.dir/Core/Src/tim.c.obj
                0x2000055c                htim2
 .bss.htim3     0x200005a4       0x48 CMakeFiles/SawamuraEririAndSky.elf.dir/Core/Src/tim.c.obj
                0x200005a4                htim3
 .bss.htim4     0x200005ec       0x48 CMakeFiles/SawamuraEririAndSky.elf.dir/Core/Src/tim.c.obj
                0x200005ec                htim4
 .bss.uwTick    0x20000634        0x4 CMakeFiles/SawamuraEririAndSky.elf.dir/Drivers/STM32F4xx_HAL_Driver/Src/stm32f4xx_hal.c.obj
                0x20000634                uwTick
 .bss.__lock___atexit_recursive_mutex
                0x20000638        0x1 d:/gnu_tools_arm_embedded/gcc-arm-none-eabi-10.3-2021.10/bin/../lib/gcc/arm-none-eabi/10.3.1/../../../../arm-none-eabi/lib/thumb/v7e-m/nofp\libg.a(lib_a-lock.o)
                0x20000638                __lock___atexit_recursive_mutex
 *(COMMON)
                0x2000063c                . = ALIGN (0x4)
 *fill*         0x20000639        0x3 
                0x2000063c                _ebss = .
                0x2000063c                __bss_end__ = _ebss

._user_heap_stack
                0x2000063c      0x604
                0x20000640                . = ALIGN (0x8)
 *fill*         0x2000063c        0x4 
                [!provide]                PROVIDE (end = .)
                0x20000640                PROVIDE (_end = .)
                0x20000840                . = (. + _Min_Heap_Size)
 *fill*         0x20000640      0x200 
                0x20000c40                . = (. + _Min_Stack_Size)
 *fill*         0x20000840      0x400 
                0x20000c40                . = ALIGN (0x8)

/DISCARD/
 libc.a(*)
 libm.a(*)
 libgcc.a(*)

.ARM.attributes
                0x00000000       0x2a
 *(.ARM.attributes)
 .ARM.attributes
                0x00000000       0x1e d:/gnu_tools_arm_embedded/gcc-arm-none-eabi-10.3-2021.10/bin/../lib/gcc/arm-none-eabi/10.3.1/thumb/v7e-m/nofp/crti.o
 .ARM.attributes
                0x0000001e       0x2e d:/gnu_tools_arm_embedded/gcc-arm-none-eabi-10.3-2021.10/bin/../lib/gcc/arm-none-eabi/10.3.1/thumb/v7e-m/nofp/crtbegin.o
 .ARM.attributes
                0x0000004c       0x2e CMakeFiles/SawamuraEririAndSky.elf.dir/Core/Src/MPU6050.c.obj
 .ARM.attributes
                0x0000007a       0x2e CMakeFiles/SawamuraEririAndSky.elf.dir/Core/Src/delay.c.obj
 .ARM.attributes
                0x000000a8       0x2e CMakeFiles/SawamuraEririAndSky.elf.dir/Core/Src/gpio.c.obj
 .ARM.attributes
                0x000000d6       0x2e CMakeFiles/SawamuraEririAndSky.elf.dir/Core/Src/i2c.c.obj
 .ARM.attributes
                0x00000104       0x2e CMakeFiles/SawamuraEririAndSky.elf.dir/Core/Src/lcd.c.obj
 .ARM.attributes
                0x00000132       0x2e CMakeFiles/SawamuraEririAndSky.elf.dir/Core/Src/lcd_init.c.obj
 .ARM.attributes
                0x00000160       0x2e CMakeFiles/SawamuraEririAndSky.elf.dir/Core/Src/main.c.obj
 .ARM.attributes
                0x0000018e       0x2e CMakeFiles/SawamuraEririAndSky.elf.dir/Core/Src/spi.c.obj
 .ARM.attributes
                0x000001bc       0x2e CMakeFiles/SawamuraEririAndSky.elf.dir/Core/Src/stm32f4xx_hal_msp.c.obj
 .ARM.attributes
                0x000001ea       0x2e CMakeFiles/SawamuraEririAndSky.elf.dir/Core/Src/stm32f4xx_it.c.obj
 .ARM.attributes
                0x00000218       0x2e CMakeFiles/SawamuraEririAndSky.elf.dir/Core/Src/system_stm32f4xx.c.obj
 .ARM.attributes
                0x00000246       0x2e CMakeFiles/SawamuraEririAndSky.elf.dir/Core/Src/tim.c.obj
 .ARM.attributes
                0x00000274       0x21 CMakeFiles/SawamuraEririAndSky.elf.dir/Core/Startup/startup_stm32f429igtx.s.obj
 .ARM.attributes
                0x00000295       0x2e CMakeFiles/SawamuraEririAndSky.elf.dir/Drivers/STM32F4xx_HAL_Driver/Src/stm32f4xx_hal.c.obj
 .ARM.attributes
                0x000002c3       0x2e CMakeFiles/SawamuraEririAndSky.elf.dir/Drivers/STM32F4xx_HAL_Driver/Src/stm32f4xx_hal_cortex.c.obj
 .ARM.attributes
                0x000002f1       0x2e CMakeFiles/SawamuraEririAndSky.elf.dir/Drivers/STM32F4xx_HAL_Driver/Src/stm32f4xx_hal_gpio.c.obj
 .ARM.attributes
                0x0000031f       0x2e CMakeFiles/SawamuraEririAndSky.elf.dir/Drivers/STM32F4xx_HAL_Driver/Src/stm32f4xx_hal_i2c.c.obj
 .ARM.attributes
                0x0000034d       0x2e CMakeFiles/SawamuraEririAndSky.elf.dir/Drivers/STM32F4xx_HAL_Driver/Src/stm32f4xx_hal_i2c_ex.c.obj
 .ARM.attributes
                0x0000037b       0x2e CMakeFiles/SawamuraEririAndSky.elf.dir/Drivers/STM32F4xx_HAL_Driver/Src/stm32f4xx_hal_rcc.c.obj
 .ARM.attributes
                0x000003a9       0x2e CMakeFiles/SawamuraEririAndSky.elf.dir/Drivers/STM32F4xx_HAL_Driver/Src/stm32f4xx_hal_spi.c.obj
 .ARM.attributes
                0x000003d7       0x2e CMakeFiles/SawamuraEririAndSky.elf.dir/Drivers/STM32F4xx_HAL_Driver/Src/stm32f4xx_hal_tim.c.obj
 .ARM.attributes
                0x00000405       0x2e CMakeFiles/SawamuraEririAndSky.elf.dir/Drivers/STM32F4xx_HAL_Driver/Src/stm32f4xx_hal_tim_ex.c.obj
 .ARM.attributes
                0x00000433       0x1e d:/gnu_tools_arm_embedded/gcc-arm-none-eabi-10.3-2021.10/bin/../lib/gcc/arm-none-eabi/10.3.1/thumb/v7e-m/nofp\libgcc.a(_arm_addsubdf3.o)
 .ARM.attributes
                0x00000451       0x1e d:/gnu_tools_arm_embedded/gcc-arm-none-eabi-10.3-2021.10/bin/../lib/gcc/arm-none-eabi/10.3.1/thumb/v7e-m/nofp\libgcc.a(_arm_muldivdf3.o)
 .ARM.attributes
                0x0000046f       0x1e d:/gnu_tools_arm_embedded/gcc-arm-none-eabi-10.3-2021.10/bin/../lib/gcc/arm-none-eabi/10.3.1/thumb/v7e-m/nofp\libgcc.a(_arm_truncdfsf2.o)
 .ARM.attributes
                0x0000048d       0x1e d:/gnu_tools_arm_embedded/gcc-arm-none-eabi-10.3-2021.10/bin/../lib/gcc/arm-none-eabi/10.3.1/thumb/v7e-m/nofp\libgcc.a(_arm_addsubsf3.o)
 .ARM.attributes
                0x000004ab       0x1e d:/gnu_tools_arm_embedded/gcc-arm-none-eabi-10.3-2021.10/bin/../lib/gcc/arm-none-eabi/10.3.1/thumb/v7e-m/nofp\libgcc.a(_arm_muldivsf3.o)
 .ARM.attributes
                0x000004c9       0x1e d:/gnu_tools_arm_embedded/gcc-arm-none-eabi-10.3-2021.10/bin/../lib/gcc/arm-none-eabi/10.3.1/thumb/v7e-m/nofp\libgcc.a(_arm_cmpsf2.o)
 .ARM.attributes
                0x000004e7       0x1e d:/gnu_tools_arm_embedded/gcc-arm-none-eabi-10.3-2021.10/bin/../lib/gcc/arm-none-eabi/10.3.1/thumb/v7e-m/nofp\libgcc.a(_arm_fixunssfsi.o)
 .ARM.attributes
                0x00000505       0x1e d:/gnu_tools_arm_embedded/gcc-arm-none-eabi-10.3-2021.10/bin/../lib/gcc/arm-none-eabi/10.3.1/thumb/v7e-m/nofp\libgcc.a(_aeabi_uldivmod.o)
 .ARM.attributes
                0x00000523       0x2e d:/gnu_tools_arm_embedded/gcc-arm-none-eabi-10.3-2021.10/bin/../lib/gcc/arm-none-eabi/10.3.1/thumb/v7e-m/nofp\libgcc.a(_udivmoddi4.o)
 .ARM.attributes
                0x00000551       0x1e d:/gnu_tools_arm_embedded/gcc-arm-none-eabi-10.3-2021.10/bin/../lib/gcc/arm-none-eabi/10.3.1/thumb/v7e-m/nofp\libgcc.a(_dvmd_tls.o)
 .ARM.attributes
                0x0000056f       0x2e d:/gnu_tools_arm_embedded/gcc-arm-none-eabi-10.3-2021.10/bin/../lib/gcc/arm-none-eabi/10.3.1/../../../../arm-none-eabi/lib/thumb/v7e-m/nofp\libg.a(lib_a-errno.o)
 .ARM.attributes
                0x0000059d       0x2e d:/gnu_tools_arm_embedded/gcc-arm-none-eabi-10.3-2021.10/bin/../lib/gcc/arm-none-eabi/10.3.1/../../../../arm-none-eabi/lib/thumb/v7e-m/nofp\libg.a(lib_a-impure.o)
 .ARM.attributes
                0x000005cb       0x2e d:/gnu_tools_arm_embedded/gcc-arm-none-eabi-10.3-2021.10/bin/../lib/gcc/arm-none-eabi/10.3.1/../../../../arm-none-eabi/lib/thumb/v7e-m/nofp\libg.a(lib_a-init.o)
 .ARM.attributes
                0x000005f9       0x2e d:/gnu_tools_arm_embedded/gcc-arm-none-eabi-10.3-2021.10/bin/../lib/gcc/arm-none-eabi/10.3.1/../../../../arm-none-eabi/lib/thumb/v7e-m/nofp\libg.a(lib_a-memset.o)
 .ARM.attributes
                0x00000627       0x2e d:/gnu_tools_arm_embedded/gcc-arm-none-eabi-10.3-2021.10/bin/../lib/gcc/arm-none-eabi/10.3.1/../../../../arm-none-eabi/lib/thumb/v7e-m/nofp\libg.a(lib_a-__call_atexit.o)
 .ARM.attributes
                0x00000655       0x2e d:/gnu_tools_arm_embedded/gcc-arm-none-eabi-10.3-2021.10/bin/../lib/gcc/arm-none-eabi/10.3.1/../../../../arm-none-eabi/lib/thumb/v7e-m/nofp\libg.a(lib_a-atexit.o)
 .ARM.attributes
                0x00000683       0x2e d:/gnu_tools_arm_embedded/gcc-arm-none-eabi-10.3-2021.10/bin/../lib/gcc/arm-none-eabi/10.3.1/../../../../arm-none-eabi/lib/thumb/v7e-m/nofp\libg.a(lib_a-fini.o)
 .ARM.attributes
                0x000006b1       0x2e d:/gnu_tools_arm_embedded/gcc-arm-none-eabi-10.3-2021.10/bin/../lib/gcc/arm-none-eabi/10.3.1/../../../../arm-none-eabi/lib/thumb/v7e-m/nofp\libg.a(lib_a-lock.o)
 .ARM.attributes
                0x000006df       0x2e d:/gnu_tools_arm_embedded/gcc-arm-none-eabi-10.3-2021.10/bin/../lib/gcc/arm-none-eabi/10.3.1/../../../../arm-none-eabi/lib/thumb/v7e-m/nofp\libg.a(lib_a-__atexit.o)
 .ARM.attributes
                0x0000070d       0x1e d:/gnu_tools_arm_embedded/gcc-arm-none-eabi-10.3-2021.10/bin/../lib/gcc/arm-none-eabi/10.3.1/thumb/v7e-m/nofp\libgcc.a(_arm_cmpdf2.o)
 .ARM.attributes
                0x0000072b       0x1e d:/gnu_tools_arm_embedded/gcc-arm-none-eabi-10.3-2021.10/bin/../lib/gcc/arm-none-eabi/10.3.1/thumb/v7e-m/nofp\libgcc.a(_arm_unorddf2.o)
 .ARM.attributes
                0x00000749       0x1e d:/gnu_tools_arm_embedded/gcc-arm-none-eabi-10.3-2021.10/bin/../lib/gcc/arm-none-eabi/10.3.1/thumb/v7e-m/nofp/crtn.o
OUTPUT(SawamuraEririAndSky.elf elf32-littlearm)
LOAD linker stubs
LOAD d:/gnu_tools_arm_embedded/gcc-arm-none-eabi-10.3-2021.10/bin/../lib/gcc/arm-none-eabi/10.3.1/../../../../arm-none-eabi/lib/thumb/v7e-m/nofp\libc.a
LOAD d:/gnu_tools_arm_embedded/gcc-arm-none-eabi-10.3-2021.10/bin/../lib/gcc/arm-none-eabi/10.3.1/../../../../arm-none-eabi/lib/thumb/v7e-m/nofp\libm.a
LOAD d:/gnu_tools_arm_embedded/gcc-arm-none-eabi-10.3-2021.10/bin/../lib/gcc/arm-none-eabi/10.3.1/thumb/v7e-m/nofp\libgcc.a

.debug_info     0x00000000    0x17b5b
 .debug_info    0x00000000     0x1ea7 CMakeFiles/SawamuraEririAndSky.elf.dir/Core/Src/MPU6050.c.obj
 .debug_info    0x00001ea7      0x24b CMakeFiles/SawamuraEririAndSky.elf.dir/Core/Src/delay.c.obj
 .debug_info    0x000020f2      0x7ae CMakeFiles/SawamuraEririAndSky.elf.dir/Core/Src/gpio.c.obj
 .debug_info    0x000028a0      0xadd CMakeFiles/SawamuraEririAndSky.elf.dir/Core/Src/i2c.c.obj
 .debug_info    0x0000337d     0x14b2 CMakeFiles/SawamuraEririAndSky.elf.dir/Core/Src/lcd.c.obj
 .debug_info    0x0000482f      0xe44 CMakeFiles/SawamuraEririAndSky.elf.dir/Core/Src/lcd_init.c.obj
 .debug_info    0x00005673     0x1425 CMakeFiles/SawamuraEririAndSky.elf.dir/Core/Src/main.c.obj
 .debug_info    0x00006a98      0xa8c CMakeFiles/SawamuraEririAndSky.elf.dir/Core/Src/spi.c.obj
 .debug_info    0x00007524      0x2c0 CMakeFiles/SawamuraEririAndSky.elf.dir/Core/Src/stm32f4xx_hal_msp.c.obj
 .debug_info    0x000077e4      0x7d1 CMakeFiles/SawamuraEririAndSky.elf.dir/Core/Src/stm32f4xx_it.c.obj
 .debug_info    0x00007fb5      0x399 CMakeFiles/SawamuraEririAndSky.elf.dir/Core/Src/system_stm32f4xx.c.obj
 .debug_info    0x0000834e     0x11c5 CMakeFiles/SawamuraEririAndSky.elf.dir/Core/Src/tim.c.obj
 .debug_info    0x00009513       0x22 CMakeFiles/SawamuraEririAndSky.elf.dir/Core/Startup/startup_stm32f429igtx.s.obj
 .debug_info    0x00009535      0xa68 CMakeFiles/SawamuraEririAndSky.elf.dir/Drivers/STM32F4xx_HAL_Driver/Src/stm32f4xx_hal.c.obj
 .debug_info    0x00009f9d     0x10e1 CMakeFiles/SawamuraEririAndSky.elf.dir/Drivers/STM32F4xx_HAL_Driver/Src/stm32f4xx_hal_cortex.c.obj
 .debug_info    0x0000b07e      0x7cc CMakeFiles/SawamuraEririAndSky.elf.dir/Drivers/STM32F4xx_HAL_Driver/Src/stm32f4xx_hal_gpio.c.obj
 .debug_info    0x0000b84a     0x39a5 CMakeFiles/SawamuraEririAndSky.elf.dir/Drivers/STM32F4xx_HAL_Driver/Src/stm32f4xx_hal_i2c.c.obj
 .debug_info    0x0000f1ef      0x6cb CMakeFiles/SawamuraEririAndSky.elf.dir/Drivers/STM32F4xx_HAL_Driver/Src/stm32f4xx_hal_i2c_ex.c.obj
 .debug_info    0x0000f8ba      0xb1f CMakeFiles/SawamuraEririAndSky.elf.dir/Drivers/STM32F4xx_HAL_Driver/Src/stm32f4xx_hal_rcc.c.obj
 .debug_info    0x000103d9     0x1eb9 CMakeFiles/SawamuraEririAndSky.elf.dir/Drivers/STM32F4xx_HAL_Driver/Src/stm32f4xx_hal_spi.c.obj
 .debug_info    0x00012292     0x3dc6 CMakeFiles/SawamuraEririAndSky.elf.dir/Drivers/STM32F4xx_HAL_Driver/Src/stm32f4xx_hal_tim.c.obj
 .debug_info    0x00016058     0x1b03 CMakeFiles/SawamuraEririAndSky.elf.dir/Drivers/STM32F4xx_HAL_Driver/Src/stm32f4xx_hal_tim_ex.c.obj

.debug_abbrev   0x00000000     0x2968
 .debug_abbrev  0x00000000      0x226 CMakeFiles/SawamuraEririAndSky.elf.dir/Core/Src/MPU6050.c.obj
 .debug_abbrev  0x00000226      0x12e CMakeFiles/SawamuraEririAndSky.elf.dir/Core/Src/delay.c.obj
 .debug_abbrev  0x00000354      0x16a CMakeFiles/SawamuraEririAndSky.elf.dir/Core/Src/gpio.c.obj
 .debug_abbrev  0x000004be      0x1d3 CMakeFiles/SawamuraEririAndSky.elf.dir/Core/Src/i2c.c.obj
 .debug_abbrev  0x00000691      0x29d CMakeFiles/SawamuraEririAndSky.elf.dir/Core/Src/lcd.c.obj
 .debug_abbrev  0x0000092e      0x1bb CMakeFiles/SawamuraEririAndSky.elf.dir/Core/Src/lcd_init.c.obj
 .debug_abbrev  0x00000ae9      0x285 CMakeFiles/SawamuraEririAndSky.elf.dir/Core/Src/main.c.obj
 .debug_abbrev  0x00000d6e      0x1d3 CMakeFiles/SawamuraEririAndSky.elf.dir/Core/Src/spi.c.obj
 .debug_abbrev  0x00000f41       0xd1 CMakeFiles/SawamuraEririAndSky.elf.dir/Core/Src/stm32f4xx_hal_msp.c.obj
 .debug_abbrev  0x00001012      0x1b0 CMakeFiles/SawamuraEririAndSky.elf.dir/Core/Src/stm32f4xx_it.c.obj
 .debug_abbrev  0x000011c2      0x119 CMakeFiles/SawamuraEririAndSky.elf.dir/Core/Src/system_stm32f4xx.c.obj
 .debug_abbrev  0x000012db      0x1ef CMakeFiles/SawamuraEririAndSky.elf.dir/Core/Src/tim.c.obj
 .debug_abbrev  0x000014ca       0x12 CMakeFiles/SawamuraEririAndSky.elf.dir/Core/Startup/startup_stm32f429igtx.s.obj
 .debug_abbrev  0x000014dc      0x206 CMakeFiles/SawamuraEririAndSky.elf.dir/Drivers/STM32F4xx_HAL_Driver/Src/stm32f4xx_hal.c.obj
 .debug_abbrev  0x000016e2      0x36a CMakeFiles/SawamuraEririAndSky.elf.dir/Drivers/STM32F4xx_HAL_Driver/Src/stm32f4xx_hal_cortex.c.obj
 .debug_abbrev  0x00001a4c      0x1ef CMakeFiles/SawamuraEririAndSky.elf.dir/Drivers/STM32F4xx_HAL_Driver/Src/stm32f4xx_hal_gpio.c.obj
 .debug_abbrev  0x00001c3b      0x27f CMakeFiles/SawamuraEririAndSky.elf.dir/Drivers/STM32F4xx_HAL_Driver/Src/stm32f4xx_hal_i2c.c.obj
 .debug_abbrev  0x00001eba      0x14f CMakeFiles/SawamuraEririAndSky.elf.dir/Drivers/STM32F4xx_HAL_Driver/Src/stm32f4xx_hal_i2c_ex.c.obj
 .debug_abbrev  0x00002009      0x28a CMakeFiles/SawamuraEririAndSky.elf.dir/Drivers/STM32F4xx_HAL_Driver/Src/stm32f4xx_hal_rcc.c.obj
 .debug_abbrev  0x00002293      0x25b CMakeFiles/SawamuraEririAndSky.elf.dir/Drivers/STM32F4xx_HAL_Driver/Src/stm32f4xx_hal_spi.c.obj
 .debug_abbrev  0x000024ee      0x232 CMakeFiles/SawamuraEririAndSky.elf.dir/Drivers/STM32F4xx_HAL_Driver/Src/stm32f4xx_hal_tim.c.obj
 .debug_abbrev  0x00002720      0x248 CMakeFiles/SawamuraEririAndSky.elf.dir/Drivers/STM32F4xx_HAL_Driver/Src/stm32f4xx_hal_tim_ex.c.obj

.debug_loc      0x00000000    0x107d2
 .debug_loc     0x00000000      0xac4 CMakeFiles/SawamuraEririAndSky.elf.dir/Core/Src/MPU6050.c.obj
 .debug_loc     0x00000ac4      0x157 CMakeFiles/SawamuraEririAndSky.elf.dir/Core/Src/delay.c.obj
 .debug_loc     0x00000c1b       0x67 CMakeFiles/SawamuraEririAndSky.elf.dir/Core/Src/i2c.c.obj
 .debug_loc     0x00000c82     0x13b8 CMakeFiles/SawamuraEririAndSky.elf.dir/Core/Src/lcd.c.obj
 .debug_loc     0x0000203a      0x126 CMakeFiles/SawamuraEririAndSky.elf.dir/Core/Src/lcd_init.c.obj
 .debug_loc     0x00002160       0x91 CMakeFiles/SawamuraEririAndSky.elf.dir/Core/Src/main.c.obj
 .debug_loc     0x000021f1       0x84 CMakeFiles/SawamuraEririAndSky.elf.dir/Core/Src/spi.c.obj
 .debug_loc     0x00002275      0x158 CMakeFiles/SawamuraEririAndSky.elf.dir/Core/Src/system_stm32f4xx.c.obj
 .debug_loc     0x000023cd      0x11a CMakeFiles/SawamuraEririAndSky.elf.dir/Core/Src/tim.c.obj
 .debug_loc     0x000024e7      0x141 CMakeFiles/SawamuraEririAndSky.elf.dir/Drivers/STM32F4xx_HAL_Driver/Src/stm32f4xx_hal.c.obj
 .debug_loc     0x00002628      0x744 CMakeFiles/SawamuraEririAndSky.elf.dir/Drivers/STM32F4xx_HAL_Driver/Src/stm32f4xx_hal_cortex.c.obj
 .debug_loc     0x00002d6c      0x520 CMakeFiles/SawamuraEririAndSky.elf.dir/Drivers/STM32F4xx_HAL_Driver/Src/stm32f4xx_hal_gpio.c.obj
 .debug_loc     0x0000328c     0x41d5 CMakeFiles/SawamuraEririAndSky.elf.dir/Drivers/STM32F4xx_HAL_Driver/Src/stm32f4xx_hal_i2c.c.obj
 .debug_loc     0x00007461       0xfe CMakeFiles/SawamuraEririAndSky.elf.dir/Drivers/STM32F4xx_HAL_Driver/Src/stm32f4xx_hal_i2c_ex.c.obj
 .debug_loc     0x0000755f      0x58c CMakeFiles/SawamuraEririAndSky.elf.dir/Drivers/STM32F4xx_HAL_Driver/Src/stm32f4xx_hal_rcc.c.obj
 .debug_loc     0x00007aeb     0x1f70 CMakeFiles/SawamuraEririAndSky.elf.dir/Drivers/STM32F4xx_HAL_Driver/Src/stm32f4xx_hal_spi.c.obj
 .debug_loc     0x00009a5b     0x50ad CMakeFiles/SawamuraEririAndSky.elf.dir/Drivers/STM32F4xx_HAL_Driver/Src/stm32f4xx_hal_tim.c.obj
 .debug_loc     0x0000eb08     0x1cca CMakeFiles/SawamuraEririAndSky.elf.dir/Drivers/STM32F4xx_HAL_Driver/Src/stm32f4xx_hal_tim_ex.c.obj

.debug_aranges  0x00000000      0xfb8
 .debug_aranges
                0x00000000       0x50 CMakeFiles/SawamuraEririAndSky.elf.dir/Core/Src/MPU6050.c.obj
 .debug_aranges
                0x00000050       0x30 CMakeFiles/SawamuraEririAndSky.elf.dir/Core/Src/delay.c.obj
 .debug_aranges
                0x00000080       0x20 CMakeFiles/SawamuraEririAndSky.elf.dir/Core/Src/gpio.c.obj
 .debug_aranges
                0x000000a0       0x30 CMakeFiles/SawamuraEririAndSky.elf.dir/Core/Src/i2c.c.obj
 .debug_aranges
                0x000000d0       0x90 CMakeFiles/SawamuraEririAndSky.elf.dir/Core/Src/lcd.c.obj
 .debug_aranges
                0x00000160       0x48 CMakeFiles/SawamuraEririAndSky.elf.dir/Core/Src/lcd_init.c.obj
 .debug_aranges
                0x000001a8       0x48 CMakeFiles/SawamuraEririAndSky.elf.dir/Core/Src/main.c.obj
 .debug_aranges
                0x000001f0       0x30 CMakeFiles/SawamuraEririAndSky.elf.dir/Core/Src/spi.c.obj
 .debug_aranges
                0x00000220       0x20 CMakeFiles/SawamuraEririAndSky.elf.dir/Core/Src/stm32f4xx_hal_msp.c.obj
 .debug_aranges
                0x00000240       0x78 CMakeFiles/SawamuraEririAndSky.elf.dir/Core/Src/stm32f4xx_it.c.obj
 .debug_aranges
                0x000002b8       0x28 CMakeFiles/SawamuraEririAndSky.elf.dir/Core/Src/system_stm32f4xx.c.obj
 .debug_aranges
                0x000002e0       0x48 CMakeFiles/SawamuraEririAndSky.elf.dir/Core/Src/tim.c.obj
 .debug_aranges
                0x00000328       0x28 CMakeFiles/SawamuraEririAndSky.elf.dir/Core/Startup/startup_stm32f429igtx.s.obj
 .debug_aranges
                0x00000350      0x100 CMakeFiles/SawamuraEririAndSky.elf.dir/Drivers/STM32F4xx_HAL_Driver/Src/stm32f4xx_hal.c.obj
 .debug_aranges
                0x00000450       0xb0 CMakeFiles/SawamuraEririAndSky.elf.dir/Drivers/STM32F4xx_HAL_Driver/Src/stm32f4xx_hal_cortex.c.obj
 .debug_aranges
                0x00000500       0x58 CMakeFiles/SawamuraEririAndSky.elf.dir/Drivers/STM32F4xx_HAL_Driver/Src/stm32f4xx_hal_gpio.c.obj
 .debug_aranges
                0x00000558      0x2a8 CMakeFiles/SawamuraEririAndSky.elf.dir/Drivers/STM32F4xx_HAL_Driver/Src/stm32f4xx_hal_i2c.c.obj
 .debug_aranges
                0x00000800       0x28 CMakeFiles/SawamuraEririAndSky.elf.dir/Drivers/STM32F4xx_HAL_Driver/Src/stm32f4xx_hal_i2c_ex.c.obj
 .debug_aranges
                0x00000828       0x88 CMakeFiles/SawamuraEririAndSky.elf.dir/Drivers/STM32F4xx_HAL_Driver/Src/stm32f4xx_hal_rcc.c.obj
 .debug_aranges
                0x000008b0      0x1d0 CMakeFiles/SawamuraEririAndSky.elf.dir/Drivers/STM32F4xx_HAL_Driver/Src/stm32f4xx_hal_spi.c.obj
 .debug_aranges
                0x00000a80      0x3d0 CMakeFiles/SawamuraEririAndSky.elf.dir/Drivers/STM32F4xx_HAL_Driver/Src/stm32f4xx_hal_tim.c.obj
 .debug_aranges
                0x00000e50      0x168 CMakeFiles/SawamuraEririAndSky.elf.dir/Drivers/STM32F4xx_HAL_Driver/Src/stm32f4xx_hal_tim_ex.c.obj

.debug_ranges   0x00000000      0xef0
 .debug_ranges  0x00000000       0x40 CMakeFiles/SawamuraEririAndSky.elf.dir/Core/Src/MPU6050.c.obj
 .debug_ranges  0x00000040       0x20 CMakeFiles/SawamuraEririAndSky.elf.dir/Core/Src/delay.c.obj
 .debug_ranges  0x00000060       0x10 CMakeFiles/SawamuraEririAndSky.elf.dir/Core/Src/gpio.c.obj
 .debug_ranges  0x00000070       0x20 CMakeFiles/SawamuraEririAndSky.elf.dir/Core/Src/i2c.c.obj
 .debug_ranges  0x00000090       0x80 CMakeFiles/SawamuraEririAndSky.elf.dir/Core/Src/lcd.c.obj
 .debug_ranges  0x00000110       0x38 CMakeFiles/SawamuraEririAndSky.elf.dir/Core/Src/lcd_init.c.obj
 .debug_ranges  0x00000148       0x38 CMakeFiles/SawamuraEririAndSky.elf.dir/Core/Src/main.c.obj
 .debug_ranges  0x00000180       0x20 CMakeFiles/SawamuraEririAndSky.elf.dir/Core/Src/spi.c.obj
 .debug_ranges  0x000001a0       0x10 CMakeFiles/SawamuraEririAndSky.elf.dir/Core/Src/stm32f4xx_hal_msp.c.obj
 .debug_ranges  0x000001b0       0x68 CMakeFiles/SawamuraEririAndSky.elf.dir/Core/Src/stm32f4xx_it.c.obj
 .debug_ranges  0x00000218       0x18 CMakeFiles/SawamuraEririAndSky.elf.dir/Core/Src/system_stm32f4xx.c.obj
 .debug_ranges  0x00000230       0x38 CMakeFiles/SawamuraEririAndSky.elf.dir/Core/Src/tim.c.obj
 .debug_ranges  0x00000268       0x20 CMakeFiles/SawamuraEririAndSky.elf.dir/Core/Startup/startup_stm32f429igtx.s.obj
 .debug_ranges  0x00000288       0xf0 CMakeFiles/SawamuraEririAndSky.elf.dir/Drivers/STM32F4xx_HAL_Driver/Src/stm32f4xx_hal.c.obj
 .debug_ranges  0x00000378      0x100 CMakeFiles/SawamuraEririAndSky.elf.dir/Drivers/STM32F4xx_HAL_Driver/Src/stm32f4xx_hal_cortex.c.obj
 .debug_ranges  0x00000478       0x48 CMakeFiles/SawamuraEririAndSky.elf.dir/Drivers/STM32F4xx_HAL_Driver/Src/stm32f4xx_hal_gpio.c.obj
 .debug_ranges  0x000004c0      0x2b0 CMakeFiles/SawamuraEririAndSky.elf.dir/Drivers/STM32F4xx_HAL_Driver/Src/stm32f4xx_hal_i2c.c.obj
 .debug_ranges  0x00000770       0x18 CMakeFiles/SawamuraEririAndSky.elf.dir/Drivers/STM32F4xx_HAL_Driver/Src/stm32f4xx_hal_i2c_ex.c.obj
 .debug_ranges  0x00000788       0x90 CMakeFiles/SawamuraEririAndSky.elf.dir/Drivers/STM32F4xx_HAL_Driver/Src/stm32f4xx_hal_rcc.c.obj
 .debug_ranges  0x00000818      0x1c0 CMakeFiles/SawamuraEririAndSky.elf.dir/Drivers/STM32F4xx_HAL_Driver/Src/stm32f4xx_hal_spi.c.obj
 .debug_ranges  0x000009d8      0x3c0 CMakeFiles/SawamuraEririAndSky.elf.dir/Drivers/STM32F4xx_HAL_Driver/Src/stm32f4xx_hal_tim.c.obj
 .debug_ranges  0x00000d98      0x158 CMakeFiles/SawamuraEririAndSky.elf.dir/Drivers/STM32F4xx_HAL_Driver/Src/stm32f4xx_hal_tim_ex.c.obj

.debug_line     0x00000000    0x1461c
 .debug_line    0x00000000      0x8dc CMakeFiles/SawamuraEririAndSky.elf.dir/Core/Src/MPU6050.c.obj
 .debug_line    0x000008dc      0x30c CMakeFiles/SawamuraEririAndSky.elf.dir/Core/Src/delay.c.obj
 .debug_line    0x00000be8      0x2f4 CMakeFiles/SawamuraEririAndSky.elf.dir/Core/Src/gpio.c.obj
 .debug_line    0x00000edc      0x3fc CMakeFiles/SawamuraEririAndSky.elf.dir/Core/Src/i2c.c.obj
 .debug_line    0x000012d8      0xb9b CMakeFiles/SawamuraEririAndSky.elf.dir/Core/Src/lcd.c.obj
 .debug_line    0x00001e73      0x3ca CMakeFiles/SawamuraEririAndSky.elf.dir/Core/Src/lcd_init.c.obj
 .debug_line    0x0000223d      0x5fd CMakeFiles/SawamuraEririAndSky.elf.dir/Core/Src/main.c.obj
 .debug_line    0x0000283a      0x417 CMakeFiles/SawamuraEririAndSky.elf.dir/Core/Src/spi.c.obj
 .debug_line    0x00002c51      0x1df CMakeFiles/SawamuraEririAndSky.elf.dir/Core/Src/stm32f4xx_hal_msp.c.obj
 .debug_line    0x00002e30      0x3dc CMakeFiles/SawamuraEririAndSky.elf.dir/Core/Src/stm32f4xx_it.c.obj
 .debug_line    0x0000320c      0x2a7 CMakeFiles/SawamuraEririAndSky.elf.dir/Core/Src/system_stm32f4xx.c.obj
 .debug_line    0x000034b3      0x61a CMakeFiles/SawamuraEririAndSky.elf.dir/Core/Src/tim.c.obj
 .debug_line    0x00003acd       0xc1 CMakeFiles/SawamuraEririAndSky.elf.dir/Core/Startup/startup_stm32f429igtx.s.obj
 .debug_line    0x00003b8e      0x699 CMakeFiles/SawamuraEririAndSky.elf.dir/Drivers/STM32F4xx_HAL_Driver/Src/stm32f4xx_hal.c.obj
 .debug_line    0x00004227      0x88d CMakeFiles/SawamuraEririAndSky.elf.dir/Drivers/STM32F4xx_HAL_Driver/Src/stm32f4xx_hal_cortex.c.obj
 .debug_line    0x00004ab4      0x7b6 CMakeFiles/SawamuraEririAndSky.elf.dir/Drivers/STM32F4xx_HAL_Driver/Src/stm32f4xx_hal_gpio.c.obj
 .debug_line    0x0000526a     0x5533 CMakeFiles/SawamuraEririAndSky.elf.dir/Drivers/STM32F4xx_HAL_Driver/Src/stm32f4xx_hal_i2c.c.obj
 .debug_line    0x0000a79d      0x33d CMakeFiles/SawamuraEririAndSky.elf.dir/Drivers/STM32F4xx_HAL_Driver/Src/stm32f4xx_hal_i2c_ex.c.obj
 .debug_line    0x0000aada      0xbcf CMakeFiles/SawamuraEririAndSky.elf.dir/Drivers/STM32F4xx_HAL_Driver/Src/stm32f4xx_hal_rcc.c.obj
 .debug_line    0x0000b6a9     0x266a CMakeFiles/SawamuraEririAndSky.elf.dir/Drivers/STM32F4xx_HAL_Driver/Src/stm32f4xx_hal_spi.c.obj
 .debug_line    0x0000dd13     0x4b99 CMakeFiles/SawamuraEririAndSky.elf.dir/Drivers/STM32F4xx_HAL_Driver/Src/stm32f4xx_hal_tim.c.obj
 .debug_line    0x000128ac     0x1d70 CMakeFiles/SawamuraEririAndSky.elf.dir/Drivers/STM32F4xx_HAL_Driver/Src/stm32f4xx_hal_tim_ex.c.obj

.debug_str      0x00000000     0x4ef9
 .debug_str     0x00000000      0x92a CMakeFiles/SawamuraEririAndSky.elf.dir/Core/Src/MPU6050.c.obj
                                0x9ee (size before relaxing)
 .debug_str     0x0000092a       0xc6 CMakeFiles/SawamuraEririAndSky.elf.dir/Core/Src/delay.c.obj
                                0x2aa (size before relaxing)
 .debug_str     0x000009f0      0x782 CMakeFiles/SawamuraEririAndSky.elf.dir/Core/Src/gpio.c.obj
                                0x95d (size before relaxing)
 .debug_str     0x00001172      0x116 CMakeFiles/SawamuraEririAndSky.elf.dir/Core/Src/i2c.c.obj
                                0x94f (size before relaxing)
 .debug_str     0x00001288      0x218 CMakeFiles/SawamuraEririAndSky.elf.dir/Core/Src/lcd.c.obj
                                0x43b (size before relaxing)
 .debug_str     0x000014a0      0x239 CMakeFiles/SawamuraEririAndSky.elf.dir/Core/Src/lcd_init.c.obj
                                0x728 (size before relaxing)
 .debug_str     0x000016d9      0x5a0 CMakeFiles/SawamuraEririAndSky.elf.dir/Core/Src/main.c.obj
                                0xf36 (size before relaxing)
 .debug_str     0x00001c79       0x84 CMakeFiles/SawamuraEririAndSky.elf.dir/Core/Src/spi.c.obj
                                0x86c (size before relaxing)
 .debug_str     0x00001cfd       0x65 CMakeFiles/SawamuraEririAndSky.elf.dir/Core/Src/stm32f4xx_hal_msp.c.obj
                                0x332 (size before relaxing)
 .debug_str     0x00001d62      0x14f CMakeFiles/SawamuraEririAndSky.elf.dir/Core/Src/stm32f4xx_it.c.obj
                                0x847 (size before relaxing)
 .debug_str     0x00001eb1       0xc0 CMakeFiles/SawamuraEririAndSky.elf.dir/Core/Src/system_stm32f4xx.c.obj
                                0x398 (size before relaxing)
 .debug_str     0x00001f71      0x237 CMakeFiles/SawamuraEririAndSky.elf.dir/Core/Src/tim.c.obj
                               0x10b4 (size before relaxing)
 .debug_str     0x000021a8       0x6f CMakeFiles/SawamuraEririAndSky.elf.dir/Core/Startup/startup_stm32f429igtx.s.obj
                                 0xbd (size before relaxing)
 .debug_str     0x00002217      0x3a4 CMakeFiles/SawamuraEririAndSky.elf.dir/Drivers/STM32F4xx_HAL_Driver/Src/stm32f4xx_hal.c.obj
                                0xc70 (size before relaxing)
 .debug_str     0x000025bb      0x4af CMakeFiles/SawamuraEririAndSky.elf.dir/Drivers/STM32F4xx_HAL_Driver/Src/stm32f4xx_hal_cortex.c.obj
                                0xd0b (size before relaxing)
 .debug_str     0x00002a6a       0xfc CMakeFiles/SawamuraEririAndSky.elf.dir/Drivers/STM32F4xx_HAL_Driver/Src/stm32f4xx_hal_gpio.c.obj
                                0x557 (size before relaxing)
 .debug_str     0x00002b66      0x916 CMakeFiles/SawamuraEririAndSky.elf.dir/Drivers/STM32F4xx_HAL_Driver/Src/stm32f4xx_hal_i2c.c.obj
                               0x10a6 (size before relaxing)
 .debug_str     0x0000347c       0x74 CMakeFiles/SawamuraEririAndSky.elf.dir/Drivers/STM32F4xx_HAL_Driver/Src/stm32f4xx_hal_i2c_ex.c.obj
                                0x7bb (size before relaxing)
 .debug_str     0x000034f0      0x1bd CMakeFiles/SawamuraEririAndSky.elf.dir/Drivers/STM32F4xx_HAL_Driver/Src/stm32f4xx_hal_rcc.c.obj
                                0x77d (size before relaxing)
 .debug_str     0x000036ad      0x54e CMakeFiles/SawamuraEririAndSky.elf.dir/Drivers/STM32F4xx_HAL_Driver/Src/stm32f4xx_hal_spi.c.obj
                                0xc5e (size before relaxing)
 .debug_str     0x00003bfb      0xda1 CMakeFiles/SawamuraEririAndSky.elf.dir/Drivers/STM32F4xx_HAL_Driver/Src/stm32f4xx_hal_tim.c.obj
                               0x172d (size before relaxing)
 .debug_str     0x0000499c      0x55d CMakeFiles/SawamuraEririAndSky.elf.dir/Drivers/STM32F4xx_HAL_Driver/Src/stm32f4xx_hal_tim_ex.c.obj
                                0xf1e (size before relaxing)

.comment        0x00000000       0x49
 .comment       0x00000000       0x49 CMakeFiles/SawamuraEririAndSky.elf.dir/Core/Src/MPU6050.c.obj
                                 0x4a (size before relaxing)
 .comment       0x00000049       0x4a CMakeFiles/SawamuraEririAndSky.elf.dir/Core/Src/delay.c.obj
 .comment       0x00000049       0x4a CMakeFiles/SawamuraEririAndSky.elf.dir/Core/Src/gpio.c.obj
 .comment       0x00000049       0x4a CMakeFiles/SawamuraEririAndSky.elf.dir/Core/Src/i2c.c.obj
 .comment       0x00000049       0x4a CMakeFiles/SawamuraEririAndSky.elf.dir/Core/Src/lcd.c.obj
 .comment       0x00000049       0x4a CMakeFiles/SawamuraEririAndSky.elf.dir/Core/Src/lcd_init.c.obj
 .comment       0x00000049       0x4a CMakeFiles/SawamuraEririAndSky.elf.dir/Core/Src/main.c.obj
 .comment       0x00000049       0x4a CMakeFiles/SawamuraEririAndSky.elf.dir/Core/Src/spi.c.obj
 .comment       0x00000049       0x4a CMakeFiles/SawamuraEririAndSky.elf.dir/Core/Src/stm32f4xx_hal_msp.c.obj
 .comment       0x00000049       0x4a CMakeFiles/SawamuraEririAndSky.elf.dir/Core/Src/stm32f4xx_it.c.obj
 .comment       0x00000049       0x4a CMakeFiles/SawamuraEririAndSky.elf.dir/Core/Src/system_stm32f4xx.c.obj
 .comment       0x00000049       0x4a CMakeFiles/SawamuraEririAndSky.elf.dir/Core/Src/tim.c.obj
 .comment       0x00000049       0x4a CMakeFiles/SawamuraEririAndSky.elf.dir/Drivers/STM32F4xx_HAL_Driver/Src/stm32f4xx_hal.c.obj
 .comment       0x00000049       0x4a CMakeFiles/SawamuraEririAndSky.elf.dir/Drivers/STM32F4xx_HAL_Driver/Src/stm32f4xx_hal_cortex.c.obj
 .comment       0x00000049       0x4a CMakeFiles/SawamuraEririAndSky.elf.dir/Drivers/STM32F4xx_HAL_Driver/Src/stm32f4xx_hal_gpio.c.obj
 .comment       0x00000049       0x4a CMakeFiles/SawamuraEririAndSky.elf.dir/Drivers/STM32F4xx_HAL_Driver/Src/stm32f4xx_hal_i2c.c.obj
 .comment       0x00000049       0x4a CMakeFiles/SawamuraEririAndSky.elf.dir/Drivers/STM32F4xx_HAL_Driver/Src/stm32f4xx_hal_i2c_ex.c.obj
 .comment       0x00000049       0x4a CMakeFiles/SawamuraEririAndSky.elf.dir/Drivers/STM32F4xx_HAL_Driver/Src/stm32f4xx_hal_rcc.c.obj
 .comment       0x00000049       0x4a CMakeFiles/SawamuraEririAndSky.elf.dir/Drivers/STM32F4xx_HAL_Driver/Src/stm32f4xx_hal_spi.c.obj
 .comment       0x00000049       0x4a CMakeFiles/SawamuraEririAndSky.elf.dir/Drivers/STM32F4xx_HAL_Driver/Src/stm32f4xx_hal_tim.c.obj
 .comment       0x00000049       0x4a CMakeFiles/SawamuraEririAndSky.elf.dir/Drivers/STM32F4xx_HAL_Driver/Src/stm32f4xx_hal_tim_ex.c.obj

.debug_frame    0x00000000     0x3274
 .debug_frame   0x00000000      0x140 CMakeFiles/SawamuraEririAndSky.elf.dir/Core/Src/MPU6050.c.obj
 .debug_frame   0x00000140       0x60 CMakeFiles/SawamuraEririAndSky.elf.dir/Core/Src/delay.c.obj
 .debug_frame   0x000001a0       0x38 CMakeFiles/SawamuraEririAndSky.elf.dir/Core/Src/gpio.c.obj
 .debug_frame   0x000001d8       0x64 CMakeFiles/SawamuraEririAndSky.elf.dir/Core/Src/i2c.c.obj
 .debug_frame   0x0000023c      0x260 CMakeFiles/SawamuraEririAndSky.elf.dir/Core/Src/lcd.c.obj
 .debug_frame   0x0000049c       0xb0 CMakeFiles/SawamuraEririAndSky.elf.dir/Core/Src/lcd_init.c.obj
 .debug_frame   0x0000054c       0x94 CMakeFiles/SawamuraEririAndSky.elf.dir/Core/Src/main.c.obj
 .debug_frame   0x000005e0       0x68 CMakeFiles/SawamuraEririAndSky.elf.dir/Core/Src/spi.c.obj
 .debug_frame   0x00000648       0x28 CMakeFiles/SawamuraEririAndSky.elf.dir/Core/Src/stm32f4xx_hal_msp.c.obj
 .debug_frame   0x00000670       0xf0 CMakeFiles/SawamuraEririAndSky.elf.dir/Core/Src/stm32f4xx_it.c.obj
 .debug_frame   0x00000760       0x30 CMakeFiles/SawamuraEririAndSky.elf.dir/Core/Src/system_stm32f4xx.c.obj
 .debug_frame   0x00000790       0xc8 CMakeFiles/SawamuraEririAndSky.elf.dir/Core/Src/tim.c.obj
 .debug_frame   0x00000858      0x20c CMakeFiles/SawamuraEririAndSky.elf.dir/Drivers/STM32F4xx_HAL_Driver/Src/stm32f4xx_hal.c.obj
 .debug_frame   0x00000a64      0x158 CMakeFiles/SawamuraEririAndSky.elf.dir/Drivers/STM32F4xx_HAL_Driver/Src/stm32f4xx_hal_cortex.c.obj
 .debug_frame   0x00000bbc       0xd8 CMakeFiles/SawamuraEririAndSky.elf.dir/Drivers/STM32F4xx_HAL_Driver/Src/stm32f4xx_hal_gpio.c.obj
 .debug_frame   0x00000c94      0x988 CMakeFiles/SawamuraEririAndSky.elf.dir/Drivers/STM32F4xx_HAL_Driver/Src/stm32f4xx_hal_i2c.c.obj
 .debug_frame   0x0000161c       0x30 CMakeFiles/SawamuraEririAndSky.elf.dir/Drivers/STM32F4xx_HAL_Driver/Src/stm32f4xx_hal_i2c_ex.c.obj
 .debug_frame   0x0000164c      0x16c CMakeFiles/SawamuraEririAndSky.elf.dir/Drivers/STM32F4xx_HAL_Driver/Src/stm32f4xx_hal_rcc.c.obj
 .debug_frame   0x000017b8      0x5c8 CMakeFiles/SawamuraEririAndSky.elf.dir/Drivers/STM32F4xx_HAL_Driver/Src/stm32f4xx_hal_spi.c.obj
 .debug_frame   0x00001d80      0xb08 CMakeFiles/SawamuraEririAndSky.elf.dir/Drivers/STM32F4xx_HAL_Driver/Src/stm32f4xx_hal_tim.c.obj
 .debug_frame   0x00002888      0x40c CMakeFiles/SawamuraEririAndSky.elf.dir/Drivers/STM32F4xx_HAL_Driver/Src/stm32f4xx_hal_tim_ex.c.obj
 .debug_frame   0x00002c94       0xac d:/gnu_tools_arm_embedded/gcc-arm-none-eabi-10.3-2021.10/bin/../lib/gcc/arm-none-eabi/10.3.1/thumb/v7e-m/nofp\libgcc.a(_arm_addsubdf3.o)
 .debug_frame   0x00002d40       0x50 d:/gnu_tools_arm_embedded/gcc-arm-none-eabi-10.3-2021.10/bin/../lib/gcc/arm-none-eabi/10.3.1/thumb/v7e-m/nofp\libgcc.a(_arm_muldivdf3.o)
 .debug_frame   0x00002d90       0x24 d:/gnu_tools_arm_embedded/gcc-arm-none-eabi-10.3-2021.10/bin/../lib/gcc/arm-none-eabi/10.3.1/thumb/v7e-m/nofp\libgcc.a(_arm_truncdfsf2.o)
 .debug_frame   0x00002db4       0x4c d:/gnu_tools_arm_embedded/gcc-arm-none-eabi-10.3-2021.10/bin/../lib/gcc/arm-none-eabi/10.3.1/thumb/v7e-m/nofp\libgcc.a(_arm_addsubsf3.o)
 .debug_frame   0x00002e00       0x38 d:/gnu_tools_arm_embedded/gcc-arm-none-eabi-10.3-2021.10/bin/../lib/gcc/arm-none-eabi/10.3.1/thumb/v7e-m/nofp\libgcc.a(_arm_muldivsf3.o)
 .debug_frame   0x00002e38       0xc8 d:/gnu_tools_arm_embedded/gcc-arm-none-eabi-10.3-2021.10/bin/../lib/gcc/arm-none-eabi/10.3.1/thumb/v7e-m/nofp\libgcc.a(_arm_cmpsf2.o)
 .debug_frame   0x00002f00       0x24 d:/gnu_tools_arm_embedded/gcc-arm-none-eabi-10.3-2021.10/bin/../lib/gcc/arm-none-eabi/10.3.1/thumb/v7e-m/nofp\libgcc.a(_arm_fixunssfsi.o)
 .debug_frame   0x00002f24       0x2c d:/gnu_tools_arm_embedded/gcc-arm-none-eabi-10.3-2021.10/bin/../lib/gcc/arm-none-eabi/10.3.1/thumb/v7e-m/nofp\libgcc.a(_aeabi_uldivmod.o)
 .debug_frame   0x00002f50       0x34 d:/gnu_tools_arm_embedded/gcc-arm-none-eabi-10.3-2021.10/bin/../lib/gcc/arm-none-eabi/10.3.1/thumb/v7e-m/nofp\libgcc.a(_udivmoddi4.o)
 .debug_frame   0x00002f84       0x20 d:/gnu_tools_arm_embedded/gcc-arm-none-eabi-10.3-2021.10/bin/../lib/gcc/arm-none-eabi/10.3.1/../../../../arm-none-eabi/lib/thumb/v7e-m/nofp\libg.a(lib_a-errno.o)
 .debug_frame   0x00002fa4       0x2c d:/gnu_tools_arm_embedded/gcc-arm-none-eabi-10.3-2021.10/bin/../lib/gcc/arm-none-eabi/10.3.1/../../../../arm-none-eabi/lib/thumb/v7e-m/nofp\libg.a(lib_a-init.o)
 .debug_frame   0x00002fd0       0x2c d:/gnu_tools_arm_embedded/gcc-arm-none-eabi-10.3-2021.10/bin/../lib/gcc/arm-none-eabi/10.3.1/../../../../arm-none-eabi/lib/thumb/v7e-m/nofp\libg.a(lib_a-memset.o)
 .debug_frame   0x00002ffc       0x5c d:/gnu_tools_arm_embedded/gcc-arm-none-eabi-10.3-2021.10/bin/../lib/gcc/arm-none-eabi/10.3.1/../../../../arm-none-eabi/lib/thumb/v7e-m/nofp\libg.a(lib_a-__call_atexit.o)
 .debug_frame   0x00003058       0x20 d:/gnu_tools_arm_embedded/gcc-arm-none-eabi-10.3-2021.10/bin/../lib/gcc/arm-none-eabi/10.3.1/../../../../arm-none-eabi/lib/thumb/v7e-m/nofp\libg.a(lib_a-atexit.o)
 .debug_frame   0x00003078       0x34 d:/gnu_tools_arm_embedded/gcc-arm-none-eabi-10.3-2021.10/bin/../lib/gcc/arm-none-eabi/10.3.1/../../../../arm-none-eabi/lib/thumb/v7e-m/nofp\libg.a(lib_a-fini.o)
 .debug_frame   0x000030ac       0xb0 d:/gnu_tools_arm_embedded/gcc-arm-none-eabi-10.3-2021.10/bin/../lib/gcc/arm-none-eabi/10.3.1/../../../../arm-none-eabi/lib/thumb/v7e-m/nofp\libg.a(lib_a-lock.o)
 .debug_frame   0x0000315c       0x34 d:/gnu_tools_arm_embedded/gcc-arm-none-eabi-10.3-2021.10/bin/../lib/gcc/arm-none-eabi/10.3.1/../../../../arm-none-eabi/lib/thumb/v7e-m/nofp\libg.a(lib_a-__atexit.o)
 .debug_frame   0x00003190       0xc4 d:/gnu_tools_arm_embedded/gcc-arm-none-eabi-10.3-2021.10/bin/../lib/gcc/arm-none-eabi/10.3.1/thumb/v7e-m/nofp\libgcc.a(_arm_cmpdf2.o)
 .debug_frame   0x00003254       0x20 d:/gnu_tools_arm_embedded/gcc-arm-none-eabi-10.3-2021.10/bin/../lib/gcc/arm-none-eabi/10.3.1/thumb/v7e-m/nofp\libgcc.a(_arm_unorddf2.o)